01-21 17:09:26.778  3790  3790 E NativeLibraryHelper: Failed to load assets verifier: 0
01-21 17:09:26.783  3790  3790 E NativeLibraryHelper: Failed to load assets verifier: 0
01-21 17:09:26.790  3790  3790 E NativeLibraryHelper: Failed to load assets verifier: 0
01-21 17:09:26.798  3790  3790 E NativeLibraryHelper: Failed to load assets verifier: 0
01-21 17:09:26.810  3790  3790 W PackageParser: No actions in intent filter at /system/priv-app/Contacts/Contacts.apk Binary XML file line #388
01-21 17:09:26.816  3790  3790 E NativeLibraryHelper: Failed to load assets verifier: 0
01-21 17:09:26.826  3790  3790 E NativeLibraryHelper: Failed to load assets verifier: 0
01-21 17:09:26.832  3790  3790 E NativeLibraryHelper: Failed to load assets verifier: 0
01-21 17:09:26.842  3790  3790 W PackageParser: No actions in intent filter at /system/priv-app/Dialer/Dialer.apk Binary XML file line #175
01-21 17:09:26.848  3790  3790 E NativeLibraryHelper: Failed to load assets verifier: 0
01-21 17:09:26.858  3790  3790 E NativeLibraryHelper: Failed to load assets verifier: 0
01-21 17:09:26.859  3790  3790 W PackageManager: Permission android.permission.DOWNLOAD_WITHOUT_NOTIFICATION from package com.android.providers.downloads in an unknown group android.permission-group.NETWORK
01-21 17:09:26.863  3790  3790 E NativeLibraryHelper: Failed to load assets verifier: 0
01-21 17:09:26.870  3790  3790 E NativeLibraryHelper: Failed to load assets verifier: 0
01-21 17:09:26.876  3790  3790 E NativeLibraryHelper: Failed to load assets verifier: 0
01-21 17:09:26.883  3790  3790 E NativeLibraryHelper: Failed to load assets verifier: 0
01-21 17:09:26.892  3790  3790 E NativeLibraryHelper: Failed to load assets verifier: 0
01-21 17:09:26.899  3790  3790 E NativeLibraryHelper: Failed to load assets verifier: 0
01-21 17:09:26.913  3790  3790 E NativeLibraryHelper: Failed to load assets verifier: 0
01-21 17:09:26.919  3790  3790 E NativeLibraryHelper: Failed to load assets verifier: 0
01-21 17:09:26.926  3790  3790 E NativeLibraryHelper: Failed to load assets verifier: 0
01-21 17:09:26.931  3790  3790 E NativeLibraryHelper: Failed to load assets verifier: 0
01-21 17:09:26.942  3790  3790 E NativeLibraryHelper: Failed to load assets verifier: 0
01-21 17:09:26.947  3790  3790 E NativeLibraryHelper: Failed to load assets verifier: 0
01-21 17:09:26.952  3790  3790 E NativeLibraryHelper: Failed to load assets verifier: 0
01-21 17:09:26.957  3790  3790 E NativeLibraryHelper: Failed to load assets verifier: 0
01-21 17:09:26.962  3790  3790 E NativeLibraryHelper: Failed to load assets verifier: 0
01-21 17:09:26.969  3790  3790 E NativeLibraryHelper: Failed to load assets verifier: 0
01-21 17:09:26.973  3790  3790 E NativeLibraryHelper: Failed to load assets verifier: 0
01-21 17:09:26.975  3426  3426 V NatController: runCmd(/system/bin/iptables -w -F natctrl_FORWARD) res=0
01-21 17:09:26.978  3427  3427 I ServiceManager: Waiting for service media.camera.proxy...
01-21 17:09:26.979  3790  3790 E NativeLibraryHelper: Failed to load assets verifier: 0
01-21 17:09:26.983  3790  3790 E NativeLibraryHelper: Failed to load assets verifier: 0
01-21 17:09:26.989  3426  3426 V NatController: runCmd(/system/bin/iptables -w -A natctrl_FORWARD -j DROP) res=0
01-21 17:09:26.990  3790  3790 E NativeLibraryHelper: Failed to load assets verifier: 0
01-21 17:09:26.997  3790  3790 E NativeLibraryHelper: Failed to load assets verifier: 0
01-21 17:09:27.003  3426  3426 V NatController: runCmd(/system/bin/iptables -w -t nat -F natctrl_nat_POSTROUTING) res=0
01-21 17:09:27.018  3426  3426 V NatController: runCmd(/system/bin/iptables -w -F natctrl_tether_counters) res=0
01-21 17:09:27.025  3790  3790 E NativeLibraryHelper: Failed to load assets verifier: 0
01-21 17:09:27.032  3790  3790 E NativeLibraryHelper: Failed to load assets verifier: 0
01-21 17:09:27.033  3426  3426 V NatController: runCmd(/system/bin/iptables -w -X natctrl_tether_counters) res=0
01-21 17:09:27.039  3790  3790 E NativeLibraryHelper: Failed to load assets verifier: 0
01-21 17:09:27.048  3790  3790 E NativeLibraryHelper: Failed to load assets verifier: 0
01-21 17:09:27.055  3426  3426 V NatController: runCmd(/system/bin/iptables -w -N natctrl_tether_counters) res=0
01-21 17:09:27.055  3790  3790 W PackageParser: Ignoring duplicate uses-permissions/uses-permissions-sdk-m: android.permission.CONFIGURE_WIFI_DISPLAY in package: com.rokid.systemui at: Binary XML file line #72
01-21 17:09:27.059  3790  3790 E NativeLibraryHelper: Failed to load assets verifier: 0
01-21 17:09:27.064  3790  3790 W PackageParser: Ignoring duplicate uses-permissions/uses-permissions-sdk-m: android.permission.WRITE_EXTERNAL_STORAGE in package: com.rokid.service.rktts at: Binary XML file line #13
01-21 17:09:27.066  3790  3790 E NativeLibraryHelper: Failed to load assets verifier: 0
01-21 17:09:27.069  3426  3426 V NatController: runCmd(/system/bin/iptables -w -t mangle -A natctrl_mangle_FORWARD -p tcp --tcp-flags SYN SYN -j TCPMSS --clamp-mss-to-pmtu) res=1
01-21 17:09:27.069  3790  3790 W PackageParser: Ignoring duplicate uses-permissions/uses-permissions-sdk-m: android.permission.MODIFY_AUDIO_SETTINGS in package: com.rokid.server.rkupdate at: Binary XML file line #20
01-21 17:09:27.071  3790  3790 E NativeLibraryHelper: Failed to load assets verifier: 0
01-21 17:09:27.077  3790  3790 E NativeLibraryHelper: Failed to load assets verifier: 0
01-21 17:09:27.083  3790  3790 E NativeLibraryHelper: Failed to load assets verifier: 0
01-21 17:09:27.086  3790  3790 W PackageParser: Ignoring duplicate uses-permissions/uses-permissions-sdk-m: android.permission.MODIFY_AUDIO_SETTINGS in package: com.rokid.service.rokidstore at: Binary XML file line #21
01-21 17:09:27.088  3790  3790 E NativeLibraryHelper: Failed to load assets verifier: 0
01-21 17:09:27.102  3790  3790 W PackageParser: Ignoring duplicate uses-permissions/uses-permissions-sdk-m: android.permission.USE_CREDENTIALS in package: com.android.settings at: Binary XML file line #55
01-21 17:09:27.102  3790  3790 W PackageParser: Ignoring duplicate uses-permissions/uses-permissions-sdk-m: android.permission.READ_SYNC_SETTINGS in package: com.android.settings at: Binary XML file line #60
01-21 17:09:27.102  3790  3790 W PackageParser: Ignoring duplicate uses-permissions/uses-permissions-sdk-m: android.permission.WRITE_SYNC_SETTINGS in package: com.android.settings at: Binary XML file line #61
01-21 17:09:27.113   455  1043 I RKUPL_r2audio: ----------4280.293457
01-21 17:09:27.143  3790  3790 E NativeLibraryHelper: Failed to load assets verifier: 0
01-21 17:09:27.152  3790  3790 E NativeLibraryHelper: Failed to load assets verifier: 0
01-21 17:09:27.156  3790  3790 E NativeLibraryHelper: Failed to load assets verifier: 0
01-21 17:09:27.162  3790  3790 W PackageParser: Ignoring duplicate uses-permissions/uses-permissions-sdk-m: android.permission.INSTALL_GRANT_RUNTIME_PERMISSIONS in package: com.android.shell at: Binary XML file line #101
01-21 17:09:27.166  3790  3790 E NativeLibraryHelper: Failed to load assets verifier: 0
01-21 17:09:27.173  3790  3790 E NativeLibraryHelper: Failed to load assets verifier: 0
01-21 17:09:27.178  3790  3790 E NativeLibraryHelper: Failed to load assets verifier: 0
01-21 17:09:27.197  3790  3790 E NativeLibraryHelper: Failed to load assets verifier: 0
01-21 17:09:27.208  3790  3790 E NativeLibraryHelper: Failed to load assets verifier: 0
01-21 17:09:27.216  3790  3790 E NativeLibraryHelper: Failed to load assets verifier: 0
01-21 17:09:27.223  3790  3790 E NativeLibraryHelper: Failed to load assets verifier: 0
01-21 17:09:27.228  3790  3790 E NativeLibraryHelper: Failed to load assets verifier: 0
01-21 17:09:27.234  3790  3790 E NativeLibraryHelper: Failed to load assets verifier: 0
01-21 17:09:27.239  3790  3790 E NativeLibraryHelper: Failed to load assets verifier: 0
01-21 17:09:27.247  3790  3790 E NativeLibraryHelper: Failed to load assets verifier: 0
01-21 17:09:27.254  3790  3790 E NativeLibraryHelper: Failed to load assets verifier: 0
01-21 17:09:27.258  3790  3790 W PackageParser: No actions in intent filter at /system/app/BTTestApp/BTTestApp.apk Binary XML file line #67
01-21 17:09:27.261  3790  3790 E NativeLibraryHelper: Failed to load assets verifier: 0
01-21 17:09:27.267  3790  3790 E NativeLibraryHelper: Failed to load assets verifier: 0
01-21 17:09:27.273  3790  3790 W PackageParser: Ignoring duplicate uses-permissions/uses-permissions-sdk-m: android.permission.READ_CONTACTS in package: com.android.bluetooth at: Binary XML file line #64
01-21 17:09:27.276  3790  3790 W PackageParser: No actions in intent filter at /system/app/Bluetooth/Bluetooth.apk Binary XML file line #235
01-21 17:09:27.281  3790  3790 E NativeLibraryHelper: Failed to load assets verifier: 0
01-21 17:09:27.287  3790  3790 W PackageParser: Unknown element under <application>: uses-feature at /system/app/BluetoothExt/BluetoothExt.apk Binary XML file line #57
01-21 17:09:27.287  3790  3790 W PackageParser: No actions in intent filter at /system/app/BluetoothExt/BluetoothExt.apk Binary XML file line #137
01-21 17:09:27.287  3790  3790 W PackageParser: No actions in intent filter at /system/app/BluetoothExt/BluetoothExt.apk Binary XML file line #161
01-21 17:09:27.289  3790  3790 E NativeLibraryHelper: Failed to load assets verifier: 0
01-21 17:09:27.295  3790  3790 E NativeLibraryHelper: Failed to load assets verifier: 0
01-21 17:09:27.307  3790  3790 E NativeLibraryHelper: Failed to load assets verifier: 0
01-21 17:09:27.313  3790  3790 E NativeLibraryHelper: Failed to load assets verifier: 0
01-21 17:09:27.318  3790  3790 E NativeLibraryHelper: Failed to load assets verifier: 0
01-21 17:09:27.331  3790  3790 E NativeLibraryHelper: Failed to load assets verifier: 0
01-21 17:09:27.343  3790  3790 E NativeLibraryHelper: Failed to load assets verifier: 0
01-21 17:09:27.350  3790  3790 E NativeLibraryHelper: Failed to load assets verifier: 0
01-21 17:09:27.355  3790  3790 E NativeLibraryHelper: Failed to load assets verifier: 0
01-21 17:09:27.363  3790  3790 E NativeLibraryHelper: Failed to load assets verifier: 0
01-21 17:09:27.379  3790  3790 E NativeLibraryHelper: Failed to load assets verifier: 0
01-21 17:09:27.388  3790  3790 E NativeLibraryHelper: Failed to load assets verifier: 0
01-21 17:09:27.397  3790  3790 E NativeLibraryHelper: Failed to load assets verifier: 0
01-21 17:09:27.405  3790  3790 W PackageParser: Ignoring duplicate uses-permissions/uses-permissions-sdk-m: android.permission.WRITE_CONTACTS in package: com.android.email at: Binary XML file line #40
01-21 17:09:27.418  3790  3790 E NativeLibraryHelper: Failed to load assets verifier: 0
01-21 17:09:27.424  3790  3790 E NativeLibraryHelper: Failed to load assets verifier: 0
01-21 17:09:27.431  3790  3790 E NativeLibraryHelper: Failed to load assets verifier: 0
01-21 17:09:27.441  3790  3790 E NativeLibraryHelper: Failed to load assets verifier: 0
01-21 17:09:27.451  3790  3790 E NativeLibraryHelper: Failed to load assets verifier: 0
01-21 17:09:27.458  3790  3790 E NativeLibraryHelper: Failed to load assets verifier: 0
01-21 17:09:27.465  3790  3790 E NativeLibraryHelper: Failed to load assets verifier: 0
01-21 17:09:27.475  3790  3790 W PackageParser: Unknown element under <application>: permission at /system/app/Gallery2/Gallery2.apk Binary XML file line #245
01-21 17:09:27.475  3790  3790 W PackageParser: Unknown element under <application>: permission at /system/app/Gallery2/Gallery2.apk Binary XML file line #248
01-21 17:09:27.481  3790  3790 E NativeLibraryHelper: Failed to load assets verifier: 0
01-21 17:09:27.488  3790  3790 E NativeLibraryHelper: Failed to load assets verifier: 0
01-21 17:09:27.493  3790  3790 E NativeLibraryHelper: Failed to load assets verifier: 0
01-21 17:09:27.500  3790  3790 E NativeLibraryHelper: Failed to load assets verifier: 0
01-21 17:09:27.507  3790  3790 E NativeLibraryHelper: Failed to load assets verifier: 0
01-21 17:09:27.521  3790  3790 E NativeLibraryHelper: Failed to load assets verifier: 0
01-21 17:09:27.530  3790  3790 E NativeLibraryHelper: Failed to load assets verifier: 0
01-21 17:09:27.540  3790  3790 E NativeLibraryHelper: Failed to load assets verifier: 0
01-21 17:09:27.548  3790  3790 E NativeLibraryHelper: Failed to load assets verifier: 0
01-21 17:09:27.555  3790  3790 E NativeLibraryHelper: Failed to load assets verifier: 0
01-21 17:09:27.566  3790  3790 E NativeLibraryHelper: Failed to load assets verifier: 0
01-21 17:09:27.573  3790  3790 E NativeLibraryHelper: Failed to load assets verifier: 0
01-21 17:09:27.580  3790  3790 E NativeLibraryHelper: Failed to load assets verifier: 0
01-21 17:09:27.590  3790  3790 E NativeLibraryHelper: Failed to load assets verifier: 0
01-21 17:09:27.598  3790  3790 E NativeLibraryHelper: Failed to load assets verifier: 0
01-21 17:09:27.605  3790  3790 E NativeLibraryHelper: Failed to load assets verifier: 0
01-21 17:09:27.610  3790  3790 E NativeLibraryHelper: Failed to load assets verifier: 0
01-21 17:09:27.618  3790  3790 E NativeLibraryHelper: Failed to load assets verifier: 0
01-21 17:09:27.626  3790  3790 E NativeLibraryHelper: Failed to load assets verifier: 0
01-21 17:09:27.632  3790  3790 E NativeLibraryHelper: Failed to load assets verifier: 0
01-21 17:09:27.638  3790  3790 E NativeLibraryHelper: Failed to load assets verifier: 0
01-21 17:09:27.647  3790  3790 E NativeLibraryHelper: Failed to load assets verifier: 0
01-21 17:09:27.656  3790  3790 E NativeLibraryHelper: Failed to load assets verifier: 0
01-21 17:09:27.661  3790  3790 E NativeLibraryHelper: Failed to load assets verifier: 0
01-21 17:09:27.666  3790  3790 E NativeLibraryHelper: Failed to load assets verifier: 0
01-21 17:09:27.671  3790  3790 E NativeLibraryHelper: Failed to load assets verifier: 0
01-21 17:09:27.677  3790  3790 E NativeLibraryHelper: Failed to load assets verifier: 0
01-21 17:09:27.681  3790  3790 E NativeLibraryHelper: Failed to load assets verifier: 0
01-21 17:09:27.688  3790  3790 E NativeLibraryHelper: Failed to load assets verifier: 0
01-21 17:09:27.696  3790  3790 E NativeLibraryHelper: Failed to load assets verifier: 0
01-21 17:09:27.702  3790  3790 E NativeLibraryHelper: Failed to load assets verifier: 0
01-21 17:09:27.707  3790  3790 E NativeLibraryHelper: Failed to load assets verifier: 0
01-21 17:09:27.711  3790  3790 W PackageParser: Ignoring duplicate uses-permissions/uses-permissions-sdk-m: android.permission.READ_SYNC_SETTINGS in package: com.qualcomm.simcontacts at: Binary XML file line #52
01-21 17:09:27.711  3790  3790 W PackageParser: Ignoring duplicate uses-permissions/uses-permissions-sdk-m: android.permission.WRITE_SYNC_SETTINGS in package: com.qualcomm.simcontacts at: Binary XML file line #54
01-21 17:09:27.714  3790  3790 E NativeLibraryHelper: Failed to load assets verifier: 0
01-21 17:09:27.723  3790  3790 E NativeLibraryHelper: Failed to load assets verifier: 0
01-21 17:09:27.729  3790  3790 E NativeLibraryHelper: Failed to load assets verifier: 0
01-21 17:09:27.734  3790  3790 E NativeLibraryHelper: Failed to load assets verifier: 0
01-21 17:09:27.739  3790  3790 E NativeLibraryHelper: Failed to load assets verifier: 0
01-21 17:09:27.745  3790  3790 E NativeLibraryHelper: Failed to load assets verifier: 0
01-21 17:09:27.751  3790  3790 E NativeLibraryHelper: Failed to load assets verifier: 0
01-21 17:09:27.757  3790  3790 E NativeLibraryHelper: Failed to load assets verifier: 0
01-21 17:09:27.762  3790  3790 E NativeLibraryHelper: Failed to load assets verifier: 0
01-21 17:09:27.767  3790  3790 E NativeLibraryHelper: Failed to load assets verifier: 0
01-21 17:09:27.772  3790  3790 E NativeLibraryHelper: Failed to load assets verifier: 0
01-21 17:09:27.777  3790  3790 E NativeLibraryHelper: Failed to load assets verifier: 0
01-21 17:09:27.781  3790  3790 E NativeLibraryHelper: Failed to load assets verifier: 0
01-21 17:09:27.786  3790  3790 E NativeLibraryHelper: Failed to load assets verifier: 0
01-21 17:09:27.791  3790  3790 E NativeLibraryHelper: Failed to load assets verifier: 0
01-21 17:09:27.798  3790  3790 E NativeLibraryHelper: Failed to load assets verifier: 0
01-21 17:09:27.805  3790  3790 E NativeLibraryHelper: Failed to load assets verifier: 0
01-21 17:09:27.811  3790  3790 E NativeLibraryHelper: Failed to load assets verifier: 0
01-21 17:09:27.817  3790  3790 E NativeLibraryHelper: Failed to load assets verifier: 0
01-21 17:09:27.819  3790  3790 D PackageManager: No files in app dir /oem/app
01-21 17:09:27.820  3790  3790 D PackageManager: No files in app dir /data/app
01-21 17:09:27.820  3790  3790 D PackageManager: No files in app dir /data/app-private
01-21 17:09:27.820  3790  3790 W PackageManager: Package org.codeaurora.bluetooth desires unavailable shared library com.quicinc.wbc; ignoring!
01-21 17:09:27.821  3790  3790 W PackageManager: Package com.android.mms desires unavailable shared library com.qrd.wappush; ignoring!
01-21 17:09:27.821  3790  3790 W PackageManager: Package com.android.gallery3d desires unavailable shared library com.google.android.media.effects; ignoring!
01-21 17:09:27.821  3790  3790 W PackageManager: Package com.android.gallery3d desires unavailable shared library com.google.android.media.effects; ignoring!
01-21 17:09:27.821  3790  3790 I PackageManager: Adjusting ABI for : com.qualcomm.simcontacts to armeabi-v7a
01-21 17:09:27.821  3790  3790 I PackageManager: Adjusting ABI for : com.qualcomm.atfwd to armeabi-v7a
01-21 17:09:27.822  3790  3790 I PackageManager: Adjusting ABI for : com.qualcomm.qualcommsettings to armeabi-v7a
01-21 17:09:27.822  3790  3790 I PackageManager: Adjusting ABI for : com.qualcomm.wfd.service to armeabi-v7a
01-21 17:09:27.822  3790  3790 I PackageManager: Adjusting ABI for : org.codeaurora.btmultisim to armeabi-v7a
01-21 17:09:27.823  3790  3790 I PackageManager: Adjusting ABI for : com.android.providers.settings to armeabi-v7a
01-21 17:09:27.823  3790  3790 I PackageManager: Adjusting ABI for : com.android.keychain to armeabi-v7a
01-21 17:09:27.823  3790  3790 I PackageManager: Adjusting ABI for : com.rokid.service.rktts to armeabi-v7a
01-21 17:09:27.824  3790  3790 I PackageManager: Adjusting ABI for : com.qualcomm.location.XT to armeabi-v7a
01-21 17:09:27.824  3790  3790 I PackageManager: Adjusting ABI for : com.qualcomm.cabl to armeabi-v7a
01-21 17:09:27.824  3790  3790 I PackageManager: Adjusting ABI for : com.dsi.ant.server to armeabi-v7a
01-21 17:09:27.825  3790  3790 I PackageManager: Adjusting ABI for : com.qualcomm.timeservice to armeabi-v7a
01-21 17:09:27.825  3790  3790 I PackageManager: Adjusting ABI for : com.qualcomm.svi to armeabi-v7a
01-21 17:09:27.825  3790  3790 I PackageManager: Adjusting ABI for : com.quicinc.cne.CNEService to armeabi-v7a
01-21 17:09:27.825  3790  3790 I PackageManager: Adjusting ABI for : com.qti.diagservices to armeabi-v7a
01-21 17:09:27.826  3790  3790 I PackageManager: Adjusting ABI for : com.qualcomm.qti.modemtestmode to armeabi-v7a
01-21 17:09:27.826  3790  3790 I PackageManager: Adjusting ABI for : com.qualcomm.sensors.qsensortest to armeabi-v7a
01-21 17:09:27.826  3790  3790 I PackageManager: Adjusting ABI for : com.qualcomm.display to armeabi-v7a
01-21 17:09:27.827  3790  3790 I PackageManager: Adjusting ABI for : com.android.settings to armeabi-v7a
01-21 17:09:27.827  3790  3790 I PackageManager: Adjusting ABI for : com.android.server.telecom to armeabi-v7a
01-21 17:09:27.827  3790  3790 I PackageManager: Adjusting ABI for : com.qualcomm.qti.tetherservice to armeabi-v7a
01-21 17:09:27.827  3790  3790 I PackageManager: Adjusting ABI for : com.android.inputdevices to armeabi-v7a
01-21 17:09:27.828  3790  3790 I PackageManager: Adjusting ABI for : com.android.location.fused to armeabi-v7a
01-21 17:09:27.828  3790  3790 I PackageManager: Adjusting ABI for : com.qualcomm.location to armeabi-v7a
01-21 17:09:27.828  3790  3790 I PackageManager: Adjusting ABI for : com.qualcomm.fastdormancy to armeabi-v7a
01-21 17:09:27.828  3790  3790 I PackageManager: Adjusting ABI for : com.android.mms.service to armeabi-v7a
01-21 17:09:27.829  3790  3790 I PackageManager: Adjusting ABI for : com.qualcomm.qcrilmsgtunnel to armeabi-v7a
01-21 17:09:27.829  3790  3790 I PackageManager: Adjusting ABI for : com.android.phone to armeabi-v7a
01-21 17:09:27.830  3790  3790 I PackageManager: Adjusting ABI for : com.qti.primarycardcontroller to armeabi-v7a
01-21 17:09:27.830  3790  3790 I PackageManager: Adjusting ABI for : com.android.stk to armeabi-v7a
01-21 17:09:27.830  3790  3790 I PackageManager: Adjusting ABI for : com.qualcomm.qti.networksetting to armeabi-v7a
01-21 17:09:27.831  3790  3790 I PackageManager: Adjusting ABI for : com.qti.xdivert to armeabi-v7a
01-21 17:09:27.831  3790  3790 I PackageManager: Adjusting ABI for : com.qualcomm.qti.ims to armeabi-v7a
01-21 17:09:27.831   442   442 E installd: invalid apk path '/system/vendor/app/imssettings' (bad prefix)
01-21 17:09:27.831  3790  3790 I PackageManager: Adjusting ABI for : com.android.providers.telephony to armeabi-v7a
01-21 17:09:27.832  3790  3790 I PackageManager: Adjusting ABI for : com.qualcomm.qti.radioconfiginterface to armeabi-v7a
01-21 17:09:27.832  3790  3790 I PackageManager: Adjusting ABI for : com.qualcomm.qti.rcsbootstraputil to armeabi-v7a
01-21 17:09:27.833  3790  3790 I PackageManager: Time to scan packages: 1.168 seconds
01-21 17:09:27.834  3790  3790 W PackageManager: Unknown permission com.google.android.googleapps.permission.GOOGLE_AUTH in package com.android.providers.calendar
01-21 17:09:27.834  3790  3790 W PackageManager: Unknown permission com.google.android.googleapps.permission.GOOGLE_AUTH.cl in package com.android.providers.calendar
01-21 17:09:27.835  3790  3790 W PackageManager: Not granting permission android.permission.GLOBAL_SEARCH to package com.android.quicksearchbox (protectionLevel=18 flags=0x3808be45)
01-21 17:09:27.835  3790  3790 W PackageManager: Not granting permission android.permission.ACCESS_DOWNLOAD_MANAGER to package com.android.browser (protectionLevel=18 flags=0x3809be45)
01-21 17:09:27.835  3790  3790 W PackageManager: Not granting permission android.permission.SEND_DOWNLOAD_COMPLETED_INTENTS to package com.android.browser (protectionLevel=2 flags=0x3809be45)
01-21 17:09:27.835  3790  3790 W PackageManager: Unknown permission android.permission.SYSTEM_OVERLAY_WINDOW in package com.rokid.networkstarter
01-21 17:09:27.835  3790  3790 W PackageManager: Unknown permission android.permission.MMS_PUSH in package org.codeaurora.bluetooth
01-21 17:09:27.836  3790  3790 W PackageManager: Not granting permission android.permission.BIND_WALLPAPER to package com.android.camera2 (protectionLevel=18 flags=0x3058bc45)
01-21 17:09:27.836  3790  3790 W PackageManager: Unknown permission android.permission.INSTALL_DRM in package com.android.mms
01-21 17:09:27.836  3790  3790 W PackageManager: Unknown permission com.qualcomm.permission.USE_PHONE_SERVICE in package com.android.mms
01-21 17:09:27.836  3790  3790 W PackageManager: Not granting permission android.permission.MANAGE_DOCUMENTS to package com.android.mms (protectionLevel=2 flags=0x3849be65)
01-21 17:09:27.836  3790  3790 W PackageManager: Unknown permission org.codeaurora.omacp.permission.SHOW_CONFIGURATION_MESSAGE in package com.android.mms
01-21 17:09:27.836  3790  3790 W PackageManager: Unknown permission com.google.android.googleapps.permission.GOOGLE_AUTH.mail in package com.android.calendar
01-21 17:09:27.836  3790  3790 W PackageManager: Unknown permission android.permission.ACCESS_ALL_EXTERNAL_STORAGE in package com.rokid.systemui
01-21 17:09:27.837  3790  3790 W PackageManager: Unknown permission com.android.launcher.permission.READ_SETTINGS in package com.android.onetimeinitializer
01-21 17:09:27.837  3790  3790 W PackageManager: Unknown permission com.android.launcher.permission.WRITE_SETTINGS in package com.android.onetimeinitializer
01-21 17:09:27.837  3790  3790 W PackageManager: Not granting permission android.permission.DELETE_PACKAGES to package com.svox.pico (protectionLevel=18 flags=0x3808be45)
01-21 17:09:27.837  3790  3790 W PackageManager: Unknown permission com.google.android.gallery3d.permission.PICASA_STORE in package com.android.dreams.phototable
01-21 17:09:27.837  3790  3790 W PackageManager: Unknown permission com.qualcomm.permission.ACCESS_LOCATION_API in package com.qualcomm.qct.dlt
01-21 17:09:27.838  3790  3790 W PackageManager: Unknown permission com.google.android.googleapps.permission.GOOGLE_AUTH in package com.android.settings
01-21 17:09:27.838  3790  3790 W PackageManager: Unknown permission com.android.launcher.permission.READ_SETTINGS in package com.android.settings
01-21 17:09:27.838  3790  3790 W PackageManager: Unknown permission com.android.launcher.permission.WRITE_SETTINGS in package com.android.settings
01-21 17:09:27.838  3790  3790 W PackageManager: Unknown permission com.qualcomm.permission.ACCESS_LOCATION_API in package com.qualcomm.location
01-21 17:09:27.839  3790  3790 W PackageManager: Unknown permission android.permission.SYSTEM_OVERLAY_WINDOW in package com.rokid.server.rkspeech
01-21 17:09:27.839  3790  3790 W PackageManager: Unknown permission com.google.android.gallery3d.permission.GALLERY_PROVIDER in package com.android.bluetooth
01-21 17:09:27.934  3790  3790 I art     : Starting a blocking GC Explicit
01-21 17:09:27.951  3790  3790 I art     : Explicit concurrent mark sweep GC freed 20482(1283KB) AllocSpace objects, 2(40KB) LOS objects, 54% free, 3MB/7MB, paused 242us total 17.658ms
01-21 17:09:27.952  3790  3790 I SystemServer: User Service
01-21 17:09:27.958   330   330 I lowmemorykiller: ActivityManager connected
01-21 17:09:27.961  3790  4228 I         : System server: starting sensor init.
01-21 17:09:27.961  3790  3790 I SystemServiceManager: Starting com.android.server.BatteryService
01-21 17:09:27.961  3790  4228 D SensorService: nuSensorService starting...
01-21 17:09:27.982  3427  3427 I ServiceManager: Waiting for service media.camera.proxy...
01-21 17:09:27.982  3790  3790 I SystemServiceManager: Starting com.android.server.usage.UsageStatsService
01-21 17:09:28.004  3790  3817 W ProcessCpuTracker: Skipping unknown process pid 4230
01-21 17:09:28.007  3790  3790 I UsageStatsService: User[0] Rollover scheduled @ 1970-01-22 00:00:00(1814400000)
01-21 17:09:28.008  3790  3790 I SystemServiceManager: Starting com.android.server.webkit.WebViewUpdateService
01-21 17:09:28.010  3790  3790 I SystemServer: Reading configuration...
01-21 17:09:28.010  3790  3790 I SystemServer: Scheduling Policy
01-21 17:09:28.011  3790  3790 I SystemServiceManager: Starting com.android.server.telecom.TelecomLoaderService
01-21 17:09:28.011  3790  3790 I SystemServer: Telephony Registry
01-21 17:09:28.015  3790  3790 I SystemServer: Entropy Mixer
01-21 17:09:28.017  3790  3790 I EntropyMixer: Writing entropy...
01-21 17:09:28.026  3790  3790 I SystemServer: Camera Service
01-21 17:09:28.027  3790  3790 I SystemServiceManager: Starting com.android.server.camera.CameraService
01-21 17:09:28.029  3790  4248 I ServiceThread: Enabled StrictMode logging for CameraService_proxy looper.
01-21 17:09:28.029  3790  3790 I SystemServer: Account Manager
01-21 17:09:28.032  3790  3790 I SystemServer: Content Manager
01-21 17:09:28.033  3790  3790 I SystemServer: System Content Providers
01-21 17:09:28.076  3426  3426 E Netd    : netlink response contains error (File exists)
01-21 17:09:28.076  3426  3426 E Netd    : Can't add IPv4 default route to dummy0: File exists
01-21 17:09:28.077  3426  3426 D MDnsDS  : MDnsSdListener::Hander starting up
01-21 17:09:28.077  3426  4260 D MDnsDS  : MDnsSdListener starting to monitor
01-21 17:09:28.077  3426  4260 D MDnsDS  : Going to poll with pollCount 1
01-21 17:09:28.863  3790  3822 E BluetoothAdapter: Bluetooth binder is null
01-21 17:09:28.929   455  1043 I RKUPL_r2audio: --------------r2mem_vbv_vad_begin shield 5477.340332
01-21 17:09:28.983  3427  3427 I AudioPolicyService: AudioPolicyService CSTOR in new mode
01-21 17:09:28.984  3427  3427 W APM::Devices: DeviceVector::add device 80000040 already in
01-21 17:09:28.984  3427  3427 I APM::ConfigParsingUtils: loadAudioPolicyConfig() loaded /system/etc/audio_policy.conf
01-21 17:09:28.989  3427  3427 D audio_hw_primary: adev_open: enter
01-21 17:09:28.999  3427  3427 W msm8974_platform: Rokid platform_init:  snd_card_name: msm8974-taiko-mtp-snd-card
01-21 17:09:29.038  3427  3427 E audio_route: Control 'LINEOUT1 Volume' doesn't exist - skipping
01-21 17:09:29.038  3427  3427 E audio_route: Control 'LINEOUT2 Volume' doesn't exist - skipping
01-21 17:09:29.038  3427  3427 E audio_route: Control 'LINEOUT3 Volume' doesn't exist - skipping
01-21 17:09:29.038  3427  3427 E audio_route: Control 'LINEOUT4 Volume' doesn't exist - skipping
01-21 17:09:29.038  3427  3427 E audio_route: Control 'HPHL Volume' doesn't exist - skipping
01-21 17:09:29.038  3427  3427 E audio_route: Control 'HPHR Volume' doesn't exist - skipping
01-21 17:09:29.038  3427  3427 E audio_route: Control 'RX1 Digital Volume' doesn't exist - skipping
01-21 17:09:29.038  3427  3427 E audio_route: Control 'RX2 Digital Volume' doesn't exist - skipping
01-21 17:09:29.038  3427  3427 E audio_route: Control 'RX3 Digital Volume' doesn't exist - skipping
01-21 17:09:29.039  3427  3427 E audio_route: Control 'RX4 Digital Volume' doesn't exist - skipping
01-21 17:09:29.039  3427  3427 E audio_route: Control 'RX5 Digital Volume' doesn't exist - skipping
01-21 17:09:29.039  3427  3427 E audio_route: Control 'RX6 Digital Volume' doesn't exist - skipping
01-21 17:09:29.039  3427  3427 E audio_route: Control 'RX7 Digital Volume' doesn't exist - skipping
01-21 17:09:29.039  3427  3427 E audio_route: Control 'ADC1 Volume' doesn't exist - skipping
01-21 17:09:29.039  3427  3427 E audio_route: Control 'ADC2 Volume' doesn't exist - skipping
01-21 17:09:29.039  3427  3427 E audio_route: Control 'ADC3 Volume' doesn't exist - skipping
01-21 17:09:29.039  3427  3427 E audio_route: Control 'ADC4 Volume' doesn't exist - skipping
01-21 17:09:29.039  3427  3427 E audio_route: Control 'ADC5 Volume' doesn't exist - skipping
01-21 17:09:29.039  3427  3427 E audio_route: Control 'ADC6 Volume' doesn't exist - skipping
01-21 17:09:29.039  3427  3427 E audio_route: Control 'DEC1 Volume' doesn't exist - skipping
01-21 17:09:29.039  3427  3427 E audio_route: Control 'DEC2 Volume' doesn't exist - skipping
01-21 17:09:29.039  3427  3427 E audio_route: Control 'DEC3 Volume' doesn't exist - skipping
01-21 17:09:29.039  3427  3427 E audio_route: Control 'DEC4 Volume' doesn't exist - skipping
01-21 17:09:29.039  3427  3427 E audio_route: Control 'DEC5 Volume' doesn't exist - skipping
01-21 17:09:29.039  3427  3427 E audio_route: Control 'DEC6 Volume' doesn't exist - skipping
01-21 17:09:29.039  3427  3427 E audio_route: Control 'DEC7 Volume' doesn't exist - skipping
01-21 17:09:29.039  3427  3427 E audio_route: Control 'DEC8 Volume' doesn't exist - skipping
01-21 17:09:29.039  3427  3427 E audio_route: Control 'DEC9 Volume' doesn't exist - skipping
01-21 17:09:29.039  3427  3427 E audio_route: Control 'DEC10 Volume' doesn't exist - skipping
01-21 17:09:29.039  3427  3427 E audio_route: Control 'COMP0 Switch' doesn't exist - skipping
01-21 17:09:29.039  3427  3427 E audio_route: Control 'COMP1 Switch' doesn't exist - skipping
01-21 17:09:29.039  3427  3427 E audio_route: Control 'COMP2 Switch' doesn't exist - skipping
01-21 17:09:29.039  3427  3427 E audio_route: Control 'SLIMBUS_0_RX Port Mixer INT_BT_SCO_TX' doesn't exist - skipping
01-21 17:09:29.039  3427  3427 E audio_route: Control 'Internal BTSCO SampleRate' doesn't exist - skipping
01-21 17:09:29.039  3427  3427 E audio_route: Control 'INTERNAL_BT_SCO_RX Audio Mixer Multimedia6' doesn't exist - skipping
01-21 17:09:29.039  3427  3427 E audio_route: Control 'MultiMedia4 Mixer MI2S_TX' doesn't exist - skipping
01-21 17:09:29.040  3427  3427 E audio_route: Control 'IIR1 INP1 MUX' doesn't exist - skipping
01-21 17:09:29.040  3427  3427 E audio_route: Control 'SLIM TX10 MUX' doesn't exist - skipping
01-21 17:09:29.040  3427  3427 E audio_route: Control 'SLIM TX9 MUX' doesn't exist - skipping
01-21 17:09:29.040  3427  3427 E audio_route: Control 'SLIM TX8 MUX' doesn't exist - skipping
01-21 17:09:29.040  3427  3427 E audio_route: Control 'SLIM TX7 MUX' doesn't exist - skipping
01-21 17:09:29.040  3427  3427 E audio_route: Control 'SLIM TX6 MUX' doesn't exist - skipping
01-21 17:09:29.040  3427  3427 E audio_route: Control 'SLIM TX5 MUX' doesn't exist - skipping
01-21 17:09:29.040  3427  3427 E audio_route: Control 'SLIM TX4 MUX' doesn't exist - skipping
01-21 17:09:29.040  3427  3427 E audio_route: Control 'SLIM TX3 MUX' doesn't exist - skipping
01-21 17:09:29.040  3427  3427 E audio_route: Control 'SLIM TX2 MUX' doesn't exist - skipping
01-21 17:09:29.040  3427  3427 E audio_route: Control 'SLIM TX1 MUX' doesn't exist - skipping
01-21 17:09:29.040  3427  3427 E audio_route: Control 'DEC10 MUX' doesn't exist - skipping
01-21 17:09:29.040  3427  3427 E audio_route: Control 'DEC9 MUX' doesn't exist - skipping
01-21 17:09:29.040  3427  3427 E audio_route: Control 'DEC8 MUX' doesn't exist - skipping
01-21 17:09:29.040  3427  3427 E audio_route: Control 'DEC7 MUX' doesn't exist - skipping
01-21 17:09:29.040  3427  3427 E audio_route: Control 'DEC6 MUX' doesn't exist - skipping
01-21 17:09:29.040  3427  3427 E audio_route: Control 'DEC5 MUX' doesn't exist - skipping
01-21 17:09:29.040  3427  3427 E audio_route: Control 'DEC4 MUX' doesn't exist - skipping
01-21 17:09:29.040  3427  3427 E audio_route: Control 'DEC3 MUX' doesn't exist - skipping
01-21 17:09:29.040  3427  3427 E audio_route: Control 'DEC2 MUX' doesn't exist - skipping
01-21 17:09:29.040  3427  3427 E audio_route: Control 'DEC1 MUX' doesn't exist - skipping
01-21 17:09:29.040  3427  3427 E audio_route: Control 'RX2 MIX2 INP2' doesn't exist - skipping
01-21 17:09:29.040  3427  3427 E audio_route: Control 'RX2 MIX2 INP1' doesn't exist - skipping
01-21 17:09:29.040  3427  3427 E audio_route: Control 'RX1 MIX2 INP2' doesn't exist - skipping
01-21 17:09:29.040  3427  3427 E audio_route: Control 'RX1 MIX2 INP1' doesn't exist - skipping
01-21 17:09:29.040  3427  3427 E audio_route: Control 'RX7 MIX1 INP2' doesn't exist - skipping
01-21 17:09:29.040  3427  3427 E audio_route: Control 'RX7 MIX1 INP1' doesn't exist - skipping
01-21 17:09:29.040  3427  3427 E audio_route: Control 'RX6 MIX1 INP2' doesn't exist - skipping
01-21 17:09:29.041  3427  3427 E audio_route: Control 'RX6 MIX1 INP1' doesn't exist - skipping
01-21 17:09:29.041  3427  3427 E audio_route: Control 'RX5 MIX1 INP2' doesn't exist - skipping
01-21 17:09:29.041  3427  3427 E audio_route: Control 'RX5 MIX1 INP1' doesn't exist - skipping
01-21 17:09:29.041  3427  3427 E audio_route: Control 'RX4 MIX1 INP2' doesn't exist - skipping
01-21 17:09:29.041  3427  3427 E audio_route: Control 'RX4 MIX1 INP1' doesn't exist - skipping
01-21 17:09:29.041  3427  3427 E audio_route: Control 'RX3 MIX1 INP2' doesn't exist - skipping
01-21 17:09:29.041  3427  3427 E audio_route: Control 'RX3 MIX1 INP1' doesn't exist - skipping
01-21 17:09:29.041  3427  3427 E audio_route: Control 'RX2 MIX1 INP2' doesn't exist - skipping
01-21 17:09:29.041  3427  3427 E audio_route: Control 'RX2 MIX1 INP1' doesn't exist - skipping
01-21 17:09:29.041  3427  3427 E audio_route: Control 'RX1 MIX1 INP3' doesn't exist - skipping
01-21 17:09:29.041  3427  3427 E audio_route: Control 'RX1 MIX1 INP2' doesn't exist - skipping
01-21 17:09:29.041  3427  3427 E audio_route: Control 'RX1 MIX1 INP1' doesn't exist - skipping
01-21 17:09:29.041  3427  3427 E audio_route: Control 'HPHL DAC Switch' doesn't exist - skipping
01-21 17:09:29.041  3427  3427 E audio_route: Control 'DAC1 Switch' doesn't exist - skipping
01-21 17:09:29.041  3427  3427 E audio_route: Control 'SLIM_0_RX Channels' doesn't exist - skipping
01-21 17:09:29.041  3427  3427 E audio_route: Control 'SLIM_0_TX Channels' doesn't exist - skipping
01-21 17:09:29.041  3427  3427 E audio_route: Control 'SLIM RX1 MUX' doesn't exist - skipping
01-21 17:09:29.041  3427  3427 E audio_route: Control 'EAR PA Gain' doesn't exist - skipping
01-21 17:09:29.041  3427  3427 E audio_route: Control 'SLIM RX2 MUX' doesn't exist - skipping
01-21 17:09:29.041  3427  3427 E audio_route: Control 'SPK DRV Volume' doesn't exist - skipping
01-21 17:09:29.041  3427  3427 E audio_route: Control 'AIF1_CAP Mixer SLIM TX7' doesn't exist - skipping
01-21 17:09:29.041  3427  3427 E audio_route: Control 'AIF1_CAP Mixer SLIM TX8' doesn't exist - skipping
01-21 17:09:29.041  3427  3427 E audio_route: Control 'CLASS_H_DSM MUX' doesn't exist - skipping
01-21 17:09:29.042  3427  3427 E audio_route: Control 'RX4 DSM MUX' doesn't exist - skipping
01-21 17:09:29.042  3427  3427 E audio_route: Control 'RX6 DSM MUX' doesn't exist - skipping
01-21 17:09:29.042  3427  3427 E audio_route: Control 'IIR1 Band1' doesn't exist - skipping
01-21 17:09:29.042  3427  3427 E audio_route: Control 'IIR1 Band1' doesn't exist - skipping
01-21 17:09:29.042  3427  3427 E audio_route: Control 'IIR1 Band1' doesn't exist - skipping
01-21 17:09:29.042  3427  3427 E audio_route: Control 'IIR1 Band1' doesn't exist - skipping
01-21 17:09:29.042  3427  3427 E audio_route: Control 'IIR1 Band1' doesn't exist - skipping
01-21 17:09:29.042  3427  3427 E audio_route: Control 'IIR1 Band2' doesn't exist - skipping
01-21 17:09:29.042  3427  3427 E audio_route: Control 'IIR1 Band2' doesn't exist - skipping
01-21 17:09:29.042  3427  3427 E audio_route: Control 'IIR1 Band2' doesn't exist - skipping
01-21 17:09:29.042  3427  3427 E audio_route: Control 'IIR1 Band2' doesn't exist - skipping
01-21 17:09:29.042  3427  3427 E audio_route: Control 'IIR1 Band2' doesn't exist - skipping
01-21 17:09:29.042  3427  3427 E audio_route: Control 'IIR1 Band3' doesn't exist - skipping
01-21 17:09:29.042  3427  3427 E audio_route: Control 'IIR1 Band3' doesn't exist - skipping
01-21 17:09:29.042  3427  3427 E audio_route: Control 'IIR1 Band3' doesn't exist - skipping
01-21 17:09:29.042  3427  3427 E audio_route: Control 'IIR1 Band3' doesn't exist - skipping
01-21 17:09:29.042  3427  3427 E audio_route: Control 'IIR1 Band3' doesn't exist - skipping
01-21 17:09:29.042  3427  3427 E audio_route: Control 'IIR1 Band4' doesn't exist - skipping
01-21 17:09:29.042  3427  3427 E audio_route: Control 'IIR1 Band4' doesn't exist - skipping
01-21 17:09:29.042  3427  3427 E audio_route: Control 'IIR1 Band4' doesn't exist - skipping
01-21 17:09:29.042  3427  3427 E audio_route: Control 'IIR1 Band4' doesn't exist - skipping
01-21 17:09:29.042  3427  3427 E audio_route: Control 'IIR1 Band4' doesn't exist - skipping
01-21 17:09:29.042  3427  3427 E audio_route: Control 'IIR1 Band5' doesn't exist - skipping
01-21 17:09:29.042  3427  3427 E audio_route: Control 'IIR1 Band5' doesn't exist - skipping
01-21 17:09:29.042  3427  3427 E audio_route: Control 'IIR1 Band5' doesn't exist - skipping
01-21 17:09:29.042  3427  3427 E audio_route: Control 'IIR1 Band5' doesn't exist - skipping
01-21 17:09:29.042  3427  3427 E audio_route: Control 'IIR1 Band5' doesn't exist - skipping
01-21 17:09:29.042  3427  3427 E audio_route: Control 'IIR1 Enable Band1' doesn't exist - skipping
01-21 17:09:29.044  3427  3427 E audio_route: Control 'IIR1 Enable Band2' doesn't exist - skipping
01-21 17:09:29.044  3427  3427 E audio_route: Control 'IIR1 Enable Band3' doesn't exist - skipping
01-21 17:09:29.044  3427  3427 E audio_route: Control 'IIR1 Enable Band4' doesn't exist - skipping
01-21 17:09:29.044  3427  3427 E audio_route: Control 'IIR1 Enable Band5' doesn't exist - skipping
01-21 17:09:29.044  3427  3427 E audio_route: Control 'IIR1 INP1 Volume' doesn't exist - skipping
01-21 17:09:29.044  3427  3427 E audio_route: Control 'ANC Slot' doesn't exist - skipping
01-21 17:09:29.044  3427  3427 E audio_route: Control 'ANC1 FB MUX' doesn't exist - skipping
01-21 17:09:29.044  3427  3427 E audio_route: Control 'ANC1 MUX' doesn't exist - skipping
01-21 17:09:29.044  3427  3427 E audio_route: Control 'ANC2 MUX' doesn't exist - skipping
01-21 17:09:29.044  3427  3427 E audio_route: Control 'ANC Function' doesn't exist - skipping
01-21 17:09:29.044  3427  3427 E audio_route: Control 'AIF1_CAP Mixer SLIM TX9' doesn't exist - skipping
01-21 17:09:29.044  3427  3427 E audio_route: Control 'AIF1_CAP Mixer SLIM TX10' doesn't exist - skipping
01-21 17:09:29.044  3427  3427 E audio_route: Control 'MADONOFF Switch' doesn't exist - skipping
01-21 17:09:29.044  3427  3427 E audio_route: Control 'VIONOFF Switch' doesn't exist - skipping
01-21 17:09:29.044  3427  3427 E audio_route: Control 'MAD Input' doesn't exist - skipping
01-21 17:09:29.044  3427  3427 E audio_route: Control 'Internal BTSCO SampleRate' doesn't exist - skipping
01-21 17:09:29.045  3427  3427 E audio_route: Control 'Internal BTSCO SampleRate' doesn't exist - skipping
01-21 17:09:29.045  3427  3427 E audio_route: Control 'Internal BTSCO SampleRate' doesn't exist - skipping
01-21 17:09:29.045  3427  3427 E audio_route: Control 'Internal BTSCO SampleRate' doesn't exist - skipping
01-21 17:09:29.045  3427  3427 E audio_route: Control 'Internal BTSCO SampleRate' doesn't exist - skipping
01-21 17:09:29.045  3427  3427 E audio_route: Control 'Internal BTSCO SampleRate' doesn't exist - skipping
01-21 17:09:29.045  3427  3427 E audio_route: Control 'Internal BTSCO SampleRate' doesn't exist - skipping
01-21 17:09:29.045  3427  3427 E audio_route: Control 'Internal BTSCO SampleRate' doesn't exist - skipping
01-21 17:09:29.046  3427  3427 E audio_route: Control 'Internal BTSCO SampleRate' doesn't exist - skipping
01-21 17:09:29.046  3427  3427 E audio_route: Control 'Internal BTSCO SampleRate' doesn't exist - skipping
01-21 17:09:29.046  3427  3427 E audio_route: Control 'Internal BTSCO SampleRate' doesn't exist - skipping
01-21 17:09:29.047  3427  3427 E audio_route: Control 'Internal BTSCO SampleRate' doesn't exist - skipping
01-21 17:09:29.047  3427  3427 E audio_route: Control 'Internal BTSCO SampleRate' doesn't exist - skipping
01-21 17:09:29.047  3427  3427 E audio_route: Control 'AIF1_CAP Mixer SLIM TX7' doesn't exist - skipping
01-21 17:09:29.047  3427  3427 E audio_route: Control 'SLIM_0_TX Channels' doesn't exist - skipping
01-21 17:09:29.047  3427  3427 E audio_route: Control 'SLIM TX7 MUX' doesn't exist - skipping
01-21 17:09:29.047  3427  3427 E audio_route: Control 'DEC6 MUX' doesn't exist - skipping
01-21 17:09:29.047  3427  3427 E audio_route: Control 'IIR1 INP1 MUX' doesn't exist - skipping
01-21 17:09:29.047  3427  3427 E audio_route: Control 'AIF1_CAP Mixer SLIM TX7' doesn't exist - skipping
01-21 17:09:29.047  3427  3427 E audio_route: Control 'SLIM_0_TX Channels' doesn't exist - skipping
01-21 17:09:29.047  3427  3427 E audio_route: Control 'SLIM TX7 MUX' doesn't exist - skipping
01-21 17:09:29.047  3427  3427 E audio_route: Control 'DEC5 MUX' doesn't exist - skipping
01-21 17:09:29.047  3427  3427 E audio_route: Control 'IIR1 INP1 MUX' doesn't exist - skipping
01-21 17:09:29.047  3427  3427 E audio_route: Control 'AIF1_CAP Mixer SLIM TX7' doesn't exist - skipping
01-21 17:09:29.047  3427  3427 E audio_route: Control 'SLIM_0_TX Channels' doesn't exist - skipping
01-21 17:09:29.047  3427  3427 E audio_route: Control 'SLIM TX7 MUX' doesn't exist - skipping
01-21 17:09:29.047  3427  3427 E audio_route: Control 'DEC7 MUX' doesn't exist - skipping
01-21 17:09:29.047  3427  3427 E audio_route: Control 'IIR1 INP1 MUX' doesn't exist - skipping
01-21 17:09:29.048  3427  3427 E audio_route: Control 'SLIM RX1 MUX' doesn't exist - skipping
01-21 17:09:29.048  3427  3427 E audio_route: Control 'DAC1 Switch' doesn't exist - skipping
01-21 17:09:29.048  3427  3427 E audio_route: Control 'RX7 MIX1 INP1' doesn't exist - skipping
01-21 17:09:29.048  3427  3427 E audio_route: Control 'SLIM RX1 MUX' doesn't exist - skipping
01-21 17:09:29.048  3427  3427 E audio_route: Control 'RX7 MIX1 INP1' doesn't exist - skipping
01-21 17:09:29.048  3427  3427 E audio_route: Control 'COMP0 Switch' doesn't exist - skipping
01-21 17:09:29.048  3427  3427 E audio_route: Control 'SLIM RX1 MUX' doesn't exist - skipping
01-21 17:09:29.048  3427  3427 E audio_route: Control 'SLIM RX2 MUX' doesn't exist - skipping
01-21 17:09:29.048  3427  3427 E audio_route: Control 'SLIM_0_RX Channels' doesn't exist - skipping
01-21 17:09:29.048  3427  3427 E audio_route: Control 'RX3 MIX1 INP1' doesn't exist - skipping
01-21 17:09:29.048  3427  3427 E audio_route: Control 'RX5 MIX1 INP1' doesn't exist - skipping
01-21 17:09:29.048  3427  3427 E audio_route: Control 'LINEOUT1 Volume' doesn't exist - skipping
01-21 17:09:29.048  3427  3427 E audio_route: Control 'LINEOUT2 Volume' doesn't exist - skipping
01-21 17:09:29.048  3427  3427 E audio_route: Control 'RDAC5 MUX' doesn't exist - skipping
01-21 17:09:29.048  3427  3427 E audio_route: Control 'RDAC7 MUX' doesn't exist - skipping
01-21 17:09:29.048  3427  3427 E audio_route: Control 'COMP2 Switch' doesn't exist - skipping
01-21 17:09:29.048  3427  3427 E audio_route: Control 'LINEOUT3 Volume' doesn't exist - skipping
01-21 17:09:29.048  3427  3427 E audio_route: Control 'LINEOUT4 Volume' doesn't exist - skipping
01-21 17:09:29.048  3427  3427 E audio_route: Control 'IIR1 Enable Band1' doesn't exist - skipping
01-21 17:09:29.048  3427  3427 E audio_route: Control 'IIR1 Enable Band2' doesn't exist - skipping
01-21 17:09:29.048  3427  3427 E audio_route: Control 'IIR1 Enable Band3' doesn't exist - skipping
01-21 17:09:29.048  3427  3427 E audio_route: Control 'IIR1 Enable Band4' doesn't exist - skipping
01-21 17:09:29.048  3427  3427 E audio_route: Control 'IIR1 Enable Band5' doesn't exist - skipping
01-21 17:09:29.048  3427  3427 E audio_route: Control 'IIR1 INP1 Volume' doesn't exist - skipping
01-21 17:09:29.048  3427  3427 E audio_route: Control 'RX1 MIX2 INP1' doesn't exist - skipping
01-21 17:09:29.048  3427  3427 E audio_route: Control 'RX2 MIX2 INP1' doesn't exist - skipping
01-21 17:09:29.048  3427  3427 E audio_route: Control 'IIR1 INP1 Volume' doesn't exist - skipping
01-21 17:09:29.049  3427  3427 E audio_route: Control 'RX1 MIX2 INP1' doesn't exist - skipping
01-21 17:09:29.049  3427  3427 E audio_route: Control 'DEC9 Volume' doesn't exist - skipping
01-21 17:09:29.049  3427  3427 E audio_route: Control 'AIF1_CAP Mixer SLIM TX7' doesn't exist - skipping
01-21 17:09:29.049  3427  3427 E audio_route: Control 'SLIM_0_TX Channels' doesn't exist - skipping
01-21 17:09:29.049  3427  3427 E audio_route: Control 'SLIM TX7 MUX' doesn't exist - skipping
01-21 17:09:29.049  3427  3427 E audio_route: Control 'DEC6 MUX' doesn't exist - skipping
01-21 17:09:29.049  3427  3427 E audio_route: Control 'ADC1 Volume' doesn't exist - skipping
01-21 17:09:29.049  3427  3427 E audio_route: Control 'IIR1 INP1 MUX' doesn't exist - skipping
01-21 17:09:29.049  3427  3427 E audio_route: Control 'SLIM RX1 MUX' doesn't exist - skipping
01-21 17:09:29.049  3427  3427 E audio_route: Control 'SLIM_0_RX Channels' doesn't exist - skipping
01-21 17:09:29.049  3427  3427 E audio_route: Control 'RX7 MIX1 INP1' doesn't exist - skipping
01-21 17:09:29.049  3427  3427 E audio_route: Control 'COMP0 Switch' doesn't exist - skipping
01-21 17:09:29.049  3427  3427 E audio_route: Control 'VIONOFF Switch' doesn't exist - skipping
01-21 17:09:29.049  3427  3427 E audio_route: Control 'SLIM RX1 MUX' doesn't exist - skipping
01-21 17:09:29.049  3427  3427 E audio_route: Control 'SLIM_0_RX Channels' doesn't exist - skipping
01-21 17:09:29.049  3427  3427 E audio_route: Control 'RX1 MIX1 INP1' doesn't exist - skipping
01-21 17:09:29.049  3427  3427 E audio_route: Control 'CLASS_H_DSM MUX' doesn't exist - skipping
01-21 17:09:29.049  3427  3427 E audio_route: Control 'DAC1 Switch' doesn't exist - skipping
01-21 17:09:29.049  3427  3427 E audio_route: Control 'ANC Function' doesn't exist - skipping
01-21 17:09:29.049  3427  3427 E audio_route: Control 'SLIM RX1 MUX' doesn't exist - skipping
01-21 17:09:29.049  3427  3427 E audio_route: Control 'SLIM_0_RX Channels' doesn't exist - skipping
01-21 17:09:29.049  3427  3427 E audio_route: Control 'RX1 MIX1 INP1' doesn't exist - skipping
01-21 17:09:29.049  3427  3427 E audio_route: Control 'CLASS_H_DSM MUX' doesn't exist - skipping
01-21 17:09:29.049  3427  3427 E audio_route: Control 'DAC1 Switch' doesn't exist - skipping
01-21 17:09:29.049  3427  3427 E audio_route: Control 'RX1 Digital Volume' doesn't exist - skipping
01-21 17:09:29.049  3427  3427 E audio_route: Control 'ANC Slot' doesn't exist - skipping
01-21 17:09:29.049  3427  3427 E audio_route: Control 'ANC1 MUX' doesn't exist - skipping
01-21 17:09:29.050  3427  3427 E audio_route: Control 'ANC1 FB MUX' doesn't exist - skipping
01-21 17:09:29.050  3427  3427 E audio_route: Control 'SLIM RX1 MUX' doesn't exist - skipping
01-21 17:09:29.050  3427  3427 E audio_route: Control 'SLIM RX2 MUX' doesn't exist - skipping
01-21 17:09:29.050  3427  3427 E audio_route: Control 'SLIM_0_RX Channels' doesn't exist - skipping
01-21 17:09:29.050  3427  3427 E audio_route: Control 'RX1 MIX1 INP1' doesn't exist - skipping
01-21 17:09:29.050  3427  3427 E audio_route: Control 'RX2 MIX1 INP1' doesn't exist - skipping
01-21 17:09:29.050  3427  3427 E audio_route: Control 'CLASS_H_DSM MUX' doesn't exist - skipping
01-21 17:09:29.050  3427  3427 E audio_route: Control 'HPHL DAC Switch' doesn't exist - skipping
01-21 17:09:29.050  3427  3427 E audio_route: Control 'COMP1 Switch' doesn't exist - skipping
01-21 17:09:29.050  3427  3427 E audio_route: Control 'ADC2 Volume' doesn't exist - skipping
01-21 17:09:29.050  3427  3427 E audio_route: Control 'ADC2 Volume' doesn't exist - skipping
01-21 17:09:29.050  3427  3427 E audio_route: Control 'ADC2 Volume' doesn't exist - skipping
