01-21 17:09:29.050  3427  3427 E audio_route: Control 'ADC2 Volume' doesn't exist - skipping
01-21 17:09:29.050  3427  3427 E audio_route: Control 'DAC1 Switch' doesn't exist - skipping
01-21 17:09:29.050  3427  3427 E audio_route: Control 'RX7 MIX1 INP1' doesn't exist - skipping
01-21 17:09:29.050  3427  3427 E audio_route: Control 'RX7 MIX1 INP1' doesn't exist - skipping
01-21 17:09:29.050  3427  3427 E audio_route: Control 'COMP0 Switch' doesn't exist - skipping
01-21 17:09:29.050  3427  3427 E audio_route: Control 'RX3 MIX1 INP1' doesn't exist - skipping
01-21 17:09:29.050  3427  3427 E audio_route: Control 'RX5 MIX1 INP1' doesn't exist - skipping
01-21 17:09:29.050  3427  3427 E audio_route: Control 'LINEOUT1 Volume' doesn't exist - skipping
01-21 17:09:29.050  3427  3427 E audio_route: Control 'LINEOUT2 Volume' doesn't exist - skipping
01-21 17:09:29.050  3427  3427 E audio_route: Control 'RDAC5 MUX' doesn't exist - skipping
01-21 17:09:29.050  3427  3427 E audio_route: Control 'RDAC7 MUX' doesn't exist - skipping
01-21 17:09:29.050  3427  3427 E audio_route: Control 'COMP2 Switch' doesn't exist - skipping
01-21 17:09:29.051  3427  3427 E audio_route: Control 'LINEOUT2 Volume' doesn't exist - skipping
01-21 17:09:29.051  3427  3427 E audio_route: Control 'LINEOUT4 Volume' doesn't exist - skipping
01-21 17:09:29.051  3427  3427 E audio_route: Control 'ANC Function' doesn't exist - skipping
01-21 17:09:29.051  3427  3427 E audio_route: Control 'SLIM RX1 MUX' doesn't exist - skipping
01-21 17:09:29.051  3427  3427 E audio_route: Control 'SLIM RX2 MUX' doesn't exist - skipping
01-21 17:09:29.051  3427  3427 E audio_route: Control 'SLIM_0_RX Channels' doesn't exist - skipping
01-21 17:09:29.051  3427  3427 E audio_route: Control 'RX1 MIX1 INP1' doesn't exist - skipping
01-21 17:09:29.051  3427  3427 E audio_route: Control 'RX2 MIX1 INP1' doesn't exist - skipping
01-21 17:09:29.051  3427  3427 E audio_route: Control 'CLASS_H_DSM MUX' doesn't exist - skipping
01-21 17:09:29.051  3427  3427 E audio_route: Control 'HPHL DAC Switch' doesn't exist - skipping
01-21 17:09:29.051  3427  3427 E audio_route: Control 'HPHL Volume' doesn't exist - skipping
01-21 17:09:29.051  3427  3427 E audio_route: Control 'HPHR Volume' doesn't exist - skipping
01-21 17:09:29.051  3427  3427 E audio_route: Control 'RX1 Digital Volume' doesn't exist - skipping
01-21 17:09:29.051  3427  3427 E audio_route: Control 'RX2 Digital Volume' doesn't exist - skipping
01-21 17:09:29.051  3427  3427 E audio_route: Control 'ANC Slot' doesn't exist - skipping
01-21 17:09:29.051  3427  3427 E audio_route: Control 'ANC1 FB MUX' doesn't exist - skipping
01-21 17:09:29.051  3427  3427 E audio_route: Control 'ANC1 MUX' doesn't exist - skipping
01-21 17:09:29.051  3427  3427 E audio_route: Control 'ANC2 MUX' doesn't exist - skipping
01-21 17:09:29.051  3427  3427 E audio_route: Control 'ADC3 Volume' doesn't exist - skipping
01-21 17:09:29.051  3427  3427 E audio_route: Control 'ADC4 Volume' doesn't exist - skipping
01-21 17:09:29.051  3427  3427 E audio_route: Control 'ANC Function' doesn't exist - skipping
01-21 17:09:29.051  3427  3427 E audio_route: Control 'SLIM RX1 MUX' doesn't exist - skipping
01-21 17:09:29.051  3427  3427 E audio_route: Control 'SLIM RX2 MUX' doesn't exist - skipping
01-21 17:09:29.051  3427  3427 E audio_route: Control 'SLIM_0_RX Channels' doesn't exist - skipping
01-21 17:09:29.051  3427  3427 E audio_route: Control 'RX3 MIX1 INP1' doesn't exist - skipping
01-21 17:09:29.051  3427  3427 E audio_route: Control 'RX5 MIX1 INP1' doesn't exist - skipping
01-21 17:09:29.051  3427  3427 E audio_route: Control 'RX4 DSM MUX' doesn't exist - skipping
01-21 17:09:29.051  3427  3427 E audio_route: Control 'RX6 DSM MUX' doesn't exist - skipping
01-21 17:09:29.051  3427  3427 E audio_route: Control 'LINEOUT1 Volume' doesn't exist - skipping
01-21 17:09:29.052  3427  3427 E audio_route: Control 'LINEOUT2 Volume' doesn't exist - skipping
01-21 17:09:29.052  3427  3427 E audio_route: Control 'LINEOUT3 Volume' doesn't exist - skipping
01-21 17:09:29.052  3427  3427 E audio_route: Control 'LINEOUT4 Volume' doesn't exist - skipping
01-21 17:09:29.052  3427  3427 E audio_route: Control 'RX1 MIX1 INP1' doesn't exist - skipping
01-21 17:09:29.052  3427  3427 E audio_route: Control 'RX2 MIX1 INP1' doesn't exist - skipping
01-21 17:09:29.052  3427  3427 E audio_route: Control 'CLASS_H_DSM MUX' doesn't exist - skipping
01-21 17:09:29.052  3427  3427 E audio_route: Control 'HPHL DAC Switch' doesn't exist - skipping
01-21 17:09:29.052  3427  3427 E audio_route: Control 'HPHL Volume' doesn't exist - skipping
01-21 17:09:29.052  3427  3427 E audio_route: Control 'HPHR Volume' doesn't exist - skipping
01-21 17:09:29.052  3427  3427 E audio_route: Control 'RX1 Digital Volume' doesn't exist - skipping
01-21 17:09:29.052  3427  3427 E audio_route: Control 'RX2 Digital Volume' doesn't exist - skipping
01-21 17:09:29.052  3427  3427 E audio_route: Control 'ANC Slot' doesn't exist - skipping
01-21 17:09:29.052  3427  3427 E audio_route: Control 'ANC1 FB MUX' doesn't exist - skipping
01-21 17:09:29.052  3427  3427 E audio_route: Control 'ANC1 MUX' doesn't exist - skipping
01-21 17:09:29.052  3427  3427 E audio_route: Control 'ANC2 MUX' doesn't exist - skipping
01-21 17:09:29.052  3427  3427 E audio_route: Control 'ADC3 Volume' doesn't exist - skipping
01-21 17:09:29.052  3427  3427 E audio_route: Control 'ADC4 Volume' doesn't exist - skipping
01-21 17:09:29.052  3427  3427 E audio_route: Control 'ANC Function' doesn't exist - skipping
01-21 17:09:29.052  3427  3427 E audio_route: Control 'SLIM RX1 MUX' doesn't exist - skipping
01-21 17:09:29.052  3427  3427 E audio_route: Control 'SLIM RX2 MUX' doesn't exist - skipping
01-21 17:09:29.052  3427  3427 E audio_route: Control 'SLIM_0_RX Channels' doesn't exist - skipping
01-21 17:09:29.052  3427  3427 E audio_route: Control 'RX1 MIX1 INP1' doesn't exist - skipping
01-21 17:09:29.052  3427  3427 E audio_route: Control 'RX2 MIX1 INP1' doesn't exist - skipping
01-21 17:09:29.052  3427  3427 E audio_route: Control 'IIR1 Enable Band1' doesn't exist - skipping
01-21 17:09:29.052  3427  3427 E audio_route: Control 'IIR1 Enable Band2' doesn't exist - skipping
01-21 17:09:29.052  3427  3427 E audio_route: Control 'IIR1 Enable Band3' doesn't exist - skipping
01-21 17:09:29.052  3427  3427 E audio_route: Control 'IIR1 Enable Band4' doesn't exist - skipping
01-21 17:09:29.052  3427  3427 E audio_route: Control 'IIR1 Enable Band5' doesn't exist - skipping
01-21 17:09:29.052  3427  3427 E audio_route: Control 'IIR1 INP1 Volume' doesn't exist - skipping
01-21 17:09:29.052  3427  3427 E audio_route: Control 'RX1 MIX2 INP1' doesn't exist - skipping
01-21 17:09:29.052  3427  3427 E audio_route: Control 'RX2 MIX2 INP1' doesn't exist - skipping
01-21 17:09:29.053  3427  3427 E audio_route: Control 'CLASS_H_DSM MUX' doesn't exist - skipping
01-21 17:09:29.053  3427  3427 E audio_route: Control 'HPHL DAC Switch' doesn't exist - skipping
01-21 17:09:29.053  3427  3427 E audio_route: Control 'HPHL Volume' doesn't exist - skipping
01-21 17:09:29.053  3427  3427 E audio_route: Control 'HPHR Volume' doesn't exist - skipping
01-21 17:09:29.053  3427  3427 E audio_route: Control 'RX1 Digital Volume' doesn't exist - skipping
01-21 17:09:29.055  3427  3427 E audio_route: Control 'AIF1_CAP Mixer SLIM TX8' doesn't exist - skipping
01-21 17:09:29.059  3427  3427 E audio_route: Control 'SLIM TX7 MUX' doesn't exist - skipping
01-21 17:09:29.059  3427  3427 E audio_route: Control 'DEC7 MUX' doesn't exist - skipping
01-21 17:09:29.060  3427  3427 E audio_route: Control 'SLIM TX10 MUX' doesn't exist - skipping
01-21 17:09:29.060  3427  3427 E audio_route: Control 'DEC6 MUX' doesn't exist - skipping
01-21 17:09:29.061  3427  3427 E audio_route: Control 'SLIM RX1 MUX' doesn't exist - skipping
01-21 17:09:29.061  3427  3427 E audio_route: Control 'SLIM_0_RX Channels' doesn't exist - skipping
01-21 17:09:29.061  3427  3427 E audio_route: Control 'RX1 MIX1 INP1' doesn't exist - skipping
01-21 17:09:29.061  3427  3427 E audio_route: Control 'CLASS_H_DSM MUX' doesn't exist - skipping
01-21 17:09:29.061  3427  3427 E audio_route: Control 'HPHL DAC Switch' doesn't exist - skipping
01-21 17:09:29.061  3427  3427 E audio_route: Control 'COMP1 Switch' doesn't exist - skipping
01-21 17:09:29.061  3427  3427 E audio_route: Control 'HPHL Volume' doesn't exist - skipping
01-21 17:09:29.061  3427  3427 E audio_route: Control 'ADC2 Volume' doesn't exist - skipping
01-21 17:09:29.061  3427  3427 E audio_route: Control 'MADONOFF Switch' doesn't exist - skipping
01-21 17:09:29.061  3427  3427 E audio_route: Control 'MAD Input' doesn't exist - skipping
01-21 17:09:29.061  3427  3427 D msm8974_platform: platform_init: Opened sound card:0
01-21 17:09:29.065  3427  3427 D ACDB-LOADER: ACDB -> Load file: /etc/acdbdata/MTP/MTP_Bluetooth_cal.acdb
01-21 17:09:29.065  3427  3427 D ACDB-LOADER: ACDB -> Load file: /etc/acdbdata/MTP/MTP_General_cal.acdb
01-21 17:09:29.065  3427  3427 D ACDB-LOADER: ACDB -> Load file: /etc/acdbdata/MTP/MTP_Global_cal.acdb
01-21 17:09:29.065  3427  3427 D ACDB-LOADER: ACDB -> Load file: /etc/acdbdata/MTP/MTP_Handset_cal.acdb
01-21 17:09:29.065  3427  3427 D ACDB-LOADER: ACDB -> Load file: /etc/acdbdata/MTP/MTP_Hdmi_cal.acdb
01-21 17:09:29.065  3427  3427 D ACDB-LOADER: ACDB -> Load file: /etc/acdbdata/MTP/MTP_Headset_cal.acdb
01-21 17:09:29.065  3427  3427 D ACDB-LOADER: ACDB -> Load file: /etc/acdbdata/MTP/MTP_Speaker_cal.acdb
01-21 17:09:29.065  3427  3427 D ACDB-LOADER: ACDB -> ACDB_CMD_INITIALIZE_V2
01-21 17:09:29.066  3427  3427 D         : [ACDB Command]->SW Minor/Major/Revision version mismatch warning /etc/acdbdata/MTP/MTP_Bluetooth_cal.acdb
01-21 17:09:29.066  3427  3427 D         : [ACDB Command]->ACDB Sw Major = 3, ACDB Sw Minor = 0, ACDB Sw Revision = 0
01-21 17:09:29.066  3427  3427 D         : [ACDB Command]->ACDB File Major = 3, ACDB File Minor = 0, ACDB File Revision = 2
01-21 17:09:29.066  3427  3427 D         : [ACDB Command]->SW Minor/Major/Revision version mismatch warning /etc/acdbdata/MTP/MTP_General_cal.acdb
01-21 17:09:29.066  3427  3427 D         : [ACDB Command]->ACDB Sw Major = 3, ACDB Sw Minor = 0, ACDB Sw Revision = 0
01-21 17:09:29.066  3427  3427 D         : [ACDB Command]->ACDB File Major = 3, ACDB File Minor = 0, ACDB File Revision = 2
01-21 17:09:29.066  3427  3427 D         : [ACDB Command]->SW Minor/Major/Revision version mismatch warning /etc/acdbdata/MTP/MTP_Global_cal.acdb
01-21 17:09:29.066  3427  3427 D         : [ACDB Command]->ACDB Sw Major = 3, ACDB Sw Minor = 0, ACDB Sw Revision = 0
01-21 17:09:29.066  3427  3427 D         : [ACDB Command]->ACDB File Major = 3, ACDB File Minor = 0, ACDB File Revision = 2
01-21 17:09:29.067  3427  3427 D         : [ACDB Command]->SW Minor/Major/Revision version mismatch warning /etc/acdbdata/MTP/MTP_Handset_cal.acdb
01-21 17:09:29.067  3427  3427 D         : [ACDB Command]->ACDB Sw Major = 3, ACDB Sw Minor = 0, ACDB Sw Revision = 0
01-21 17:09:29.067  3427  3427 D         : [ACDB Command]->ACDB File Major = 3, ACDB File Minor = 0, ACDB File Revision = 2
01-21 17:09:29.067  3427  3427 D         : [ACDB Command]->SW Minor/Major/Revision version mismatch warning /etc/acdbdata/MTP/MTP_Hdmi_cal.acdb
01-21 17:09:29.067  3427  3427 D         : [ACDB Command]->ACDB Sw Major = 3, ACDB Sw Minor = 0, ACDB Sw Revision = 0
01-21 17:09:29.067  3427  3427 D         : [ACDB Command]->ACDB File Major = 3, ACDB File Minor = 0, ACDB File Revision = 2
01-21 17:09:29.068  3427  3427 D         : [ACDB Command]->SW Minor/Major/Revision version mismatch warning /etc/acdbdata/MTP/MTP_Headset_cal.acdb
01-21 17:09:29.068  3427  3427 D         : [ACDB Command]->ACDB Sw Major = 3, ACDB Sw Minor = 0, ACDB Sw Revision = 0
01-21 17:09:29.068  3427  3427 D         : [ACDB Command]->ACDB File Major = 3, ACDB File Minor = 0, ACDB File Revision = 2
01-21 17:09:29.069  3427  3427 D         : [ACDB Command]->SW Minor/Major/Revision version mismatch warning /etc/acdbdata/MTP/MTP_Speaker_cal.acdb
01-21 17:09:29.069  3427  3427 D         : [ACDB Command]->ACDB Sw Major = 3, ACDB Sw Minor = 0, ACDB Sw Revision = 0
01-21 17:09:29.069  3427  3427 D         : [ACDB Command]->ACDB File Major = 3, ACDB File Minor = 0, ACDB File Revision = 2
01-21 17:09:29.069  3427  3427 D ACDB-LOADER: ACDB -> ACPH INIT
01-21 17:09:29.069  3427  3427 D         : [ACPH]->Online service registered with ACPH
01-21 17:09:29.074  3427  3427 D         : [ACPH]->ACPH init success
01-21 17:09:29.074  3427  3427 D ACDB-LOADER: ACDB -> RTAC INIT
01-21 17:09:29.074  3427  3427 D         : [ACPH]->DSP RTC service registered with ACPH
01-21 17:09:29.074  3427  3427 D ACDB-LOADER: ACDB -> ADIE RTAC INIT
01-21 17:09:29.075  3427  3427 D         : [ACPH]->ADIE RTC service registered with ACPH
01-21 17:09:29.075  3427  3427 D ACDB-LOADER: No existing ION info in ACDB driver
01-21 17:09:29.075  3427  3427 D ACDB-LOADER: ACDB -> ION_IOC_ALLOC
01-21 17:09:29.075  3427  3427 D ACDB-LOADER: ACDB -> ION_IOC_SHARE
01-21 17:09:29.075  3427  3427 D ACDB-LOADER: ACDB -> MMAP ADDR
01-21 17:09:29.075  3427  3427 D ACDB-LOADER: ACDB -> register MEM to ACDB driver: 0xb3fd7000
01-21 17:09:29.081  3427  3427 D ACDB-LOADER: ACDB -> send_asm_topology
01-21 17:09:29.081  3427  3427 D ACDB-LOADER: ACDB -> ACDB_CMD_GET_AUDPROC_STREAM_TOPOLOGY_ID
01-21 17:09:29.081  3427  3427 D ACDB-LOADER: ACDB -> send_adm_custom_topology
01-21 17:09:29.081  3427  3427 D ACDB-LOADER: ACDB -> ACDB_CMD_GET_AUDIO_COPP_TOPOLOGIES
01-21 17:09:29.081  3427  3427 D         : ACDBFILE_MGR: Property for the pid 00012E47 not found
01-21 17:09:29.081  3427  3427 D         : ACDB_COMMAND: Failed to fetch the property info for pid 00012E47 
01-21 17:09:29.081  3427  3427 E ACDB-LOADER: Error: ACDB get adm topologies returned = -18
01-21 17:09:29.081  3427  3427 D ACDB-LOADER: ACDB -> AUDIO_SET_ADM_CUSTOM_TOPOLOGY
01-21 17:09:29.081  3427  3427 D ACDB-LOADER: ACDB -> send_asm_custom_topology
01-21 17:09:29.081  3427  3427 D ACDB-LOADER: ACDB -> ACDB_CMD_GET_AUDIO_POPP_TOPOLOGIES
01-21 17:09:29.081  3427  3427 D ACDB-LOADER: ACDB -> AUDIO_SET_ASM_CUSTOM_TOPOLOGY
01-21 17:09:29.081  3427  3427 D ACDB-LOADER: ACDB -> init done!
01-21 17:09:29.081  3427  3427 D platform_parser: platform_info_init: Failed to open /system/etc/platform_info.xml, using defaults.
01-21 17:09:29.081  3427  3427 D audio_hw_ssr: audio_extn_ssr_update_enabled: surround sound recording is not supported
01-21 17:09:29.081  3427  3427 D audio_hw_spkr_prot: audio_extn_spkr_prot_init: Initialize speaker protection module
01-21 17:09:29.081  3427  3427 D audio_hw_spkr_prot: audio_extn_spkr_prot_init: Speaker protection disabled
01-21 17:09:29.081  3427  3427 E msm8974_platform: hw_util_open Opening device /dev/snd/hwC0D1000
01-21 17:09:29.081  3427  3427 E msm8974_platform: hw_util_open: cannot open device '/dev/snd/hwC0D1000'
01-21 17:09:29.081  3427  3427 E msm8974_platform: audio_hwdep_send_cal error open
01-21 17:09:29.082  3427  3427 I listen_hal_loader: audio_extn_listen_init: Enter
01-21 17:09:29.082  3427  3427 I listen_hal_loader: audio_extn_listen_init: DLOPEN successful for /vendor/lib/liblistenhardware.so
01-21 17:09:29.090  3427  3427 I listen_hw: listen_check_for_mad_type: could not get ctl for mixer cmd - MADONOFF Switch. So SW MAD
01-21 17:09:29.090  3427  3427 I listen_hw: listen_select_device: current device = listen-handset-mic
01-21 17:09:29.091  3427  3427 I AudioFlinger: loadHwModule() Loaded primary audio interface from QCOM Audio HAL (audio) handle 1
01-21 17:09:29.091  3427  3427 I AudioFlinger: openOutput(), module 1 Device 2, SamplingRate 48000, Format 0x000001, Channels 3, flags 2
01-21 17:09:29.091  3427  3427 D audio_hw_primary: adev_open_output_stream: enter: sample_rate(48000) channel_mask(0x3) devices(0x2) flags(0x2)        stream_handle(0xb5f77880)
01-21 17:09:29.091  3427  3427 D audio_hw_primary: adev_open_output_stream: Stream (0xb5f77880) picks up usecase (deep-buffer-playback)
01-21 17:09:29.091  3427  3427 I AudioFlinger: AudioStreamOut::open(), mHalFormatIsLinearPcm = 1
01-21 17:09:29.091  3427  3427 I AudioFlinger: HAL output buffer size 960 frames, normal sink buffer size 960 frames
01-21 17:09:29.099  3427  3427 I BufferProvider: found effect "Multichannel Downmix To Stereo" from The Android Open Source Project
01-21 17:09:29.099  3427  3427 I AudioFlinger: Using module 1 has the primary audio interface
01-21 17:09:29.100  3427  3427 E APM::AudioPolicyEngine: getDeviceForStrategy() speaker device not found for STRATEGY_SONIFICATION
01-21 17:09:29.100  3427  3427 E APM::AudioPolicyEngine: getDeviceForStrategy() speaker device not found for STRATEGY_SONIFICATION
01-21 17:09:29.100  3427  4299 I AudioFlinger: AudioFlinger's thread 0xb3ec0000 ready to run
01-21 17:09:29.100  3427  4299 V SRS_Proc: ParamSet string: bluetooth_enabled=0
01-21 17:09:29.100  3427  4299 V SRS_ProcWS: SRS_Processing - SourceOutAdd - No Available Slot for 0xb3ec0000
01-21 17:09:29.100  3427  4299 D audio_hw_primary: out_set_parameters: enter: usecase(0: deep-buffer-playback) kvpairs: routing=2
01-21 17:09:29.101  3427  4299 D audio_hw_extn: audio_extn_set_anc_parameters: anc_enabled:0
01-21 17:09:29.101  3427  4299 D audio_hw_primary: out_standby: enter: stream (0xb5f77880) usecase(0: deep-buffer-playback)
01-21 17:09:29.101  3427  4299 E AudioFlinger: no wake lock to update!
01-21 17:09:29.102  3427  3427 I AudioFlinger: openOutput(), module 1 Device 2, SamplingRate 48000, Format 0x000001, Channels 3, flags 4
01-21 17:09:29.102  3427  3427 D audio_hw_primary: adev_open_output_stream: enter: sample_rate(48000) channel_mask(0x3) devices(0x2) flags(0x4)        stream_handle(0xb5f779c0)
01-21 17:09:29.102  3427  3427 D audio_hw_primary: adev_open_output_stream: Stream (0xb5f779c0) picks up usecase (low-latency-playback)
01-21 17:09:29.102  3427  3427 I AudioFlinger: AudioStreamOut::open(), mHalFormatIsLinearPcm = 1
01-21 17:09:29.102  3427  3427 I AudioFlinger: HAL output buffer size 240 frames, normal sink buffer size 960 frames
01-21 17:09:29.102  3427  3427 E MonoPipe: Failed to fetch local time frequency when constructing a MonoPipe (res = -32).  getNextWriteTimestamp calls will be non-functional
01-21 17:09:29.103  3427  3427 E APM::AudioPolicyEngine: getDeviceForStrategy() speaker device not found for STRATEGY_SONIFICATION
01-21 17:09:29.103  3427  3427 E APM::AudioPolicyEngine: getDeviceForStrategy() speaker device not found for STRATEGY_SONIFICATION
01-21 17:09:29.103  3427  4301 I AudioFlinger: AudioFlinger's thread 0xb3c40000 ready to run
01-21 17:09:29.103  3427  4301 V SRS_Proc: ParamSet string: bluetooth_enabled=0
01-21 17:09:29.103  3427  4301 V SRS_ProcWS: SRS_Processing - SourceOutAdd - No Available Slot for 0xb3c40000
01-21 17:09:29.103  3427  4301 D audio_hw_primary: out_set_parameters: enter: usecase(1: low-latency-playback) kvpairs: routing=2
01-21 17:09:29.103  3427  4301 D audio_hw_primary: out_standby: enter: stream (0xb5f779c0) usecase(1: low-latency-playback)
01-21 17:09:29.103  3427  4301 E AudioFlinger: no wake lock to update!
01-21 17:09:29.104  3427  3427 I AudioFlinger: openOutput(), module 1 Device 10000, SamplingRate 48000, Format 0x000001, Channels 3, flags 0
01-21 17:09:29.104  3427  3427 D audio_hw_primary: adev_open_output_stream: enter: sample_rate(48000) channel_mask(0x3) devices(0x10000) flags(0)        stream_handle(0xb5f77b00)
01-21 17:09:29.104  3427  3427 D audio_hw_primary: adev_open_output_stream: Stream (0xb5f77b00) picks up usecase (afe-proxy-playback)
01-21 17:09:29.104  3427  3427 I AudioFlinger: AudioStreamOut::open(), mHalFormatIsLinearPcm = 1
01-21 17:09:29.104  3427  3427 I AudioFlinger: HAL output buffer size 768 frames, normal sink buffer size 1152 frames
01-21 17:09:29.105  3427  3427 E APM::AudioPolicyEngine: getDeviceForStrategy() speaker device not found for STRATEGY_SONIFICATION
01-21 17:09:29.105  3427  3427 E APM::AudioPolicyEngine: getDeviceForStrategy() speaker device not found for STRATEGY_SONIFICATION
01-21 17:09:29.105  3427  4303 I AudioFlinger: AudioFlinger's thread 0xb3900000 ready to run
01-21 17:09:29.105  3427  4303 V SRS_Proc: ParamSet string: bluetooth_enabled=0
01-21 17:09:29.105  3427  4303 V SRS_ProcWS: SRS_Processing - SourceOutAdd - No Available Slot for 0xb3900000
01-21 17:09:29.105  3427  4303 D audio_hw_primary: out_set_parameters: enter: usecase(27: afe-proxy-playback) kvpairs: routing=65536
01-21 17:09:29.105  3427  4303 D audio_hw_primary: out_standby: enter: stream (0xb5f77b00) usecase(27: afe-proxy-playback)
01-21 17:09:29.105  3427  4303 E AudioFlinger: no wake lock to update!
01-21 17:09:29.106  3427  3427 D audio_hw_primary: adev_open_input_stream: enter: sample_rate(48000) channel_mask(0xfc) devices(0x80000004)        stream_handle(0xb5f3baa0) io_handle(8) source(1)
01-21 17:09:29.106  3427  3427 W audio_hw_primary: adev_open_input_stream: surround sound recording is not supported
01-21 17:09:29.106  3427  3427 E AudioFlinger: not enough memory for pipe buffer size=24576
01-21 17:09:29.106  3427  4304 I AudioFlinger: AudioFlinger's thread 0xb35c0000 ready to run
01-21 17:09:29.106  3427  3427 D audio_hw_primary: adev_close_input_stream: enter:stream_handle(0xb5f3baa0)
01-21 17:09:29.106  3427  3427 D audio_hw_primary: in_standby: enter: stream (0xb5f3baa0) usecase(7: audio-record)
01-21 17:09:29.107  3427  3427 D audio_hw_primary: adev_open_input_stream: enter: sample_rate(48000) channel_mask(0xc) devices(0x80000040)        stream_handle(0xb5f3baa0) io_handle(9) source(1)
01-21 17:09:29.107  3427  3427 D audio_hw_primary: adev_open_input_stream: enter: sample_rate(48000) channel_mask(0xc) devices(0x80000040)        stream_handle(0xb5f3baa0) io_handle(9) source(1)
01-21 17:09:29.107  3427  3427 W APM::AudioPolicyManager: Cannot open input stream for device 80000040 on hw module primary
01-21 17:09:29.108  3427  3427 I bt_a2dp_hw: adev_open:  adev_open in A2dp_hw module
01-21 17:09:29.108  3427  3427 I AudioFlinger: loadHwModule() Loaded a2dp audio interface from A2DP Audio HW HAL (audio) handle 10
01-21 17:09:29.109  3427  3427 I AudioFlinger: loadHwModule() Loaded usb audio interface from USB audio HW HAL (audio) handle 11
01-21 17:09:29.110  3427  3427 I r_submix: adev_open(name=audio_hw_if)
01-21 17:09:29.110  3427  3427 I r_submix: adev_init_check()
01-21 17:09:29.110  3427  3427 I AudioFlinger: loadHwModule() Loaded r_submix audio interface from Wifi Display audio HAL (audio) handle 12
01-21 17:09:29.110  3427  3427 D r_submix: adev_open_input_stream(addr=0)
01-21 17:09:29.110  3427  3427 D r_submix: submix_audio_device_create_pipe_l(addr=0, idx=9)
01-21 17:09:29.110  3427  3427 D r_submix:   now using address 0 for route 9
01-21 17:09:29.111  3427  4305 I AudioFlinger: AudioFlinger's thread 0xb35c0000 ready to run
01-21 17:09:29.111  3427  3427 D r_submix: adev_close_input_stream()
01-21 17:09:29.111  3427  3427 D r_submix: submix_audio_device_release_pipe_l(idx=9) addr=0
01-21 17:09:29.111  3427  3427 D r_submix: submix_audio_device_destroy_pipe_l(): pipe destroyed
01-21 17:09:29.111  3427  3427 E APM::AudioPolicyEngine: getDeviceForStrategy() speaker device not found for STRATEGY_SONIFICATION
01-21 17:09:29.111  3427  3427 E APM::AudioPolicyEngine: getDeviceForStrategy() speaker device not found for STRATEGY_SONIFICATION
01-21 17:09:29.111  3427  3427 I AudioPolicyManagerCustom: removing AUDIO_CHANNEL_IN_5POINT1 from input profile as SSR(surround sound record) is not supported on this chipset variant
01-21 17:09:29.112  3427  3427 E SoundTriggerHwService: couldn't load sound trigger module sound_trigger.primary (No such file or directory)
01-21 17:09:29.112  3427  3427 I RadioService: RadioService
01-21 17:09:29.112  3427  3427 I RadioService: onFirstRef
01-21 17:09:29.113  3427  3427 E RadioService: couldn't load radio module radio.primary (No such file or directory)
01-21 17:09:29.113  3427  3427 I mediaserver: ListenService instantiated
01-21 17:09:29.113  3427  3427 V ListenService: instantiate entered
01-21 17:09:29.113  3427  3427 V ListenService: getInstance entered, mNumInstances currently 0
01-21 17:09:29.113  3427  3427 V IListenClientDeathNotifier: constructor, this = 0xb5f77d58
01-21 17:09:29.113  3427  3427 V ListenService: constructor entered, this = 0xb5f77c40
01-21 17:09:29.113  3427  3427 D ListenService: setObitRecipient with ListenService ptr
01-21 17:09:29.113  3427  3427 V IListenClientDeathNotifier: setObitRecipient
01-21 17:09:29.113  3427  3427 V IListenClientDeathNotifier: setObitRecipient: mObitRecipient set to 0xb5f77c40
01-21 17:09:29.113  3427  3427 V ListenService: constructor end
01-21 17:09:29.113  3427  3427 V ListenService: loadAudioInterface enter
01-21 17:09:29.113  3427  3427 D audio_hw_primary: adev_open: enter
01-21 17:09:29.113  3427  3427 D audio_hw_primary: adev_open: returning existing instance of adev
01-21 17:09:29.113  3427  3427 D audio_hw_primary: adev_open: exit
01-21 17:09:29.113  3427  3427 V ListenService: loadAudioInterface returned status 0
01-21 17:09:29.113  3427  3427 V ListenService: getInstance returns 0xb5f77c40, mNumInstances set to 1
01-21 17:09:29.113  3427  3427 V ListenService: instantiate: call addService
01-21 17:09:29.113  3427  3427 V ListenService: instantiate returns
01-21 17:09:29.806  3790  3822 E BluetoothAdapter: Bluetooth binder is null
01-21 17:09:30.140   455  1043 I RKUPL_r2audio: --------------r2mem_vbv_vad_end
01-21 17:09:30.140   455  1043 I RKUPL_r2audio: --------------dirty(330)
01-21 17:09:30.448   455  1043 I RKUPL_r2audio: --------------r2mem_vbv_vad_begin shield 5477.340332
01-21 17:09:30.985  3790  4228 E libsensor1: sensor1_open: Error in connect() errno=2 No such file or directory
01-21 17:09:30.986  3790  4228 E qti_sensors_hal: sensor1 open failed!
01-21 17:09:30.986  3790  4228 W qti_sensors_hal: sensors_get_sensors_list: handle 0 is not registered!
01-21 17:09:30.986  3790  4228 W qti_sensors_hal: sensors_get_sensors_list: handle 10 is not registered!
01-21 17:09:30.986  3790  4228 W qti_sensors_hal: sensors_get_sensors_list: handle 11 is not registered!
01-21 17:09:30.986  3790  4228 W qti_sensors_hal: sensors_get_sensors_list: handle 51 is not registered!
01-21 17:09:30.986  3790  4228 W qti_sensors_hal: sensors_get_sensors_list: handle 52 is not registered!
01-21 17:09:30.986  3790  4228 W qti_sensors_hal: sensors_get_sensors_list: handle 2 is not registered!
01-21 17:09:30.986  3790  4228 W qti_sensors_hal: sensors_get_sensors_list: handle 8 is not registered!
01-21 17:09:30.986  3790  4228 W qti_sensors_hal: sensors_get_sensors_list: handle 68 is not registered!
01-21 17:09:30.986  3790  4228 W qti_sensors_hal: sensors_get_sensors_list: handle 48 is not registered!
01-21 17:09:30.986  3790  4228 W qti_sensors_hal: sensors_get_sensors_list: handle 67 is not registered!
01-21 17:09:30.986  3790  4228 W qti_sensors_hal: sensors_get_sensors_list: handle 1 is not registered!
01-21 17:09:30.986  3790  4228 W qti_sensors_hal: sensors_get_sensors_list: handle 3 is not registered!
01-21 17:09:30.986  3790  4228 W qti_sensors_hal: sensors_get_sensors_list: handle 9 is not registered!
01-21 17:09:30.986  3790  4228 W qti_sensors_hal: sensors_get_sensors_list: handle 15 is not registered!
01-21 17:09:30.986  3790  4228 W qti_sensors_hal: sensors_get_sensors_list: handle 17 is not registered!
01-21 17:09:30.986  3790  4228 W qti_sensors_hal: sensors_get_sensors_list: handle 26 is not registered!
01-21 17:09:30.986  3790  4228 W qti_sensors_hal: sensors_get_sensors_list: handle 27 is not registered!
01-21 17:09:30.986  3790  4228 W qti_sensors_hal: sensors_get_sensors_list: handle 65 is not registered!
01-21 17:09:30.986  3790  4228 W qti_sensors_hal: sensors_get_sensors_list: handle 66 is not registered!
01-21 17:09:30.986  3790  4228 W qti_sensors_hal: sensors_get_sensors_list: handle 19 is not registered!
01-21 17:09:30.986  3790  4228 W qti_sensors_hal: sensors_get_sensors_list: handle 24 is not registered!
01-21 17:09:30.986  3790  4228 W qti_sensors_hal: sensors_get_sensors_list: handle 64 is not registered!
01-21 17:09:30.986  3790  4228 W qti_sensors_hal: sensors_get_sensors_list: handle 18 is not registered!
01-21 17:09:30.986  3790  4228 W qti_sensors_hal: sensors_get_sensors_list: handle 20 is not registered!
01-21 17:09:30.986  3790  4228 W qti_sensors_hal: sensors_get_sensors_list: handle 25 is not registered!
01-21 17:09:30.986  3790  4228 W qti_sensors_hal: sensors_get_sensors_list: handle 28 is not registered!
01-21 17:09:30.986  3790  4228 W qti_sensors_hal: sensors_get_sensors_list: handle 29 is not registered!
01-21 17:09:30.986  3790  4228 W qti_sensors_hal: sensors_get_sensors_list: handle 30 is not registered!
01-21 17:09:30.987  3790  4228 W qti_sensors_hal: sensors_get_sensors_list: handle 36 is not registered!
01-21 17:09:30.987  3790  4228 W qti_sensors_hal: sensors_get_sensors_list: handle 43 is not registered!
01-21 17:09:30.987  3790  4228 W qti_sensors_hal: sensors_get_sensors_list: handle 44 is not registered!
01-21 17:09:30.987  3790  4228 W qti_sensors_hal: sensors_get_sensors_list: handle 47 is not registered!
01-21 17:09:30.987  3790  4228 W qti_sensors_hal: sensors_get_sensors_list: handle 50 is not registered!
01-21 17:09:30.987  3790  4228 W qti_sensors_hal: sensors_get_sensors_list: handle 53 is not registered!
01-21 17:09:30.987  3790  4228 W qti_sensors_hal: sensors_get_sensors_list: handle 49 is not registered!
01-21 17:09:30.987  3790  4228 W qti_sensors_hal: sensors_get_sensors_list: handle 55 is not registered!
01-21 17:09:30.987  3790  4228 W qti_sensors_hal: sensors_get_sensors_list: handle 57 is not registered!
01-21 17:09:30.987  3790  4228 W qti_sensors_hal: sensors_get_sensors_list: handle 58 is not registered!
01-21 17:09:30.987  3790  4228 W qti_sensors_hal: sensors_get_sensors_list: handle 59 is not registered!
01-21 17:09:30.987  3790  4228 W qti_sensors_hal: sensors_get_sensors_list: handle 62 is not registered!
01-21 17:09:30.987  3790  4228 W qti_sensors_hal: sensors_get_sensors_list: handle 63 is not registered!
01-21 17:09:30.987  3790  4228 W qti_sensors_hal: sensors_get_sensors_list: handle 60 is not registered!
01-21 17:09:30.987  3790  4228 W qti_sensors_hal: sensors_get_sensors_list: handle 61 is not registered!
01-21 17:09:30.987  3790  4228 W qti_sensors_hal: sensors_get_sensors_list: handle 56 is not registered!
01-21 17:09:30.987  3790  4228 W qti_sensors_hal: sensors_get_sensors_list: handle 4 is not registered!
01-21 17:09:30.987  3790  4228 W qti_sensors_hal: sensors_get_sensors_list: handle 5 is not registered!
01-21 17:09:30.987  3790  4228 W qti_sensors_hal: sensors_get_sensors_list: handle 6 is not registered!
01-21 17:09:30.987  3790  4228 W qti_sensors_hal: sensors_get_sensors_list: handle 7 is not registered!
01-21 17:09:30.987  3790  4228 W qti_sensors_hal: sensors_get_sensors_list: handle 21 is not registered!
01-21 17:09:30.987  3790  4228 W qti_sensors_hal: sensors_get_sensors_list: handle 22 is not registered!
01-21 17:09:30.987  3790  4228 W qti_sensors_hal: sensors_get_sensors_list: handle 23 is not registered!
01-21 17:09:30.987  3790  4228 W qti_sensors_hal: sensors_get_sensors_list: handle 31 is not registered!
01-21 17:09:30.987  3790  4228 W qti_sensors_hal: sensors_get_sensors_list: handle 32 is not registered!
01-21 17:09:30.987  3790  4228 W qti_sensors_hal: sensors_get_sensors_list: handle 33 is not registered!
01-21 17:09:30.987  3790  4228 W qti_sensors_hal: sensors_get_sensors_list: handle 34 is not registered!
01-21 17:09:30.987  3790  4228 W qti_sensors_hal: sensors_get_sensors_list: handle 35 is not registered!
01-21 17:09:30.987  3790  4228 W qti_sensors_hal: sensors_get_sensors_list: handle 37 is not registered!
01-21 17:09:30.987  3790  4228 W qti_sensors_hal: sensors_get_sensors_list: handle 38 is not registered!
01-21 17:09:30.987  3790  4228 W qti_sensors_hal: sensors_get_sensors_list: handle 39 is not registered!
01-21 17:09:30.987  3790  4228 W qti_sensors_hal: sensors_get_sensors_list: handle 40 is not registered!
01-21 17:09:30.987  3790  4228 W qti_sensors_hal: sensors_get_sensors_list: handle 41 is not registered!
01-21 17:09:30.987  3790  4228 W qti_sensors_hal: sensors_get_sensors_list: handle 42 is not registered!
01-21 17:09:30.987  3790  4228 W qti_sensors_hal: sensors_get_sensors_list: handle 45 is not registered!
01-21 17:09:30.987  3790  4228 W qti_sensors_hal: sensors_get_sensors_list: handle 46 is not registered!
01-21 17:09:30.987  3790  4228 W qti_sensors_hal: sensors_get_sensors_list: handle 54 is not registered!
01-21 17:09:30.987  3790  4228 W qti_sensors_hal: sensors_get_sensors_list: handle 12 is not registered!
01-21 17:09:30.987  3790  4228 W qti_sensors_hal: sensors_get_sensors_list: handle 13 is not registered!
01-21 17:09:30.987  3790  4228 W qti_sensors_hal: sensors_get_sensors_list: handle 14 is not registered!
01-21 17:09:30.987  3790  4228 W qti_sensors_hal: sensors_get_sensors_list: handle 0 is not registered!
01-21 17:09:30.987  3790  4228 W qti_sensors_hal: sensors_get_sensors_list: handle 10 is not registered!
01-21 17:09:30.987  3790  4228 W qti_sensors_hal: sensors_get_sensors_list: handle 11 is not registered!
01-21 17:09:30.987  3790  4228 W qti_sensors_hal: sensors_get_sensors_list: handle 51 is not registered!
01-21 17:09:30.987  3790  4228 W qti_sensors_hal: sensors_get_sensors_list: handle 52 is not registered!
01-21 17:09:30.987  3790  4228 W qti_sensors_hal: sensors_get_sensors_list: handle 2 is not registered!
01-21 17:09:30.988  3790  4228 W qti_sensors_hal: sensors_get_sensors_list: handle 8 is not registered!
01-21 17:09:30.988  3790  4228 W qti_sensors_hal: sensors_get_sensors_list: handle 68 is not registered!
01-21 17:09:30.988  3790  4228 W qti_sensors_hal: sensors_get_sensors_list: handle 48 is not registered!
01-21 17:09:30.988  3790  4228 W qti_sensors_hal: sensors_get_sensors_list: handle 67 is not registered!
01-21 17:09:30.988  3790  4228 W qti_sensors_hal: sensors_get_sensors_list: handle 1 is not registered!
01-21 17:09:30.988  3790  4228 W qti_sensors_hal: sensors_get_sensors_list: handle 3 is not registered!
01-21 17:09:30.988  3790  4228 W qti_sensors_hal: sensors_get_sensors_list: handle 9 is not registered!
01-21 17:09:30.988  3790  4228 W qti_sensors_hal: sensors_get_sensors_list: handle 15 is not registered!
01-21 17:09:30.988  3790  4228 W qti_sensors_hal: sensors_get_sensors_list: handle 17 is not registered!
01-21 17:09:30.988  3790  4228 W qti_sensors_hal: sensors_get_sensors_list: handle 26 is not registered!
01-21 17:09:30.988  3790  4228 W qti_sensors_hal: sensors_get_sensors_list: handle 27 is not registered!
01-21 17:09:30.988  3790  4228 W qti_sensors_hal: sensors_get_sensors_list: handle 65 is not registered!
01-21 17:09:30.988  3790  4228 W qti_sensors_hal: sensors_get_sensors_list: handle 66 is not registered!
01-21 17:09:30.988  3790  4228 W qti_sensors_hal: sensors_get_sensors_list: handle 19 is not registered!
01-21 17:09:30.988  3790  4228 W qti_sensors_hal: sensors_get_sensors_list: handle 24 is not registered!
01-21 17:09:30.988  3790  4228 W qti_sensors_hal: sensors_get_sensors_list: handle 64 is not registered!
01-21 17:09:30.988  3790  4228 W qti_sensors_hal: sensors_get_sensors_list: handle 18 is not registered!
01-21 17:09:30.988  3790  4228 W qti_sensors_hal: sensors_get_sensors_list: handle 20 is not registered!
01-21 17:09:30.988  3790  4228 W qti_sensors_hal: sensors_get_sensors_list: handle 25 is not registered!
01-21 17:09:30.988  3790  4228 W qti_sensors_hal: sensors_get_sensors_list: handle 28 is not registered!
01-21 17:09:30.988  3790  4228 W qti_sensors_hal: sensors_get_sensors_list: handle 29 is not registered!
01-21 17:09:30.988  3790  4228 W qti_sensors_hal: sensors_get_sensors_list: handle 30 is not registered!
01-21 17:09:30.988  3790  4228 W qti_sensors_hal: sensors_get_sensors_list: handle 36 is not registered!
01-21 17:09:30.988  3790  4228 W qti_sensors_hal: sensors_get_sensors_list: handle 43 is not registered!
01-21 17:09:30.988  3790  4228 W qti_sensors_hal: sensors_get_sensors_list: handle 44 is not registered!
01-21 17:09:30.988  3790  4228 W qti_sensors_hal: sensors_get_sensors_list: handle 47 is not registered!
01-21 17:09:30.988  3790  4228 W qti_sensors_hal: sensors_get_sensors_list: handle 50 is not registered!
01-21 17:09:30.988  3790  4228 W qti_sensors_hal: sensors_get_sensors_list: handle 53 is not registered!
01-21 17:09:30.988  3790  4228 W qti_sensors_hal: sensors_get_sensors_list: handle 49 is not registered!
01-21 17:09:30.988  3790  4228 W qti_sensors_hal: sensors_get_sensors_list: handle 55 is not registered!
01-21 17:09:30.988  3790  4228 W qti_sensors_hal: sensors_get_sensors_list: handle 57 is not registered!
01-21 17:09:30.988  3790  4228 W qti_sensors_hal: sensors_get_sensors_list: handle 58 is not registered!
01-21 17:09:30.988  3790  4228 W qti_sensors_hal: sensors_get_sensors_list: handle 59 is not registered!
01-21 17:09:30.988  3790  4228 W qti_sensors_hal: sensors_get_sensors_list: handle 62 is not registered!
01-21 17:09:30.988  3790  4228 W qti_sensors_hal: sensors_get_sensors_list: handle 63 is not registered!
01-21 17:09:30.988  3790  4228 W qti_sensors_hal: sensors_get_sensors_list: handle 60 is not registered!
01-21 17:09:30.988  3790  4228 W qti_sensors_hal: sensors_get_sensors_list: handle 61 is not registered!
01-21 17:09:30.988  3790  4228 W qti_sensors_hal: sensors_get_sensors_list: handle 56 is not registered!
01-21 17:09:30.988  3790  4228 W qti_sensors_hal: sensors_get_sensors_list: handle 4 is not registered!
01-21 17:09:30.988  3790  4228 W qti_sensors_hal: sensors_get_sensors_list: handle 5 is not registered!
01-21 17:09:30.988  3790  4228 W qti_sensors_hal: sensors_get_sensors_list: handle 6 is not registered!
01-21 17:09:30.988  3790  4228 W qti_sensors_hal: sensors_get_sensors_list: handle 7 is not registered!
01-21 17:09:30.988  3790  4228 W qti_sensors_hal: sensors_get_sensors_list: handle 21 is not registered!
01-21 17:09:30.988  3790  4228 W qti_sensors_hal: sensors_get_sensors_list: handle 22 is not registered!
01-21 17:09:30.988  3790  4228 W qti_sensors_hal: sensors_get_sensors_list: handle 23 is not registered!
01-21 17:09:30.988  3790  4228 W qti_sensors_hal: sensors_get_sensors_list: handle 31 is not registered!
01-21 17:09:30.988  3790  4228 W qti_sensors_hal: sensors_get_sensors_list: handle 32 is not registered!
01-21 17:09:30.988  3790  4228 W qti_sensors_hal: sensors_get_sensors_list: handle 33 is not registered!
01-21 17:09:30.988  3790  4228 W qti_sensors_hal: sensors_get_sensors_list: handle 34 is not registered!
01-21 17:09:30.988  3790  4228 W qti_sensors_hal: sensors_get_sensors_list: handle 35 is not registered!
01-21 17:09:30.988  3790  4228 W qti_sensors_hal: sensors_get_sensors_list: handle 37 is not registered!
01-21 17:09:30.988  3790  4228 W qti_sensors_hal: sensors_get_sensors_list: handle 38 is not registered!
01-21 17:09:30.989  3790  4228 W qti_sensors_hal: sensors_get_sensors_list: handle 39 is not registered!
01-21 17:09:30.989  3790  4228 W qti_sensors_hal: sensors_get_sensors_list: handle 40 is not registered!
01-21 17:09:30.989  3790  4228 W qti_sensors_hal: sensors_get_sensors_list: handle 41 is not registered!
01-21 17:09:30.989  3790  4228 W qti_sensors_hal: sensors_get_sensors_list: handle 42 is not registered!
01-21 17:09:30.989  3790  4228 W qti_sensors_hal: sensors_get_sensors_list: handle 45 is not registered!
01-21 17:09:30.989  3790  4228 W qti_sensors_hal: sensors_get_sensors_list: handle 46 is not registered!
01-21 17:09:30.989  3790  4228 W qti_sensors_hal: sensors_get_sensors_list: handle 54 is not registered!
01-21 17:09:30.989  3790  4228 W qti_sensors_hal: sensors_get_sensors_list: handle 12 is not registered!
01-21 17:09:30.989  3790  4228 W qti_sensors_hal: sensors_get_sensors_list: handle 13 is not registered!
01-21 17:09:30.989  3790  4228 W qti_sensors_hal: sensors_get_sensors_list: handle 14 is not registered!
01-21 17:09:30.989  3790  4228 I         : System server: sensor init done.
01-21 17:09:30.993  3790  3790 W System  : ClassLoader referenced unknown path: /system/priv-app/SettingsProvider/lib/arm
01-21 17:09:31.002  3790  3790 I SystemServer: Vibrator Service
01-21 17:09:31.004  3790  3790 I SystemServer: Consumer IR Service
01-21 17:09:31.005  3790  3790 E ConsumerIrService: Can't open consumer IR HW Module, error: -2
01-21 17:09:31.005  3790  3790 I SystemServiceManager: Starting com.android.server.AlarmManagerService
01-21 17:09:31.009  3790  3790 I SystemServer: Init Watchdog
01-21 17:09:31.010  3790  3790 I SystemServer: Input Manager
01-21 17:09:31.010  3790  3790 I InputManager: Initializing input manager, mUseDevInputEventForAudioJack=true
01-21 17:09:31.011  3790  3790 I SystemServer: Window Manager
01-21 17:09:31.020  3790  3840 I WindowManager: No existing display settings /data/system/display_settings.xml; starting empty
01-21 17:09:31.048  3790  3790 I InputManager: Starting input manager
01-21 17:09:31.050  3790  3790 I SystemServer: Bluetooth Service
01-21 17:09:31.050  3790  3790 I SystemServiceManager: Starting com.android.server.BluetoothService
01-21 17:09:31.052  3790  3790 D BluetoothManagerService: Loading stored name and address
01-21 17:09:31.052  3790  3790 D BluetoothManagerService: Stored bluetooth Name=null,Address=null
01-21 17:09:31.053  3790  3790 E BluetoothManagerService: Unable to resolve SystemUI's UID.
01-21 17:09:31.053  3790  3790 E BluetoothManagerService: android.content.pm.PackageManager$NameNotFoundException: com.android.systemui
01-21 17:09:31.053  3790  3790 E BluetoothManagerService: 	at android.app.ApplicationPackageManager.getPackageUid(ApplicationPackageManager.java:231)
01-21 17:09:31.053  3790  3790 E BluetoothManagerService: 	at com.android.server.BluetoothManagerService.<init>(BluetoothManagerService.java:262)
01-21 17:09:31.053  3790  3790 E BluetoothManagerService: 	at com.android.server.BluetoothService.<init>(BluetoothService.java:29)
01-21 17:09:31.053  3790  3790 E BluetoothManagerService: 	at java.lang.reflect.Constructor.newInstance(Native Method)
01-21 17:09:31.053  3790  3790 E BluetoothManagerService: 	at com.android.server.SystemServiceManager.startService(SystemServiceManager.java:89)
01-21 17:09:31.053  3790  3790 E BluetoothManagerService: 	at com.android.server.SystemServer.startOtherServices(SystemServer.java:534)
01-21 17:09:31.053  3790  3790 E BluetoothManagerService: 	at com.android.server.SystemServer.run(SystemServer.java:275)
01-21 17:09:31.053  3790  3790 E BluetoothManagerService: 	at com.android.server.SystemServer.main(SystemServer.java:173)
01-21 17:09:31.053  3790  3790 E BluetoothManagerService: 	at java.lang.reflect.Method.invoke(Native Method)
01-21 17:09:31.053  3790  3790 E BluetoothManagerService: 	at com.android.internal.os.ZygoteInit$MethodAndArgsCaller.run(ZygoteInit.java:730)
01-21 17:09:31.053  3790  3790 E BluetoothManagerService: 	at com.android.internal.os.ZygoteInit.main(ZygoteInit.java:620)
01-21 17:09:31.053  3790  3790 D BluetoothService: onStart: publishing BluetoothManagerService
01-21 17:09:31.054  3790  3790 I SystemServer: Input Method Service
01-21 17:09:31.057  3790  4321 D EventHub: No input device configuration file found for device 'qpnp_pon'.
01-21 17:09:31.065  3790  4321 W EventHub: Unable to disable kernel key repeat for /dev/input/event0: Function not implemented
01-21 17:09:31.065  3790  4321 I EventHub: New device: id=1, fd=69, path='/dev/input/event0', name='qpnp_pon', classes=0x1, configuration='', keyLayout='/system/usr/keylayout/Generic.kl', keyCharacterMap='/system/usr/keychars/Generic.kcm', builtinKeyboard=false, wakeMechanism=EVIOCSSUSPENDBLOCK, usingClockIoctl=true
01-21 17:09:31.065  3790  4321 E EventHub: could not get driver version for /dev/input/mice, Not a typewriter
01-21 17:09:31.068  3790  3790 V BoostFramework: mAcquireFunc method = public int com.qualcomm.qti.Performance.perfLockAcquire(int,int[])
01-21 17:09:31.068  3790  3790 V BoostFramework: mReleaseFunc method = public int com.qualcomm.qti.Performance.perfLockRelease()
01-21 17:09:31.068  3790  3790 V BoostFramework: mAcquireTouchFunc method = public int com.qualcomm.qti.Performance.perfLockAcquireTouch(android.view.MotionEvent,android.util.DisplayMetrics,int,int[])
01-21 17:09:31.068  3790  3790 V BoostFramework: mIOPStart method = public int com.qualcomm.qti.Performance.perfIOPrefetchStart(int,java.lang.String)
01-21 17:09:31.068  3790  3790 V BoostFramework: mIOPStop method = public int com.qualcomm.qti.Performance.perfIOPrefetchStop()
01-21 17:09:31.070  3790  3790 V BoostFramework: BoostFramework() : mPerf = com.qualcomm.qti.Performance@4e25e4e
01-21 17:09:31.093  3790  3790 I SystemServer: Accessibility Manager
01-21 17:09:31.098  3790  3790 I XXXXXX  : choosing minFree values for 32 Bit
01-21 17:09:31.098  3790  3790 I XXXXXX  : choosing minFree values for 32 Bit
01-21 17:09:31.098  3790  3790 I XXXXXX  : choosing minFree values for 32 Bit
01-21 17:09:31.098  3790  3790 I XXXXXX  : choosing minFree values for 32 Bit
01-21 17:09:31.098  3790  3790 I XXXXXX  : choosing minFree values for 32 Bit
01-21 17:09:31.098  3790  3790 I XXXXXX  : choosing minFree values for 32 Bit
01-21 17:09:31.100  3790  3790 I ActivityManager: Config changes=1df8 {1.0 ?mcc?mnc zh_CN ldltr sw240dp w320dp h240dp 320dpi smll land ?uimode ?night -touch -keyb/v/h -nav/h s.2}
01-21 17:09:31.106  3790  3790 I ActivityManager: Config changes=400 {1.0 ?mcc?mnc zh_CN ldltr sw240dp w272dp h216dp 320dpi smll land ?uimode ?night -touch -keyb/v/h -nav/h s.3}
01-21 17:09:31.107  3790  3790 I SystemServiceManager: Starting com.android.server.MountService$Lifecycle
01-21 17:09:31.113  3790  3790 I SystemServiceManager: Starting com.android.server.UiModeManagerService
01-21 17:09:31.113  3790  4334 D MountService: Thinking about reset, mSystemReady=false, mDaemonConnected=true
01-21 17:09:31.114  3790  4321 D EventHub: No input device configuration file found for device 'gpio-keys'.
01-21 17:09:31.115  3790  3790 I ActivityManager: Config changes=200 {1.0 ?mcc?mnc zh_CN ldltr sw240dp w272dp h216dp 320dpi smll land -touch -keyb/v/h -nav/h s.4}
01-21 17:09:31.117  3790  4321 W EventHub: Unable to disable kernel key repeat for /dev/input/event1: Function not implemented
01-21 17:09:31.117  3790  4321 I EventHub: New device: id=2, fd=76, path='/dev/input/event1', name='gpio-keys', classes=0x1, configuration='', keyLayout='/system/usr/keylayout/gpio-keys.kl', keyCharacterMap='/system/usr/keychars/Generic.kcm', builtinKeyboard=false, wakeMechanism=EVIOCSSUSPENDBLOCK, usingClockIoctl=true
01-21 17:09:31.117  3790  3790 I SystemServer: LockSettingsService
01-21 17:09:31.119  3790  3790 I SystemServiceManager: Starting com.android.server.PersistentDataBlockService
01-21 17:09:31.121  3790  4321 I InputReader: Device added: id=-1, name='Virtual', sources=0x00000301
01-21 17:09:31.121  3790  4321 I InputReader: Device added: id=2, name='gpio-keys', sources=0x00000101
01-21 17:09:31.121  3790  4321 I InputReader: Device added: id=1, name='qpnp_pon', sources=0x00000101
01-21 17:09:31.121  3790  3790 E PersistentDataBlockService: not able to find package com.google.android.gms
01-21 17:09:31.121  3790  3790 E PersistentDataBlockService: android.content.pm.PackageManager$NameNotFoundException: com.google.android.gms
01-21 17:09:31.121  3790  3790 E PersistentDataBlockService: 	at android.app.ApplicationPackageManager.getPackageUid(ApplicationPackageManager.java:231)
01-21 17:09:31.121  3790  3790 E PersistentDataBlockService: 	at com.android.server.PersistentDataBlockService.getAllowedUid(PersistentDataBlockService.java:96)
01-21 17:09:31.121  3790  3790 E PersistentDataBlockService: 	at com.android.server.PersistentDataBlockService.<init>(PersistentDataBlockService.java:87)
01-21 17:09:31.121  3790  3790 E PersistentDataBlockService: 	at java.lang.reflect.Constructor.newInstance(Native Method)
01-21 17:09:31.121  3790  3790 E PersistentDataBlockService: 	at com.android.server.SystemServiceManager.startService(SystemServiceManager.java:89)
01-21 17:09:31.121  3790  3790 E PersistentDataBlockService: 	at com.android.server.SystemServer.startOtherServices(SystemServer.java:623)
01-21 17:09:31.121  3790  3790 E PersistentDataBlockService: 	at com.android.server.SystemServer.run(SystemServer.java:275)
01-21 17:09:31.121  3790  3790 E PersistentDataBlockService: 	at com.android.server.SystemServer.main(SystemServer.java:173)
01-21 17:09:31.121  3790  3790 E PersistentDataBlockService: 	at java.lang.reflect.Method.invoke(Native Method)
01-21 17:09:31.121  3790  3790 E PersistentDataBlockService: 	at com.android.internal.os.ZygoteInit$MethodAndArgsCaller.run(ZygoteInit.java:730)
01-21 17:09:31.121  3790  3790 E PersistentDataBlockService: 	at com.android.internal.os.ZygoteInit.main(ZygoteInit.java:620)
01-21 17:09:31.121  3790  4321 I InputReader: Reconfiguring input devices.  changes=0x00000004
01-21 17:09:31.122  3790  3790 E PersistentDataBlockService: partition not available?
01-21 17:09:31.122  3790  3790 E PersistentDataBlockService: java.io.FileNotFoundException: /dev/block/bootdevice/by-name/config: open failed: ENOENT (No such file or directory)
01-21 17:09:31.122  3790  3790 E PersistentDataBlockService: 	at libcore.io.IoBridge.open(IoBridge.java:452)
01-21 17:09:31.122  3790  3790 E PersistentDataBlockService: 	at java.io.FileInputStream.<init>(FileInputStream.java:76)
01-21 17:09:31.122  3790  3790 E PersistentDataBlockService: 	at com.android.server.PersistentDataBlockService.computeDigestLocked(PersistentDataBlockService.java:208)
