01-21 17:09:36.855  3790  4710 E LocSvc_api_v02: I/---> locClientSendReq line 2020 QMI_LOC_SET_PROTOCOL_CONFIG_PARAMETERS_REQ_V02
01-21 17:09:36.857  3790  4716 E LocSvc_ApiV02: I/<--- void globalRespCb(locClientHandleType, uint32_t, locClientRespIndUnionType, void*) line 115 QMI_LOC_SET_PROTOCOL_CONFIG_PARAMETERS_REQ_V02
01-21 17:09:36.858  3790  4710 E LocSvc_api_v02: I/---> locClientSendReq line 2020 QMI_LOC_SET_PROTOCOL_CONFIG_PARAMETERS_REQ_V02
01-21 17:09:36.859  3790  3790 I ActivityManager: Start proc 4781:com.rokid.systemui/u0a27 for added application com.rokid.systemui
01-21 17:09:36.860  3790  4716 E LocSvc_ApiV02: I/<--- void globalRespCb(locClientHandleType, uint32_t, locClientRespIndUnionType, void*) line 115 QMI_LOC_SET_PROTOCOL_CONFIG_PARAMETERS_REQ_V02
01-21 17:09:36.860  3790  4710 E LocSvc_api_v02: I/---> locClientSendReq line 2020 QMI_LOC_SET_SENSOR_CONTROL_CONFIG_REQ_V02
01-21 17:09:36.862  3790  4716 E LocSvc_ApiV02: I/<--- void globalRespCb(locClientHandleType, uint32_t, locClientRespIndUnionType, void*) line 115 QMI_LOC_SET_SENSOR_CONTROL_CONFIG_REQ_V02
01-21 17:09:36.862  3790  4710 E LocSvc_api_v02: I/---> locClientSendReq line 2020 QMI_LOC_SET_PROTOCOL_CONFIG_PARAMETERS_REQ_V02
01-21 17:09:36.866  3790  4716 E LocSvc_ApiV02: I/<--- void globalRespCb(locClientHandleType, uint32_t, locClientRespIndUnionType, void*) line 115 QMI_LOC_SET_PROTOCOL_CONFIG_PARAMETERS_REQ_V02
01-21 17:09:36.866  3790  4710 E LocSvc_api_v02: I/---> locClientSendReq line 2020 QMI_LOC_SET_SENSOR_PERFORMANCE_CONTROL_CONFIGURATION_REQ_V02
01-21 17:09:36.868  3790  4716 E LocSvc_ApiV02: I/<--- void globalRespCb(locClientHandleType, uint32_t, locClientRespIndUnionType, void*) line 115 QMI_LOC_SET_SENSOR_PERFORMANCE_CONTROL_CONFIGURATION_REQ_V02
01-21 17:09:36.868  3790  4710 E LocSvc_api_v02: I/---> locClientSendReq line 2020 QMI_LOC_SET_XTRA_VERSION_CHECK_REQ_V02
01-21 17:09:36.869  3790  4710 E LocSvc_ApiV02: E/virtual loc_api_adapter_err LocApiV02::setXtraVersionCheck(loc_core::xtra_version_check):3301]: Set xtra version check failed. status: eLOC_CLIENT_FAILURE_INTERNAL, ind status:eQMI_LOC_SUCCESS_V02
01-21 17:09:36.869  3790  4710 D GpsLocationProvider: set_capabilities_callback: 49u
01-21 17:09:36.869  3790  4710 E LocSvc_api_v02: I/---> locClientSendReq line 2020 QMI_LOC_SET_SERVER_REQ_V02
01-21 17:09:36.871  3790  4716 E LocSvc_ApiV02: I/<--- void globalRespCb(locClientHandleType, uint32_t, locClientRespIndUnionType, void*) line 115 QMI_LOC_SET_SERVER_REQ_V02
01-21 17:09:36.872  3790  3790 I ActivityManager: Start proc 4788:com.qualcomm.qti.rcsbootstraputil/1001 for added application com.qualcomm.qti.rcsbootstraputil
01-21 17:09:36.890  3790  3790 I ActivityManager: Start proc 4793:com.qualcomm.qti.tetherservice/1000 for added application com.qualcomm.qti.tetherservice
01-21 17:09:36.905  3790  3790 I ActivityManager: Start proc 4806:com.android.phone/1001 for added application com.android.phone
01-21 17:09:36.906  3790  3790 I ActivityManager: START u0 {act=android.intent.action.MAIN cat=[android.intent.category.HOME] flg=0x10000000 cmp=com.rokid.launcher/.PortalActivity} from uid 0 on display 0
01-21 17:09:36.910  3790  3790 V BoostFramework: BoostFramework() : mPerf = com.qualcomm.qti.Performance@7c4d995
01-21 17:09:36.921  4793  4813 I art     : Debugger is no longer active
01-21 17:09:36.927  3790  3790 V BoostFramework: BoostFramework() : mPerf = com.qualcomm.qti.Performance@2bc6a38
01-21 17:09:36.927  3790  3790 I ActivityManager: Start proc 4820:com.rokid.launcher/u0a21 for activity com.rokid.launcher/.PortalActivity
01-21 17:09:37.039  3790  3790 I Rokid Sys Serv: rokid system server on load
01-21 17:09:37.039  3790  3819 W art     : Long monitor contention event with owner method=void com.android.server.am.ActivityManagerService.systemReady(java.lang.Runnable) from ActivityManagerService.java:11947 waiters=2 for 202ms
01-21 17:09:37.048  3790  3816 E ActivityManager: ROKID: start service: com.android.printspooler uid: 10071 is isolated: false
01-21 17:09:37.052  3790  3790 I Rokid Sys Serv: 
01-21 17:09:37.052  3790  3790 I Rokid Sys Serv: ###############
01-21 17:09:37.052  3790  3790 I Rokid Sys Serv: # rokid world #
01-21 17:09:37.052  3790  3790 I Rokid Sys Serv: ###############
01-21 17:09:37.066  3790  3790 D LegacySLManager: ctor
01-21 17:09:37.085  3790  3790 I IncubatorServiceLauncher: launch service rk_connection
01-21 17:09:37.097  3790  4865 I AndroidXMLDecompress: decompress xml complete:
01-21 17:09:37.097  3790  4865 I AndroidXMLDecompress: <manifest versionCode="1" versionName="1.0" package="com.rokid.runtime" platformBuildVersionCode="23" platformBuildVersionName="6.0.1">
01-21 17:09:37.097  3790  4865 I AndroidXMLDecompress:   <uses-permission name="android.permission.ACCESS_NETWORK_STATE">
01-21 17:09:37.097  3790  4865 I AndroidXMLDecompress:   </uses-permission>
01-21 17:09:37.097  3790  4865 I AndroidXMLDecompress:   <uses-permission name="android.permission.ACCESS_WIMAX_STATE">
01-21 17:09:37.097  3790  4865 I AndroidXMLDecompress:   </uses-permission>
01-21 17:09:37.097  3790  4865 I AndroidXMLDecompress:   <uses-permission name="android.permission.CHANGE_WIMAX_STATE">
01-21 17:09:37.097  3790  4865 I AndroidXMLDecompress:   </uses-permission>
01-21 17:09:37.097  3790  4865 I AndroidXMLDecompress:   <uses-permission name="android.permission.ACCESS_WIFI_STATE">
01-21 17:09:37.097  3790  4865 I AndroidXMLDecompress:   </uses-permission>
01-21 17:09:37.097  3790  4865 I AndroidXMLDecompress:   <uses-permission name="android.permission.CHANGE_WIFI_STATE">
01-21 17:09:37.097  3790  4865 I AndroidXMLDecompress:   </uses-permission>
01-21 17:09:37.097  3790  4865 I AndroidXMLDecompress:   <uses-permission name="android.permission.INTERNET">
01-21 17:09:37.097  3790  4865 I AndroidXMLDecompress:   </uses-permission>
01-21 17:09:37.097  3790  4865 I AndroidXMLDecompress:   <uses-permission name="android.permission.GET_TASKS">
01-21 17:09:37.097  3790  4865 I AndroidXMLDecompress:   </uses-permission>
01-21 17:09:37.097  3790  4865 I AndroidXMLDecompress:   <uses-permission name="android.permission.WRITE_SETTINGS">
01-21 17:09:37.097  3790  4865 I AndroidXMLDecompress:   </uses-permission>
01-21 17:09:37.097  3790  4865 I AndroidXMLDecompress:   <uses-permission name="android.permission.MODIFY_AUDIO_SETTINGS">
01-21 17:09:37.097  3790  4865 I AndroidXMLDecompress:   </uses-permission>
01-21 17:09:37.097  3790  4865 I AndroidXMLDecompress:   <uses-permission name="android.permission.CHANGE_CONFIGURATION">
01-21 17:09:37.097  3790  4865 I AndroidXMLDecompress:   </uses-permission>
01-21 17:09:37.097  3790  4865 I AndroidXMLDecompress:   <uses-sdk minSdkVersion="19" targetSdkVersion="23">
01-21 17:09:37.097  3790  4865 I AndroidXMLDecompress:   </uses-sdk>
01-21 17:09:37.097  3790  4865 I AndroidXMLDecompress:   <application theme="2131099649" label="2131034112" icon="2130837504" allowBackup="-1" largeHeap="-1">
01-21 17:09:37.097  3790  4865 I AndroidXMLDecompress:     <service name="com.rokid.runtime.RKRuntimeService" exported="-1">
01-21 17:09:37.097  3790  4865 I AndroidXMLDecompress:       <intent-filter>
01-21 17:09:37.097  3790  4865 I AndroidXMLDecompress:         <action name="com.rokid.runtime.RKRuntime">
01-21 17:09:37.097  3790  4865 I AndroidXMLDecompress:         </action>
01-21 17:09:37.097  3790  4865 I AndroidXMLDecompress:       </intent-filter>
01-21 17:09:37.097  3790  4865 I AndroidXMLDecompress:     </service>
01-21 17:09:37.097  3790  4865 I AndroidXMLDecompress:   </application>
01-21 17:09:37.097  3790  4865 I AndroidXMLDecompress: </manifest>
01-21 17:09:37.101  3790  4865 W RKPackageMonitor: don't contains ignoreFromCDomain set to false
01-21 17:09:37.101  3790  4865 I RKPackageMonitor: add component com.rokid.runtime.RKRuntimeService@com.rokid.runtime
01-21 17:09:37.101  3790  4865 I RKPackageMonitor: add domain com.rokid.system.executer
01-21 17:09:37.101  3790  4865 I RKPackageMonitor: add package com.rokid.runtime
01-21 17:09:37.104  3790  3816 I ActivityManager: Start proc 4868:com.android.printspooler/u0a71 for service com.android.printspooler/.model.PrintSpoolerService
01-21 17:09:37.104  3790  3805 W art     : Long monitor contention event with owner method=void com.android.server.am.ActivityManagerService.systemReady(java.lang.Runnable) from ActivityManagerService.java:11947 waiters=4 for 201ms
01-21 17:09:37.126  3790  3790 E ActivityManager: ROKID: start service: com.rokid.connection uid: 10019 is isolated: false
01-21 17:09:37.143  4753  4753 W System  : ClassLoader referenced unknown path: /system/priv-app/CNEService/lib/arm
01-21 17:09:37.148  3790  3790 I ActivityManager: Start proc 4883:com.rokid.connection/u0a19 for service com.rokid.connection/com.rokid.service.connection.RKConnectionService
01-21 17:09:37.148  3790  3790 I IncubatorServiceLauncher: launch service rk_account
01-21 17:09:37.155  4793  4793 W System  : ClassLoader referenced unknown path: /system/priv-app/QtiTetherService/lib/arm
01-21 17:09:37.156  4753  4753 D CNEServiceApp: start cne
01-21 17:09:37.167  4793  4793 I QtiTetherService/TetherServiceApp: onCreate()
01-21 17:09:37.168  4793  4793 W ContextImpl: Calling a method in the system process without a qualified user: android.app.ContextImpl.startService:1225 android.content.ContextWrapper.startService:581 com.qualcomm.qti.tetherservice.TetherServiceApp.onCreate:30 android.app.Instrumentation.callApplicationOnCreate:1014 android.app.ActivityThread.handleBindApplication:4748 
01-21 17:09:37.173  3790  3790 I IncubatorServiceLauncher: launch service rknlpstub
01-21 17:09:37.174  3790  3790 E ActivityManager: ROKID: start service: com.rokid.rkasragent uid: 10016 is isolated: false
01-21 17:09:37.181  4806  4806 W System  : ClassLoader referenced unknown path: /system/priv-app/TeleService/lib/arm
01-21 17:09:37.185  3790  3790 I ActivityManager: Start proc 4893:com.rokid.rkasragent/u0a16 for service com.rokid.rkasragent/.RKASRAgentService
01-21 17:09:37.185  3790  3790 I IncubatorServiceLauncher: launch service rkruntime
01-21 17:09:37.186  3790  3790 E ActivityManager: ROKID: start service: com.rokid.runtime uid: 10025 is isolated: false
01-21 17:09:37.189  4788  4788 W System  : ClassLoader referenced unknown path: /system/app/RCSBootstraputil/lib/arm
01-21 17:09:37.192  4793  4793 I QtiTetherService: onCreate()
01-21 17:09:37.207  3790  3790 I ActivityManager: Start proc 4903:com.rokid.runtime/u0a25 for service com.rokid.runtime/.RKRuntimeService
01-21 17:09:37.207  3790  3790 I IncubatorServiceLauncher: launch service systemui
01-21 17:09:37.208  3790  3790 I IncubatorServiceLauncher: launch service light
01-21 17:09:37.208  3790  3790 E ActivityManager: ROKID: start service: com.rokid.light uid: 10022 is isolated: false
01-21 17:09:37.230  3790  3790 I ActivityManager: Start proc 4911:com.rokid.light:remote/u0a22 for service com.rokid.light/.LightService
01-21 17:09:37.231  3790  3790 I IncubatorServiceLauncher: launch service rk_update
01-21 17:09:37.232  3790  3790 E ActivityManager: ROKID: start service: com.rokid.server.rkupdate uid: 10028 is isolated: false
01-21 17:09:37.245  3790  3790 I ActivityManager: Start proc 4921:com.rokid.server.rkupdate/u0a28 for service com.rokid.server.rkupdate/.RKUpdateService
01-21 17:09:37.246  3790  3790 I IncubatorServiceLauncher: launch service rk_battery
01-21 17:09:37.246  3790  3790 E ActivityManager: ROKID: start service: com.rokid.service.rkbatterymanager uid: 10017 is isolated: false
01-21 17:09:37.252  3790  4865 I AndroidXMLDecompress: decompress xml complete:
01-21 17:09:37.252  3790  4865 I AndroidXMLDecompress: <manifest versionCode="1" versionName="1.0" package="com.rokid.service" platformBuildVersionCode="23" platformBuildVersionName="6.0.1">
01-21 17:09:37.252  3790  4865 I AndroidXMLDecompress:   <uses-sdk minSdkVersion="19" targetSdkVersion="19">
01-21 17:09:37.252  3790  4865 I AndroidXMLDecompress:   </uses-sdk>
01-21 17:09:37.252  3790  4865 I AndroidXMLDecompress:   <uses-permission name="android.permission.ACCESS_COARSE_LOCATION">
01-21 17:09:37.252  3790  4865 I AndroidXMLDecompress:   </uses-permission>
01-21 17:09:37.252  3790  4865 I AndroidXMLDecompress:   <uses-permission name="android.permission.ACCESS_FINE_LOCATION">
01-21 17:09:37.252  3790  4865 I AndroidXMLDecompress:   </uses-permission>
01-21 17:09:37.252  3790  4865 I AndroidXMLDecompress:   <uses-permission name="android.permission.ACCESS_NETWORK_STATE">
01-21 17:09:37.252  3790  4865 I AndroidXMLDecompress:   </uses-permission>
01-21 17:09:37.252  3790  4865 I AndroidXMLDecompress:   <uses-permission name="android.permission.ACCESS_WIMAX_STATE">
01-21 17:09:37.252  3790  4865 I AndroidXMLDecompress:   </uses-permission>
01-21 17:09:37.252  3790  4865 I AndroidXMLDecompress:   <uses-permission name="android.permission.CHANGE_WIMAX_STATE">
01-21 17:09:37.252  3790  4865 I AndroidXMLDecompress:   </uses-permission>
01-21 17:09:37.252  3790  4865 I AndroidXMLDecompress:   <uses-permission name="android.permission.ACCESS_WIFI_STATE">
01-21 17:09:37.252  3790  4865 I AndroidXMLDecompress:   </uses-permission>
01-21 17:09:37.252  3790  4865 I AndroidXMLDecompress:   <uses-permission name="android.permission.CHANGE_WIFI_STATE">
01-21 17:09:37.252  3790  4865 I AndroidXMLDecompress:   </uses-permission>
01-21 17:09:37.252  3790  4865 I AndroidXMLDecompress:   <uses-permission name="android.permission.INTERNET">
01-21 17:09:37.252  3790  4865 I AndroidXMLDecompress:   </uses-permission>
01-21 17:09:37.252  3790  4865 I AndroidXMLDecompress:   <uses-permission name="android.permission.WRITE_SETTINGS">
01-21 17:09:37.252  3790  4865 I AndroidXMLDecompress:   </uses-permission>
01-21 17:09:37.252  3790  4865 I AndroidXMLDecompress:   <uses-permission name="android.permission.MODIFY_AUDIO_SETTINGS">
01-21 17:09:37.252  3790  4865 I AndroidXMLDecompress:   </uses-permission>
01-21 17:09:37.252  3790  4865 I AndroidXMLDecompress:   <uses-permission name="android.permission.CHANGE_CONFIGURATION">
01-21 17:09:37.252  3790  4865 I AndroidXMLDecompress:   </uses-permission>
01-21 17:09:37.252  3790  4865 I AndroidXMLDecompress:   <uses-permission name="android.permission.BLUETOOTH">
01-21 17:09:37.252  3790  4865 I AndroidXMLDecompress:   </uses-permission>
01-21 17:09:37.252  3790  4865 I AndroidXMLDecompress:   <uses-permission name="android.permission.BLUETOOTH_ADMIN">
01-21 17:09:37.252  3790  4865 I AndroidXMLDecompress:   </uses-permission>
01-21 17:09:37.252  3790  4865 I AndroidXMLDecompress:   <uses-permission name="android.permission.BLUETOOTH_PRIVILEGED">
01-21 17:09:37.252  3790  4865 I AndroidXMLDecompress:   </uses-permission>
01-21 17:09:37.252  3790  4865 I AndroidXMLDecompress:   <uses-permission name="android.permission.BATTERY_STATS">
01-21 17:09:37.252  3790  4865 I AndroidXMLDecompress:   </uses-permission>
01-21 17:09:37.252  3790  4865 I AndroidXMLDecompress:   <uses-permission name="android.permission.SET_TIME_ZONE">
01-21 17:09:37.252  3790  4865 I AndroidXMLDecompress:   </uses-permission>
01-21 17:09:37.252  3790  4865 I AndroidXMLDecompress:   <uses-permission name="android.permission.WRITE_EXTERNAL_STORAGE">
01-21 17:09:37.252  3790  4865 I AndroidXMLDecompress:   </uses-permission>
01-21 17:09:37.252  3790  4865 I AndroidXMLDecompress:   <application theme="2131034112" label="2130968576" icon="2130837504" allowBackup="-1">
01-21 17:09:37.252  3790  4865 I AndroidXMLDecompress:     <service name="com.rokid.service.RKPowerManager">
01-21 17:09:37.252  3790  4865 I AndroidXMLDecompress:       <intent-filter>
01-21 17:09:37.252  3790  4865 I AndroidXMLDecompress:         <action name="com.rokid.service.RKPowerManager">
01-21 17:09:37.252  3790  4865 I AndroidXMLDecompress:         </action>
01-21 17:09:37.252  3790  4865 I AndroidXMLDecompress:       </intent-filter>
01-21 17:09:37.252  3790  4865 I AndroidXMLDecompress:     </service>
01-21 17:09:37.252  3790  4865 I AndroidXMLDecompress:   </application>
01-21 17:09:37.252  3790  4865 I AndroidXMLDecompress: </manifest>
01-21 17:09:37.253  3790  4865 W RKPackageMonitor: don't contains ignoreFromCDomain set to false
01-21 17:09:37.253  3790  4865 I RKPackageMonitor: add component com.rokid.service.RKPowerManager@com.rokid.service
01-21 17:09:37.253  3790  4865 I RKPackageMonitor: add domain com.rokid.system.powermanager
01-21 17:09:37.253  3790  4865 I RKPackageMonitor: add package com.rokid.service
01-21 17:09:37.262  3790  3790 I ActivityManager: Start proc 4926:com.rokid.service.rkbatterymanager/u0a17 for service com.rokid.service.rkbatterymanager/com.rokid.service.RKBatteryManager
01-21 17:09:37.263  3790  3790 I IncubatorServiceLauncher: launch service rkvolume
01-21 17:09:37.265  3790  3790 E ActivityManager: ROKID: start service: com.rokid.volume uid: 10029 is isolated: false
01-21 17:09:37.275  3790  3790 I ActivityManager: Start proc 4935:com.rokid.volume/u0a29 for service com.rokid.volume/.RKVolumnManager
01-21 17:09:37.275  3790  3790 I IncubatorServiceLauncher: launch service rkstore
01-21 17:09:37.276  3790  3790 E ActivityManager: ROKID: start service: com.rokid.service.rokidstore uid: 10031 is isolated: false
01-21 17:09:37.289  3790  4865 I AndroidXMLDecompress: decompress xml complete:
01-21 17:09:37.289  3790  4865 I AndroidXMLDecompress: <manifest versionCode="1" versionName="1.0" package="com.rokid.volume" platformBuildVersionCode="23" platformBuildVersionName="6.0.1">
01-21 17:09:37.289  3790  4865 I AndroidXMLDecompress:   <uses-permission name="android.permission.WRITE_SETTINGS">
01-21 17:09:37.289  3790  4865 I AndroidXMLDecompress:   </uses-permission>
01-21 17:09:37.289  3790  4865 I AndroidXMLDecompress:   <uses-permission name="android.permission.MODIFY_AUDIO_SETTINGS">
01-21 17:09:37.289  3790  4865 I AndroidXMLDecompress:   </uses-permission>
01-21 17:09:37.289  3790  4865 I AndroidXMLDecompress:   <uses-permission name="android.permission.CHANGE_CONFIGURATION">
01-21 17:09:37.289  3790  4865 I AndroidXMLDecompress:   </uses-permission>
01-21 17:09:37.289  3790  4865 I AndroidXMLDecompress:   <uses-permission name="android.permission.WRITE_SECURE_SETTINGS">
01-21 17:09:37.289  3790  4865 I AndroidXMLDecompress:   </uses-permission>
01-21 17:09:37.289  3790  4865 I AndroidXMLDecompress:   <uses-permission name="android.permission.SET_TIME_ZONE">
01-21 17:09:37.289  3790  4865 I AndroidXMLDecompress:   </uses-permission>
01-21 17:09:37.289  3790  4865 I AndroidXMLDecompress:   <uses-permission name="android.permission.SET_TIME">
01-21 17:09:37.289  3790  4865 I AndroidXMLDecompress:   </uses-permission>
01-21 17:09:37.289  3790  4865 I AndroidXMLDecompress:   <uses-sdk minSdkVersion="19" targetSdkVersion="23">
01-21 17:09:37.289  3790  4865 I AndroidXMLDecompress:   </uses-sdk>
01-21 17:09:37.289  3790  4865 I AndroidXMLDecompress:   <application allowBackup="-1">
01-21 17:09:37.289  3790  4865 I AndroidXMLDecompress:     <service name="com.rokid.volume.RKVolumnManager">
01-21 17:09:37.289  3790  4865 I AndroidXMLDecompress:       <intent-filter>
01-21 17:09:37.289  3790  4865 I AndroidXMLDecompress:         <action name="com.rokid.system.settings.volume">
01-21 17:09:37.289  3790  4865 I AndroidXMLDecompress:         </action>
01-21 17:09:37.289  3790  4865 I AndroidXMLDecompress:       </intent-filter>
01-21 17:09:37.289  3790  4865 I AndroidXMLDecompress:     </service>
01-21 17:09:37.289  3790  4865 I AndroidXMLDecompress:   </application>
01-21 17:09:37.289  3790  4865 I AndroidXMLDecompress: </manifest>
01-21 17:09:37.289  3790  4865 W RKPackageMonitor: don't contains ignoreFromCDomain set to false
01-21 17:09:37.289  3790  3790 I ActivityManager: Start proc 4946:com.rokid.service.rokidstore/u0a31 for service com.rokid.service.rokidstore/com.rokid.rokidstore.service.RokidStoreService
01-21 17:09:37.289  3790  4865 I RKPackageMonitor: add component com.rokid.volume.RKVolumnManager@com.rokid.volume
01-21 17:09:37.289  3790  4865 I RKPackageMonitor: add domain com.rokid.system.volume
01-21 17:09:37.289  3790  4865 I RKPackageMonitor: add package com.rokid.volume
01-21 17:09:37.296  4793  4793 I QtiTetherService/IpaWrapper: stopAllOffload()
01-21 17:09:37.296  4793  4793 I libQtiTether: stopOffload called for upstream=* tether=* type=0
01-21 17:09:37.296  4793  4793 I libQtiTether: stopOffload(upstream=*, tether=*, type=0)
01-21 17:09:37.296  4793  4793 E libQtiTether: Socket creation failed: No such file or directory
01-21 17:09:37.296  4793  4793 I libQtiTether: stopOffload called for upstream=* tether=* type=1
01-21 17:09:37.296  4793  4793 I libQtiTether: stopOffload(upstream=*, tether=*, type=1)
01-21 17:09:37.296  4793  4793 E libQtiTether: Socket creation failed: No such file or directory
01-21 17:09:37.296  4793  4793 I QtiTetherService/NetdWrapper: stopRadish(): ndc qticonnectivity tether stop
01-21 17:09:37.307  3790  3790 I SystemServer: boot up rokid system services done
01-21 17:09:37.308  3790  3790 I SystemServer: Enabled StrictMode for system server main thread.
01-21 17:09:37.310  3790  3790 D RttService: SCAN_AVAILABLE : 1
01-21 17:09:37.311  3790  4358 D RttService: DefaultState got{ when=-1ms what=160513 target=com.android.internal.util.StateMachine$SmHandler }
01-21 17:09:37.323  3790  3790 I Choreographer: Skipped 335 frames!  The application may be doing too much work on its main thread.
01-21 17:09:37.329  3426  4263 I ConnectivityController: int ConnectivityController::QtiTetherCommand::stopV6Tethering()()
01-21 17:09:37.329  3426  4263 W ConnectivityController: Ignoring stop of IPv6 Tethering since it's not started
01-21 17:09:37.336  3790  4865 I AndroidXMLDecompress: decompress xml complete:
01-21 17:09:37.336  3790  4865 I AndroidXMLDecompress: <manifest versionCode="1" versionName="1.0" package="com.rokid.service.rkbatterymanager" platformBuildVersionCode="23" platformBuildVersionName="6.0.1">
01-21 17:09:37.336  3790  4865 I AndroidXMLDecompress:   <uses-sdk minSdkVersion="19" targetSdkVersion="19">
01-21 17:09:37.336  3790  4865 I AndroidXMLDecompress:   </uses-sdk>
01-21 17:09:37.336  3790  4865 I AndroidXMLDecompress:   <uses-permission name="android.permission.ACCESS_COARSE_LOCATION">
01-21 17:09:37.336  3790  4865 I AndroidXMLDecompress:   </uses-permission>
01-21 17:09:37.336  3790  4865 I AndroidXMLDecompress:   <uses-permission name="android.permission.ACCESS_FINE_LOCATION">
01-21 17:09:37.336  3790  4865 I AndroidXMLDecompress:   </uses-permission>
01-21 17:09:37.336  3790  4865 I AndroidXMLDecompress:   <uses-permission name="android.permission.ACCESS_NETWORK_STATE">
01-21 17:09:37.336  3790  4865 I AndroidXMLDecompress:   </uses-permission>
01-21 17:09:37.336  3790  4865 I AndroidXMLDecompress:   <uses-permission name="android.permission.ACCESS_WIMAX_STATE">
01-21 17:09:37.336  3790  4865 I AndroidXMLDecompress:   </uses-permission>
01-21 17:09:37.336  3790  4865 I AndroidXMLDecompress:   <uses-permission name="android.permission.CHANGE_WIMAX_STATE">
01-21 17:09:37.336  3790  4865 I AndroidXMLDecompress:   </uses-permission>
01-21 17:09:37.336  3790  4865 I AndroidXMLDecompress:   <uses-permission name="android.permission.ACCESS_WIFI_STATE">
01-21 17:09:37.336  3790  4865 I AndroidXMLDecompress:   </uses-permission>
01-21 17:09:37.336  3790  4865 I AndroidXMLDecompress:   <uses-permission name="android.permission.CHANGE_WIFI_STATE">
01-21 17:09:37.336  3790  4865 I AndroidXMLDecompress:   </uses-permission>
01-21 17:09:37.336  3790  4865 I AndroidXMLDecompress:   <uses-permission name="android.permission.INTERNET">
01-21 17:09:37.336  3790  4865 I AndroidXMLDecompress:   </uses-permission>
01-21 17:09:37.336  3790  4865 I AndroidXMLDecompress:   <uses-permission name="android.permission.WRITE_SETTINGS">
01-21 17:09:37.336  3790  4865 I AndroidXMLDecompress:   </uses-permission>
01-21 17:09:37.336  3790  4865 I AndroidXMLDecompress:   <uses-permission name="android.permission.MODIFY_AUDIO_SETTINGS">
01-21 17:09:37.336  3790  4865 I AndroidXMLDecompress:   </uses-permission>
01-21 17:09:37.336  3790  4865 I AndroidXMLDecompress:   <uses-permission name="android.permission.CHANGE_CONFIGURATION">
01-21 17:09:37.336  3790  4865 I AndroidXMLDecompress:   </uses-permission>
01-21 17:09:37.336  3790  4865 I AndroidXMLDecompress:   <uses-permission name="android.permission.BLUETOOTH">
01-21 17:09:37.336  3790  4865 I AndroidXMLDecompress:   </uses-permission>
01-21 17:09:37.336  3790  4865 I AndroidXMLDecompress:   <uses-permission name="android.permission.BLUETOOTH_ADMIN">
01-21 17:09:37.336  3790  4865 I AndroidXMLDecompress:   </uses-permission>
01-21 17:09:37.336  3790  4865 I AndroidXMLDecompress:   <uses-permission name="android.permission.BLUETOOTH_PRIVILEGED">
01-21 17:09:37.336  3790  4865 I AndroidXMLDecompress:   </uses-permission>
01-21 17:09:37.336  3790  4865 I AndroidXMLDecompress:   <uses-permission name="android.permission.BATTERY_STATS">
01-21 17:09:37.336  3790  4865 I AndroidXMLDecompress:   </uses-permission>
01-21 17:09:37.336  3790  4865 I AndroidXMLDecompress:   <uses-permission name="android.permission.SET_TIME_ZONE">
01-21 17:09:37.336  3790  4865 I AndroidXMLDecompress:   </uses-permission>
01-21 17:09:37.336  3790  4865 I AndroidXMLDecompress:   <uses-permission name="android.permission.WRITE_EXTERNAL_STORAGE">
01-21 17:09:37.336  3790  4865 I AndroidXMLDecompress:   </uses-permission>
01-21 17:09:37.336  3790  4865 I AndroidXMLDecompress:   <application theme="2131034113" label="2130968576" icon="2130837504" allowBackup="-1">
01-21 17:09:37.336  3790  4865 I AndroidXMLDecompress:     <service name="com.rokid.service.RKBatteryManager">
01-21 17:09:37.336  3790  4865 I AndroidXMLDecompress:       <intent-filter>
01-21 17:09:37.336  3790  4865 I AndroidXMLDecompress:         <action name="com.rokid.service.RKBatteryManager">
01-21 17:09:37.336  3790  4865 I AndroidXMLDecompress:         </action>
01-21 17:09:37.336  3790  4865 I AndroidXMLDecompress:       </intent-filter>
01-21 17:09:37.336  3790  4865 I AndroidXMLDecompress:     </service>
01-21 17:09:37.336  3790  4865 I AndroidXMLDecompress:   </application>
01-21 17:09:37.336  3790  4865 I AndroidXMLDecompress: </manifest>
01-21 17:09:37.337  3790  4865 W RKPackageMonitor: don't contains ignoreFromCDomain set to false
01-21 17:09:37.337  3790  4865 I RKPackageMonitor: add component com.rokid.service.RKBatteryManager@com.rokid.service.rkbatterymanager
01-21 17:09:37.337  3790  4865 I RKPackageMonitor: add domain com.rokid.system.power
01-21 17:09:37.337  3790  4865 I RKPackageMonitor: add package com.rokid.service.rkbatterymanager
01-21 17:09:37.338  4953  4953 E SELinux : seapp_context_lookup:  No match for app with uid 1000, seinfo (null), name startup
01-21 17:09:37.352  4953  4953 I RKStartup: startup process running
02-11 10:16:46.810  4953  4953 I startup : type=1400 audit(0.0:49): avc: denied { call } for scontext=u:r:zygote:s0 tcontext=u:r:servicemanager:s0 tclass=binder permissive=1
02-11 10:16:46.810   331   331 I servicemanager: type=1400 audit(0.0:50): avc: denied { search } for name="4953" dev="proc" ino=29735 scontext=u:r:servicemanager:s0 tcontext=u:r:zygote:s0 tclass=dir permissive=1
02-11 10:16:46.810   331   331 I servicemanager: type=1400 audit(0.0:51): avc: denied { read } for name="current" dev="proc" ino=27932 scontext=u:r:servicemanager:s0 tcontext=u:r:zygote:s0 tclass=file permissive=1
02-11 10:16:46.810   331   331 I servicemanager: type=1400 audit(0.0:52): avc: denied { open } for name="current" dev="proc" ino=27932 scontext=u:r:servicemanager:s0 tcontext=u:r:zygote:s0 tclass=file permissive=1
02-11 10:16:46.810   331   331 I servicemanager: type=1400 audit(0.0:53): avc: denied { getattr } for scontext=u:r:servicemanager:s0 tcontext=u:r:zygote:s0 tclass=process permissive=1
02-11 10:16:46.820  4953  4953 I startup : type=1400 audit(0.0:54): avc: denied { call } for scontext=u:r:zygote:s0 tcontext=u:r:system_server:s0 tclass=binder permissive=1
02-11 10:16:46.820  4953  4953 I startup : type=1400 audit(0.0:55): avc: denied { transfer } for scontext=u:r:zygote:s0 tcontext=u:r:system_server:s0 tclass=binder permissive=1
01-21 17:09:37.373  3790  4865 I AndroidXMLDecompress: decompress xml complete:
01-21 17:09:37.373  3790  4865 I AndroidXMLDecompress: <manifest versionCode="1" versionName="1.0" package="com.rokid.launcher" platformBuildVersionCode="23" platformBuildVersionName="6.0.1">
01-21 17:09:37.373  3790  4865 I AndroidXMLDecompress:   <uses-sdk minSdkVersion="19" targetSdkVersion="23">
01-21 17:09:37.373  3790  4865 I AndroidXMLDecompress:   </uses-sdk>
01-21 17:09:37.373  3790  4865 I AndroidXMLDecompress:   <uses-permission name="android.permission.INTERNET">
01-21 17:09:37.373  3790  4865 I AndroidXMLDecompress:   </uses-permission>
01-21 17:09:37.373  3790  4865 I AndroidXMLDecompress:   <uses-permission name="android.permission.ACCESS_NETWORK_STATE">
01-21 17:09:37.373  3790  4865 I AndroidXMLDecompress:   </uses-permission>
01-21 17:09:37.373  3790  4865 I AndroidXMLDecompress:   <uses-permission name="android.permission.ACCESS_WIFI_STATE">
01-21 17:09:37.373  3790  4865 I AndroidXMLDecompress:   </uses-permission>
01-21 17:09:37.373  3790  4865 I AndroidXMLDecompress:   <uses-permission name="android.permission.WRITE_EXTERNAL_STORAGE">
01-21 17:09:37.373  3790  4865 I AndroidXMLDecompress:   </uses-permission>
01-21 17:09:37.373  3790  4865 I AndroidXMLDecompress:   <application label="2131099648" icon="2130837544">
01-21 17:09:37.373  3790  4865 I AndroidXMLDecompress:     <activity theme="2131296257" label="2131099648" name=".PortalActivity" clearTaskOnLaunch="-1" stateNotNeeded="-1" launchMode="2" hardwareAccelerated="-1">
01-21 17:09:37.373  3790  4865 I AndroidXMLDecompress:       <intent-filter>
01-21 17:09:37.373  3790  4865 I AndroidXMLDecompress:         <action name="android.intent.action.MAIN">
01-21 17:09:37.373  3790  4865 I AndroidXMLDecompress:         </action>
01-21 17:09:37.373  3790  4865 I AndroidXMLDecompress:         <action name="com.rokid.system.launcher">
01-21 17:09:37.373  3790  4865 I AndroidXMLDecompress:         </action>
01-21 17:09:37.373  3790  4865 I AndroidXMLDecompress:         <category name="android.intent.category.LAUNCHER">
01-21 17:09:37.373  3790  4865 I AndroidXMLDecompress:         </category>
01-21 17:09:37.373  3790  4865 I AndroidXMLDecompress:         <category name="android.intent.category.HOME">
01-21 17:09:37.373  3790  4865 I AndroidXMLDecompress:         </category>
01-21 17:09:37.373  3790  4865 I AndroidXMLDecompress:         <category name="android.intent.category.DEFAULT">
01-21 17:09:37.373  3790  4865 I AndroidXMLDecompress:         </category>
01-21 17:09:37.373  3790  4865 I AndroidXMLDecompress:       </intent-filter>
01-21 17:09:37.373  3790  4865 I AndroidXMLDecompress:     </activity>
01-21 17:09:37.373  3790  4865 I AndroidXMLDecompress:     <receiver name=".PortalBroadcastReceiver">
01-21 17:09:37.373  3790  4865 I AndroidXMLDecompress:       <intent-filter>
01-21 17:09:37.373  3790  4865 I AndroidXMLDecompress:         <action name="com.rokid.server.RKPowerManager.event.callback">
01-21 17:09:37.373  3790  4865 I AndroidXMLDecompress:         </action>
01-21 17:09:37.373  3790  4865 I AndroidXMLDecompress:         <action name="android.intent.action.BOOT_COMPLETED">
01-21 17:09:37.373  3790  4865 I AndroidXMLDecompress:         </action>
01-21 17:09:37.373  3790  4865 I AndroidXMLDecompress:       </intent-filter>
01-21 17:09:37.373  3790  4865 I AndroidXMLDecompress:     </receiver>
01-21 17:09:37.373  3790  4865 I AndroidXMLDecompress:   </application>
01-21 17:09:37.373  3790  4865 I AndroidXMLDecompress: </manifest>
01-21 17:09:37.373  3790  4865 W RKPackageMonitor: don't contains ignoreFromCDomain set to false
01-21 17:09:37.374  3790  4865 I RKPackageMonitor: add component com.rokid.launcher.PortalActivity@com.rokid.launcher
01-21 17:09:37.374  3790  4865 I RKPackageMonitor: add domain com.rokid.system.launcher
01-21 17:09:37.374  3790  4865 I RKPackageMonitor: add package com.rokid.launcher
01-21 17:09:37.376  4953  4953 I RKStartup: await incubator initialized
01-21 17:09:37.376  3790  4865 I AndroidXMLDecompress: decompress xml complete:
01-21 17:09:37.376  3790  4865 I AndroidXMLDecompress: <manifest versionCode="23" versionName="6.0.1" package="com.rokid.cloudappengine" platformBuildVersionCode="23" platformBuildVersionName="6.0.1">
01-21 17:09:37.376  3790  4865 I AndroidXMLDecompress:   <uses-sdk minSdkVersion="19" targetSdkVersion="23">
01-21 17:09:37.376  3790  4865 I AndroidXMLDecompress:   </uses-sdk>
01-21 17:09:37.376  3790  4865 I AndroidXMLDecompress:   <application label="2130903040" icon="2130837504">
01-21 17:09:37.376  3790  4865 I AndroidXMLDecompress:     <service name=".service.RKCloudAppEngineService" exported="-1">
01-21 17:09:37.376  3790  4865 I AndroidXMLDecompress:       <intent-filter>
01-21 17:09:37.376  3790  4865 I AndroidXMLDecompress:         <action name="com.rokid.cloudappengine.service.RKCloudAppEngineService">
01-21 17:09:37.376  3790  4865 I AndroidXMLDecompress:         </action>
01-21 17:09:37.376  3790  4865 I AndroidXMLDecompress:       </intent-filter>
01-21 17:09:37.376  3790  4865 I AndroidXMLDecompress:     </service>
01-21 17:09:37.376  3790  4865 I AndroidXMLDecompress:   </application>
01-21 17:09:37.376  3790  4865 I AndroidXMLDecompress: </manifest>
01-21 17:09:37.377  3790  4865 W RKPackageMonitor: don't contains ignoreFromCDomain set to false
01-21 17:09:37.377  3790  4865 I RKPackageMonitor: add component com.rokid.cloudappengine.service.RKCloudAppEngineService@com.rokid.cloudappengine
01-21 17:09:37.377  3790  4865 I RKPackageMonitor: add domain com.rokid.system.cloudappengine
01-21 17:09:37.377  3790  4865 I RKPackageMonitor: add package com.rokid.cloudappengine
01-21 17:09:37.377  4793  4793 I libQtiTether: getLibraryVersion called V1.1
01-21 17:09:37.377  4793  4793 I QtiTetherService/QmiNotifier: QmiNotifier created with library version V1.1
01-21 17:09:37.378  4793  4793 I QtiTetherService/FrameworkAmbassador: Adding system service: qtitetherservice
01-21 17:09:37.379  4793  4988 I QtiTetherService/QmiNotifier: Beginning runnable loop
01-21 17:09:37.379  4793  4793 I QtiTetherService: Registered system service: qtitetherservice
01-21 17:09:37.380  4793  4988 I libQtiTether: InitNotifyCb()
01-21 17:09:37.380  4793  4988 I libQtiTether: getEvent()
01-21 17:09:37.380  4793  4988 D libQtiTether: getEvent() write=0 read=0
01-21 17:09:37.381  4806  4806 W System  : ClassLoader referenced unknown path: /system/priv-app/TelephonyProvider/lib/arm
01-21 17:09:37.387  4753  4993 I QCNEJ   : |CORE:COM:RCVR| CNE creating socket
01-21 17:09:37.389  4753  4993 I QCNEJ   : |CORE:COM:RCVR| Connected to 'cnd' socket
01-21 17:09:37.390  4753  4993 W QCNEJ   : |CORE| UNKOWN Unsolicited Event 25
01-21 17:09:37.390  4753  4993 I QCNEJ   : |CORE| CNE_NOTIFY_FEATURE_STATUS received
01-21 17:09:37.390  4753  4993 I QCNEJ   : |CORE| CNE_NOTIFY_FEATURE_STATUS received
01-21 17:09:37.402  4806  4806 D TelephonyProvider: dbh.onOpen: ok, queried table=siminfo
01-21 17:09:37.403  4806  4806 D TelephonyProvider: dbh.onOpen: ok, queried table=carriers
01-21 17:09:37.410  3790  4344 D WifiService: New client listening to asynchronous messages
01-21 17:09:37.413  4753  4753 E QCNEJ   : |CORE| Feature WQE is not enabled
01-21 17:09:37.430  3790  4865 I AndroidXMLDecompress: decompress xml complete:
01-21 17:09:37.430  3790  4865 I AndroidXMLDecompress: <manifest versionCode="23" versionName="6.0.1" package="com.rokid.server.rkupdate" platformBuildVersionCode="23" platformBuildVersionName="6.0.1">
01-21 17:09:37.430  3790  4865 I AndroidXMLDecompress:   <uses-sdk minSdkVersion="19" targetSdkVersion="19" maxSdkVersion="22">
01-21 17:09:37.430  3790  4865 I AndroidXMLDecompress:   </uses-sdk>
01-21 17:09:37.430  3790  4865 I AndroidXMLDecompress:   <uses-permission name="android.permission.INTERNET">
01-21 17:09:37.430  3790  4865 I AndroidXMLDecompress:   </uses-permission>
01-21 17:09:37.430  3790  4865 I AndroidXMLDecompress:   <uses-permission name="android.permission.ACCESS_NETWORK_STATE">
01-21 17:09:37.430  3790  4865 I AndroidXMLDecompress:   </uses-permission>
01-21 17:09:37.430  3790  4865 I AndroidXMLDecompress:   <uses-permission name="android.permission.READ_PHONE_STATE">
01-21 17:09:37.430  3790  4865 I AndroidXMLDecompress:   </uses-permission>
01-21 17:09:37.430  3790  4865 I AndroidXMLDecompress:   <uses-permission name="android.permission.ACCESS_WIFI_STATE">
01-21 17:09:37.430  3790  4865 I AndroidXMLDecompress:   </uses-permission>
01-21 17:09:37.430  3790  4865 I AndroidXMLDecompress:   <uses-permission name="android.permission.WRITE_SETTINGS">
01-21 17:09:37.430  3790  4865 I AndroidXMLDecompress:   </uses-permission>
01-21 17:09:37.430  3790  4865 I AndroidXMLDecompress:   <uses-permission name="android.permission.MODIFY_AUDIO_SETTINGS">
01-21 17:09:37.430  3790  4865 I AndroidXMLDecompress:   </uses-permission>
01-21 17:09:37.430  3790  4865 I AndroidXMLDecompress:   <uses-permission name="android.permission.RECORD_AUDIO">
01-21 17:09:37.430  3790  4865 I AndroidXMLDecompress:   </uses-permission>
01-21 17:09:37.430  3790  4865 I AndroidXMLDecompress:   <uses-permission name="android.permission.MODIFY_AUDIO_SETTINGS">
01-21 17:09:37.430  3790  4865 I AndroidXMLDecompress:   </uses-permission>
01-21 17:09:37.430  3790  4865 I AndroidXMLDecompress:   <uses-permission name="android.permission.READ_EXTERNAL_STORAGE">
01-21 17:09:37.430  3790  4865 I AndroidXMLDecompress:   </uses-permission>
01-21 17:09:37.430  3790  4865 I AndroidXMLDecompress:   <uses-permission name="android.permission.WRITE_EXTERNAL_STORAGE">
01-21 17:09:37.430  3790  4865 I AndroidXMLDecompress:   </uses-permission>
01-21 17:09:37.430  3790  4865 I AndroidXMLDecompress:   <uses-permission name="android.permission.ACCESS_CACHE_FILESYSTEM">
01-21 17:09:37.430  3790  4865 I AndroidXMLDecompress:   </uses-permission>
01-21 17:09:37.430  3790  4865 I AndroidXMLDecompress:   <uses-permission name="android.permission.REBOOT">
01-21 17:09:37.430  3790  4865 I AndroidXMLDecompress:   </uses-permission>
01-21 17:09:37.430  3790  4865 I AndroidXMLDecompress:   <uses-permission name="android.permission.RECOVERY">
01-21 17:09:37.430  3790  4865 I AndroidXMLDecompress:   </uses-permission>
01-21 17:09:37.430  3790  4865 I AndroidXMLDecompress:   <application label="2130903040" icon="2130837504">
01-21 17:09:37.430  3790  4865 I AndroidXMLDecompress:     <activity theme="16973834" name="com.rokid.client.RKUpdateClientActivity" clearTaskOnLaunch="-1" launchMode="2" screenOrientation="0">
01-21 17:09:37.430  3790  4865 I AndroidXMLDecompress:       <intent-filter>
01-21 17:09:37.430  3790  4865 I AndroidXMLDecompress:         <action name="android.intent.action.MAIN">
01-21 17:09:37.430  3790  4865 I AndroidXMLDecompress:         </action>
01-21 17:09:37.430  3790  4865 I AndroidXMLDecompress:         <category name="android.intent.category.LAUNCHER">
01-21 17:09:37.430  3790  4865 I AndroidXMLDecompress:         </category>
01-21 17:09:37.430  3790  4865 I AndroidXMLDecompress:         <action name="com.rokid.system.update">
01-21 17:09:37.430  3790  4865 I AndroidXMLDecompress:         </action>
01-21 17:09:37.430  3790  4865 I AndroidXMLDecompress:         <category name="android.intent.category.DEFAULT">
01-21 17:09:37.430  3790  4865 I AndroidXMLDecompress:         </category>
01-21 17:09:37.430  3790  4865 I AndroidXMLDecompress:       </intent-filter>
01-21 17:09:37.430  3790  4865 I AndroidXMLDecompress:     </activity>
01-21 17:09:37.430  3790  4865 I AndroidXMLDecompress:     <service name="com.rokid.server.rkupdate.RKUpdateService" exported="-1">
01-21 17:09:37.430  3790  4865 I AndroidXMLDecompress:       <intent-filter>
01-21 17:09:37.430  3790  4865 I AndroidXMLDecompress:         <action name="com.rokid.service.IRKUpdateService">
01-21 17:09:37.430  3790  4865 I AndroidXMLDecompress:         </action>
01-21 17:09:37.430  3790  4865 I AndroidXMLDecompress:       </intent-filter>
01-21 17:09:37.430  3790  4865 I AndroidXMLDecompress:     </service>
01-21 17:09:37.430  3790  4865 I AndroidXMLDecompress:     <receiver name="com.rokid.server.rkupdate.receiver.LoginBroadcastReceiver">
01-21 17:09:37.430  3790  4865 I AndroidXMLDecompress:       <intent-filter>
01-21 17:09:37.430  3790  4865 I AndroidXMLDecompress:         <action name="com.rokid.service.intent.LOGIN">
01-21 17:09:37.430  3790  4865 I AndroidXMLDecompress:         </action>
01-21 17:09:37.430  3790  4865 I AndroidXMLDecompress:       </intent-filter>
01-21 17:09:37.430  3790  4865 I AndroidXMLDecompress:     </receiver>
01-21 17:09:37.430  3790  4865 I AndroidXMLDecompress:   </application>
01-21 17:09:37.430  3790  4865 I AndroidXMLDecompress: </manifest>
01-21 17:09:37.431  3790  4865 W RKPackageMonitor: don't contains ignoreFromCDomain set to false
01-21 17:09:37.431  3790  4865 I RKPackageMonitor: add component com.rokid.client.RKUpdateClientActivity@com.rokid.server.rkupdate
01-21 17:09:37.431  3790  4865 I RKPackageMonitor: add domain com.rokid.system.update
01-21 17:09:37.431  3790  4865 I RKPackageMonitor: add package com.rokid.server.rkupdate
01-21 17:09:37.434  3790  4865 I AndroidXMLDecompress: decompress xml complete:
01-21 17:09:37.434  3790  4865 I AndroidXMLDecompress: <manifest sharedUserId="" versionCode="23" versionName="6.0.1" coreApp="true" package="com.rokid.light" platformBuildVersionCode="23" platformBuildVersionName="6.0.1">
01-21 17:09:37.434  3790  4865 I AndroidXMLDecompress:   <uses-sdk minSdkVersion="19" targetSdkVersion="23">
01-21 17:09:37.434  3790  4865 I AndroidXMLDecompress:   </uses-sdk>
01-21 17:09:37.434  3790  4865 I AndroidXMLDecompress:   <application theme="2131230721" label="2131099656" icon="2130837504" supportsRtl="-1">
01-21 17:09:37.434  3790  4865 I AndroidXMLDecompress:     <service name=".LightService" enabled="-1" exported="-1" process=":remote">
01-21 17:09:37.434  3790  4865 I AndroidXMLDecompress:       <intent-filter>
01-21 17:09:37.434  3790  4865 I AndroidXMLDecompress:         <action name="com.rokid.light.LightService">
01-21 17:09:37.434  3790  4865 I AndroidXMLDecompress:         </action>
01-21 17:09:37.434  3790  4865 I AndroidXMLDecompress:       </intent-filter>
01-21 17:09:37.434  3790  4865 I AndroidXMLDecompress:     </service>
01-21 17:09:37.434  3790  4865 I AndroidXMLDecompress:   </application>
01-21 17:09:37.434  3790  4865 I AndroidXMLDecompress: </manifest>
01-21 17:09:37.435  3790  4865 W RKPackageMonitor: don't contains ignoreFromCDomain set to false
01-21 17:09:37.435  3790  4865 I RKPackageMonitor: add component com.rokid.light.LightService@com.rokid.light
01-21 17:09:37.435  3790  4865 I RKPackageMonitor: add domain com.rokid.system.light
01-21 17:09:37.435  3790  4865 I RKPackageMonitor: add package com.rokid.light
01-21 17:09:37.436  3790  4865 I AndroidXMLDecompress: decompress xml complete:
01-21 17:09:37.436  3790  4865 I AndroidXMLDecompress: <manifest versionCode="1" versionName="1.0" package="com.rokid.rkfirstguide" platformBuildVersionCode="23" platformBuildVersionName="6.0.1">
01-21 17:09:37.436  3790  4865 I AndroidXMLDecompress:   <uses-sdk minSdkVersion="23" targetSdkVersion="23">
01-21 17:09:37.436  3790  4865 I AndroidXMLDecompress:   </uses-sdk>
01-21 17:09:37.436  3790  4865 I AndroidXMLDecompress:   <application theme="2131099649" label="2131034112" icon="2130837504" allowBackup="-1">
01-21 17:09:37.436  3790  4865 I AndroidXMLDecompress:     <activity label="2131034112" name=".MainActivity">
01-21 17:09:37.436  3790  4865 I AndroidXMLDecompress:       <intent-filter>
01-21 17:09:37.436  3790  4865 I AndroidXMLDecompress:         <action name="com.rokid.system.firstguide">
01-21 17:09:37.436  3790  4865 I AndroidXMLDecompress:         </action>
01-21 17:09:37.436  3790  4865 I AndroidXMLDecompress:         <category name="android.intent.category.DEFAULT">
01-21 17:09:37.436  3790  4865 I AndroidXMLDecompress:         </category>
01-21 17:09:37.436  3790  4865 I AndroidXMLDecompress:       </intent-filter>
01-21 17:09:37.436  3790  4865 I AndroidXMLDecompress:     </activity>
01-21 17:09:37.436  3790  4865 I AndroidXMLDecompress:   </application>
01-21 17:09:37.436  3790  4865 I AndroidXMLDecompress: </manifest>
01-21 17:09:37.437  3790  4865 W RKPackageMonitor: don't contains ignoreFromCDomain set to false
01-21 17:09:37.437  3790  4865 I RKPackageMonitor: add component com.rokid.rkfirstguide.MainActivity@com.rokid.rkfirstguide
01-21 17:09:37.437  3790  4865 I RKPackageMonitor: add domain com.rokid.system.firstguide
01-21 17:09:37.437  3790  4865 I RKPackageMonitor: add package com.rokid.rkfirstguide
01-21 17:09:37.450  3790  4873 D ConnectivityService: listenForNetwork for Listen from uid/pid:1000/4753 for NetworkRequest [ id=3, legacyType=-1, [ Transports: WIFI Capabilities: INTERNET&NOT_RESTRICTED&TRUSTED&NOT_VPN] ]
01-21 17:09:37.455  3790  4344 D WifiService: New client listening to asynchronous messages
01-21 17:09:37.459  3790  4934 D ConnectivityService: listenForNetwork for Listen from uid/pid:1000/4753 for NetworkRequest [ id=4, legacyType=-1, [ Transports: CELLULAR Capabilities: INTERNET&NOT_RESTRICTED&TRUSTED&NOT_VPN] ]
01-21 17:09:37.480  4820  4820 W System  : ClassLoader referenced unknown path: /system/priv-app/RKLauncher/lib/arm
01-21 17:09:37.480  4781  4781 D SystemUIService: stub ctor
01-21 17:09:37.480  4781  4781 D SystemUIService: ctor
01-21 17:09:37.480  4781  4781 D SystemUIService: on create
01-21 17:09:37.481  4781  4781 D NebulaCocos2dxActivity: ctor
01-21 17:09:37.481  4781  4781 D NebulaCocos2dxActivity: fetch window ...
01-21 17:09:37.482  4781  4781 D NebulaCocos2dxActivity: load lib ...
01-21 17:09:37.483  4781  4781 D NebulaCocos2dxActivity: find gl lib: systemui
01-21 17:09:37.494  3790  3790 V InputMethodManagerService: Adding window token: android.os.Binder@6d4032
01-21 17:09:37.499  4820  4820 D PortalActivity: onCreate
01-21 17:09:37.500  4893  4893 W System  : ClassLoader referenced unknown path: /system/priv-app/RKASRAgent/lib/arm
01-21 17:09:37.502  4868  4868 I PrintSpoolerService: No existing print spooler state.
01-21 17:09:37.509  3790  3790 W System  : ClassLoader referenced unknown path: /system/priv-app/Telecom/lib/arm
01-21 17:09:37.512  4753  4753 D CNEServiceApp: broadcast cne started
01-21 17:09:37.513  4753  4753 W ContextImpl: Calling a method in the system process without a qualified user: android.app.ContextImpl.sendBroadcast:763 android.content.ContextWrapper.sendBroadcast:396 com.quicinc.cne.CNEService.CNEServiceApp.broadcastCNEStarted:103 com.quicinc.cne.CNEService.CNEServiceApp.startCne:126 com.quicinc.cne.CNEService.CNEServiceApp.onCreate:94 
01-21 17:09:37.514  4697  4697 I LatinIME: Hardware accelerated drawing: true
01-21 17:09:37.514  4697  4718 I LatinIME:LogUtils: Dictionary info: dictionary = UserHistoryDictionary.en_US ; version = 1789774 ; date = 1789777
01-21 17:09:37.518  4820  4820 I Activity: activityInfo: ActivityInfo{6da2b7f com.rokid.launcher.PortalActivity}
01-21 17:09:37.531  4793  4793 I QtiTetherService: onStartCommand()
01-21 17:09:37.533  3790  4835 I RKAndroidBridge: service with package name com.qualcomm.qti.tetherservice with comp name com.qualcomm.qti.tetherservice.TetherService
01-21 17:09:37.533  3790  4835 I RKIncubatorNative: process 4793 getService rkruntime, res = null
01-21 17:09:37.534  3790  4835 I RKAndroidBridge: skip null runtime
01-21 17:09:37.535  4893  4893 I RKASRAgentService: RKASRAgentService onBind done
01-21 17:09:37.535  4883  4883 W System  : ClassLoader referenced unknown path: /system/priv-app/RKConnectionAccountService/lib/arm
01-21 17:09:37.537  4921  4921 W System  : ClassLoader referenced unknown path: /system/priv-app/RKUpdate/lib/arm
01-21 17:09:37.547  4935  4935 W System  : ClassLoader referenced unknown path: /system/priv-app/RKVolumnManager/lib/arm
01-21 17:09:37.549  4903  4903 W System  : ClassLoader referenced unknown path: /system/priv-app/RKRuntime/lib/arm
01-21 17:09:37.553  4903  4903 I RKRuntimeService: RKRuntimeService onBind
01-21 17:09:37.554  3790  3839 D BluetoothManagerService: Message: 30
01-21 17:09:37.559   455  1043 I RKUPL_r2audio: --------------r2mem_vbv_vad_begin shield 4364.058105
02-11 10:16:47.030  4921  4921 I server.rkupdate: type=1400 audit(0.0:56): avc: denied { write } for name="property_service" dev="tmpfs" ino=8205 scontext=u:r:platform_app:s0:c512,c768 tcontext=u:object_r:property_socket:s0 tclass=sock_file permissive=1
02-11 10:16:47.030  4921  4921 I server.rkupdate: type=1400 audit(0.0:57): avc: denied { connectto } for path="/dev/socket/property_service" scontext=u:r:platform_app:s0:c512,c768 tcontext=u:r:init:s0 tclass=unix_stream_socket permissive=1
01-21 17:09:37.566  4935  4935 E RKVolumeExts: set default voluem begin
01-21 17:09:37.566  3790  4850 I RKIncubatorNative: process 4921 getService rk_account, res = null
01-21 17:09:37.567  4697  4697 W InputAttributes: No editor info for this field. Bug?
01-21 17:09:37.572  3790  3790 I Telecom : ViceNotificationImpl: ViceNotificationImpl
01-21 17:09:37.577  4926  4926 W System  : ClassLoader referenced unknown path: /system/priv-app/RKBatteryManager/lib/arm
01-21 17:09:37.577  4921  4921 D RKUpdateService: intent file path: /storage/emulated/0/rokid/rkupdate.json
01-21 17:09:37.588  4745  4745 W System  : ClassLoader referenced unknown path: /system/priv-app/xtra_t_app/lib/arm
01-21 17:09:37.592  4946  4946 W System  : ClassLoader referenced unknown path: /system/priv-app/RokidStore/lib/arm
01-21 17:09:37.609  3790  3839 D BluetoothManagerService: Message: 30
01-21 17:09:37.610  4911  4911 D LightService: onCreate
01-21 17:09:37.610  4911  4911 D RKLightStub: service impl ctor ...
