01-21 17:09:38.402  3427  3427 E OMX-VENC-720p: Invalid entry returned from get_supported_profile_level 32768, 128
01-21 17:09:38.402  3427  3427 W ACodec  : do not know color format 0x7fa30c04 = 2141391876
01-21 17:09:38.402  3427  3427 W ACodec  : do not know color format 0x7f000789 = 2130708361
01-21 17:09:38.408  3427  3427 E OMX-VENC-720p: Setting session priority failed
01-21 17:09:38.410  3427  3427 E OMX-VENC-720p: get_parameter: OMX_IndexParamVideoProfileLevelQuerySupported nProfileIndex ret NoMore 1
01-21 17:09:38.410  3427  3427 E OMX-VENC-720p: Invalid entry returned from get_supported_profile_level 1, 128
01-21 17:09:38.410  3427  3427 W ACodec  : do not know color format 0x7fa30c04 = 2141391876
01-21 17:09:38.410  3427  3427 W ACodec  : do not know color format 0x7f000789 = 2130708361
01-21 17:09:38.415  3427  3427 E OMX-VENC-720p: Setting session priority failed
01-21 17:09:38.417  3427  3427 E OMX-VENC-720p: Invalid entry returned from get_supported_profile_level 1, 2
01-21 17:09:38.417  3427  3427 W ACodec  : do not know color format 0x7fa30c04 = 2141391876
01-21 17:09:38.417  3427  3427 W ACodec  : do not know color format 0x7f000789 = 2130708361
01-21 17:09:38.442  3427  3427 E OMXNodeInstance: getParameter(13:qcom.decoder.avc, ??(0x7f000044)) ERROR: UnsupportedSetting(0x80001019)
01-21 17:09:38.442  3427  3427 E OMXNodeInstance: getParameter(13:qcom.decoder.avc, ??(0x7f000044)) ERROR: UnsupportedSetting(0x80001019)
01-21 17:09:38.442  3427  3427 E OMX-VDEC-1080P: Extension: OMX.google.android.index.storeANWBufferInMetadata not implemented
01-21 17:09:38.444  3427  3427 E         : Destroy C2D instance
01-21 17:09:38.444  3427  3427 E         : Destroy C2D instance
01-21 17:09:38.464  3427  3427 E OMXNodeInstance: getParameter(14:qcom.decoder.avc.secure, ??(0x7f000044)) ERROR: UnsupportedSetting(0x80001019)
01-21 17:09:38.464  3427  3427 E OMXNodeInstance: getParameter(14:qcom.decoder.avc.secure, ??(0x7f000044)) ERROR: UnsupportedSetting(0x80001019)
01-21 17:09:38.465  3427  3427 E OMX-VDEC-1080P: Extension: OMX.google.android.index.storeANWBufferInMetadata not implemented
01-21 17:09:38.466  3427  3427 E         : Destroy C2D instance
01-21 17:09:38.466  3427  3427 E         : Destroy C2D instance
01-21 17:09:38.474  3427  3427 E OMXNodeInstance: getParameter(15:qcom.decoder.mpeg2, ??(0x7f000044)) ERROR: UnsupportedSetting(0x80001019)
01-21 17:09:38.474  3427  3427 E OMXNodeInstance: getParameter(15:qcom.decoder.mpeg2, ??(0x7f000044)) ERROR: UnsupportedSetting(0x80001019)
01-21 17:09:38.474  3427  3427 E OMX-VDEC-1080P: Extension: OMX.google.android.index.storeANWBufferInMetadata not implemented
01-21 17:09:38.475  3427  3427 E         : Destroy C2D instance
01-21 17:09:38.475  3427  3427 E         : Destroy C2D instance
01-21 17:09:38.483  3427  3427 E OMXNodeInstance: getParameter(16:qcom.decoder.mpeg2.secure, ??(0x7f000044)) ERROR: UnsupportedSetting(0x80001019)
01-21 17:09:38.483  3427  3427 E OMXNodeInstance: getParameter(16:qcom.decoder.mpeg2.secure, ??(0x7f000044)) ERROR: UnsupportedSetting(0x80001019)
01-21 17:09:38.483  3427  3427 E OMX-VDEC-1080P: Extension: OMX.google.android.index.storeANWBufferInMetadata not implemented
01-21 17:09:38.484  3427  3427 E         : Destroy C2D instance
01-21 17:09:38.484  3427  3427 E         : Destroy C2D instance
01-21 17:09:38.491  3427  3427 E OMXNodeInstance: getParameter(17:qcom.decoder.mpeg4, ??(0x7f000044)) ERROR: UnsupportedSetting(0x80001019)
01-21 17:09:38.491  3427  3427 E OMXNodeInstance: getParameter(17:qcom.decoder.mpeg4, ??(0x7f000044)) ERROR: UnsupportedSetting(0x80001019)
01-21 17:09:38.491  3427  3427 E OMX-VDEC-1080P: Extension: OMX.google.android.index.storeANWBufferInMetadata not implemented
01-21 17:09:38.493  3427  3427 E         : Destroy C2D instance
01-21 17:09:38.493  3427  3427 E         : Destroy C2D instance
01-21 17:09:38.500  3427  3427 E OMXNodeInstance: getParameter(18:qcom.decoder.h263, ??(0x7f000044)) ERROR: UnsupportedSetting(0x80001019)
01-21 17:09:38.500  3427  3427 E OMXNodeInstance: getParameter(18:qcom.decoder.h263, ??(0x7f000044)) ERROR: UnsupportedSetting(0x80001019)
01-21 17:09:38.500  3427  3427 E OMX-VDEC-1080P: Extension: OMX.google.android.index.storeANWBufferInMetadata not implemented
01-21 17:09:38.501  3427  3427 E         : Destroy C2D instance
01-21 17:09:38.501  3427  3427 E         : Destroy C2D instance
01-21 17:09:38.509  3427  3427 E OMX-VDEC-1080P: get_parameter: OMX_IndexParamVideoProfileLevelQuerySupported ret NoMore for codec: OMX.qcom.video.decoder.vc1
01-21 17:09:38.509  3427  3427 E OMXNodeInstance: getParameter(19:qcom.decoder.vc1, ??(0x7f000044)) ERROR: UnsupportedSetting(0x80001019)
01-21 17:09:38.509  3427  3427 E OMXNodeInstance: getParameter(19:qcom.decoder.vc1, ??(0x7f000044)) ERROR: UnsupportedSetting(0x80001019)
01-21 17:09:38.509  3427  3427 E OMX-VDEC-1080P: Extension: OMX.google.android.index.storeANWBufferInMetadata not implemented
01-21 17:09:38.511  3427  3427 E         : Destroy C2D instance
01-21 17:09:38.511  3427  3427 E         : Destroy C2D instance
01-21 17:09:38.512  3427  3427 E OMX-VDEC-1080P: DIVX 5/6 Decoder selected
01-21 17:09:38.522  3427  3427 E OMX-VDEC-1080P: get_parameter: OMX_IndexParamVideoProfileLevelQuerySupported ret NoMore for codec: OMX.qcom.video.decoder.divx
01-21 17:09:38.522  3427  3427 E OMXNodeInstance: getParameter(1a:qcom.decoder.divx, ??(0x7f000044)) ERROR: UnsupportedSetting(0x80001019)
01-21 17:09:38.522  3427  3427 E OMXNodeInstance: getParameter(1a:qcom.decoder.divx, ??(0x7f000044)) ERROR: UnsupportedSetting(0x80001019)
01-21 17:09:38.522  3427  3427 E OMX-VDEC-1080P: Extension: OMX.google.android.index.storeANWBufferInMetadata not implemented
01-21 17:09:38.523  3427  3427 E         : Destroy C2D instance
01-21 17:09:38.523  3427  3427 E         : Destroy C2D instance
01-21 17:09:38.530  3427  3427 E OMX-VDEC-1080P: get_parameter: OMX_IndexParamVideoProfileLevelQuerySupported ret NoMore for codec: OMX.qcom.video.decoder.divx311
01-21 17:09:38.530  3427  3427 E OMXNodeInstance: getParameter(1b:qcom.decoder.divx311, ??(0x7f000044)) ERROR: UnsupportedSetting(0x80001019)
01-21 17:09:38.530  3427  3427 E OMXNodeInstance: getParameter(1b:qcom.decoder.divx311, ??(0x7f000044)) ERROR: UnsupportedSetting(0x80001019)
01-21 17:09:38.530  3427  3427 E OMX-VDEC-1080P: Extension: OMX.google.android.index.storeANWBufferInMetadata not implemented
01-21 17:09:38.532  3427  3427 E         : Destroy C2D instance
01-21 17:09:38.532  3427  3427 E         : Destroy C2D instance
01-21 17:09:38.533  3427  3427 E OMX-VDEC-1080P: DIVX 4 Decoder selected
01-21 17:09:38.539  3427  3427 E OMX-VDEC-1080P: get_parameter: OMX_IndexParamVideoProfileLevelQuerySupported ret NoMore for codec: OMX.qcom.video.decoder.divx4
01-21 17:09:38.539  3427  3427 E OMXNodeInstance: getParameter(1c:qcom.decoder.divx4, ??(0x7f000044)) ERROR: UnsupportedSetting(0x80001019)
01-21 17:09:38.539  3427  3427 E OMXNodeInstance: getParameter(1c:qcom.decoder.divx4, ??(0x7f000044)) ERROR: UnsupportedSetting(0x80001019)
01-21 17:09:38.539  3427  3427 E OMX-VDEC-1080P: Extension: OMX.google.android.index.storeANWBufferInMetadata not implemented
01-21 17:09:38.549  3427  3427 E         : Destroy C2D instance
01-21 17:09:38.549  3427  3427 E         : Destroy C2D instance
01-21 17:09:38.555  3427  3427 E OMXNodeInstance: getParameter(1d:qcom.decoder.vp8, ??(0x7f000044)) ERROR: UnsupportedSetting(0x80001019)
01-21 17:09:38.555  3427  3427 E OMXNodeInstance: getParameter(1d:qcom.decoder.vp8, ??(0x7f000044)) ERROR: UnsupportedSetting(0x80001019)
01-21 17:09:38.555  3427  3427 E OMX-VDEC-1080P: Extension: OMX.google.android.index.storeANWBufferInMetadata not implemented
01-21 17:09:38.557  3427  3427 E         : Destroy C2D instance
01-21 17:09:38.557  3427  3427 E         : Destroy C2D instance
01-21 17:09:38.562  3427  3427 E OMX-VDEC-1080P: Full DSP mode
01-21 17:09:38.566  3427  3427 E OMX-VDEC-1080P: NOTE: enable_extradata: actual[0] requested[20000] enable[1], is_internal: 1 swvdec mode -1
01-21 17:09:38.568  3427  3427 E OMXNodeInstance: getParameter(1e:qcom.decoder.hevc, ??(0x7f000044)) ERROR: UnsupportedSetting(0x80001019)
01-21 17:09:38.568  3427  3427 E OMX-VDEC-1080P: Extension: OMX.google.android.index.storeANWBufferInMetadata not implemented
01-21 17:09:38.568  3427  3427 E OMXNodeInstance: setParameter(1e:qcom.decoder.hevc, OMX.google.android.index.storeMetaDataInBuffers(0x7f00001c): Output:1 en=1 type=1) ERROR: UnsupportedSetting(0x80001019)
01-21 17:09:38.568  3427  3427 E OMXNodeInstance: setParameter(1e:qcom.decoder.hevc, OMX.google.android.index.prepareForAdaptivePlayback(0x7f00002e): Output:1 en=1 max=1280x720) ERROR: UnsupportedSetting(0x80001019)
01-21 17:09:38.571  3427  3427 E         : Destroy C2D instance
01-21 17:09:38.571  3427  3427 E         : Destroy C2D instance
01-21 17:09:38.576  3427  3427 E MM_OSAL : CSwVdecComponent::Creating Thread
01-21 17:09:38.576  3427  3427 E MM_OSAL : MM_Thread_CreateEx::set thread Prio to 2
01-21 17:09:38.577  3427  3427 E MM_OSAL : MM_Thread_CreateEx::thread 0xb1a3f930 created with stack 1040384 bytes
01-21 17:09:38.577  3427  3427 E MM_OSAL : CSwVdecComponent::Creating Thread
01-21 17:09:38.577  3427  3427 E MM_OSAL : MM_Thread_CreateEx::set thread Prio to 3
01-21 17:09:38.577  3427  3427 E MM_OSAL : MM_Thread_CreateEx::thread 0xb1940930 created with stack 1040384 bytes
01-21 17:09:38.577  3427  3427 E MM_OSAL : HEVC::Codec Creation Done ...
01-21 17:09:38.577  3427  3427 E MM_OSAL : CSwVdecHevcComponent:: STATE CHANGE -> LOADED
01-21 17:09:38.578  3427  3427 E MM_OSAL : MM_Thread_CreateEx::set thread Prio to 1
01-21 17:09:38.578  3427  3427 E MM_OSAL : MM_Thread_CreateEx::thread 0xb1841930 created with stack 1040384 bytes
01-21 17:09:38.578  3427  3427 E MM_OSAL : Helper thread 0 created...
01-21 17:09:38.578  3427  3427 E MM_OSAL : MM_Thread_CreateEx::set thread Prio to 1
01-21 17:09:38.578  3427  3427 E MM_OSAL : MM_Thread_CreateEx::thread 0xb1742930 created with stack 1040384 bytes
01-21 17:09:38.578  3427  3427 E MM_OSAL : Helper thread 1 created...
01-21 17:09:38.578  3427  3427 E MM_OSAL : MM_Thread_CreateEx::set thread Prio to 1
01-21 17:09:38.578  3427  3427 E MM_OSAL : MM_Thread_CreateEx::thread 0xb1643930 created with stack 1040384 bytes
01-21 17:09:38.578  3427  3427 E MM_OSAL : Helper thread 2 created...
01-21 17:09:38.578  3427  3427 E MM_OSAL : CSwVdecHevcComponent:: STATE CHANGE -> LOADED
01-21 17:09:38.578  3427  3427 E MM_OSAL : SwVdec_Init - Initializing H.265 Decoder
01-21 17:09:38.578  3427  3427 E MM_OSAL : CSwVdecComponent::SetFormatPlane - Error Unsupported color format
01-21 17:09:38.578  3427  3427 E MM_OSAL : HEVCD_SetResolution: nCurrSeqMaxDecPicBuffering 0
01-21 17:09:38.578  3427  3427 E MM_OSAL : HEVCD_SetResolution: Setting the Max Buf count to 9
01-21 17:09:38.578  3427  3427 E MM_OSAL : Color Format: 3
01-21 17:09:38.578  3427  3427 E MM_OSAL : Color Format Requested: 3 Has: 3
01-21 17:09:38.578  3427  3427 E MM_OSAL : FRAME ATTRIBUTE:: Width: 320
01-21 17:09:38.578  3427  3427 E MM_OSAL : FRAME ATTRIBUTE:: Height: 240
01-21 17:09:38.578  3427  3427 E MM_OSAL : FRAME ATTRIBUTE:: Luma Stride: 384
01-21 17:09:38.579  3427  3427 E MM_OSAL : FRAME ATTRIBUTE:: Chroma Offset: 98304
01-21 17:09:38.579  3427  3427 E MM_OSAL : FRAME ATTRIBUTE:: Chroma Stride: 384
01-21 17:09:38.580  3427  3427 E OMX-VDEC-1080P: NOTE: enable_extradata: actual[0] requested[20000] enable[1], is_internal: 1 swvdec mode 2
01-21 17:09:38.581  3427  3427 E MM_OSAL : HEVCD_GetOutputBufParam pDecCtx->sCurrentCfg.nPicBufCount = 10
01-21 17:09:38.583  3427  3427 E OMXNodeInstance: getParameter(1f:qcom.decoder.hevchybrid, ??(0x7f000044)) ERROR: UnsupportedSetting(0x80001019)
01-21 17:09:38.583  3427  3427 E OMX-VDEC-1080P: Extension: OMX.google.android.index.storeANWBufferInMetadata not implemented
01-21 17:09:38.583  3427  3427 E OMXNodeInstance: setParameter(1f:qcom.decoder.hevchybrid, OMX.google.android.index.storeMetaDataInBuffers(0x7f00001c): Output:1 en=1 type=1) ERROR: UnsupportedSetting(0x80001019)
01-21 17:09:38.583  3427  3427 E OMXNodeInstance: setParameter(1f:qcom.decoder.hevchybrid, OMX.google.android.index.prepareForAdaptivePlayback(0x7f00002e): Output:1 en=1 max=1280x720) ERROR: UnsupportedSetting(0x80001019)
01-21 17:09:38.583  3427  3427 E MM_OSAL : HEVCD Release done
01-21 17:09:38.583  3427  3427 E MM_OSAL : =================================
01-21 17:09:38.583  3427  3427 E MM_OSAL : Codec Destroy Done!!! Good Bye...
01-21 17:09:38.583  3427  3427 E MM_OSAL : =================================
01-21 17:09:38.583  3427  3427 E MM_OSAL : HEVCD Destroy done
01-21 17:09:38.583  3427  3427 E MM_OSAL : ============================================================
01-21 17:09:38.583  3427  3427 E MM_OSAL : Number of Helper Threads Used = 3
01-21 17:09:38.583  3427  3427 E MM_OSAL : Number of Helper Job Size     = 1
01-21 17:09:38.583  3427  3427 E MM_OSAL : Number of Helper Priority     = 1
01-21 17:09:38.583  3427  3427 E MM_OSAL : ============================================================
01-21 17:09:38.584  3427  3427 E MM_OSAL : Batch Server Release done
01-21 17:09:38.584  3427  3427 E MM_OSAL : CSwVdecComponent::Destroying Thread
01-21 17:09:38.584  3427  5239 E MM_OSAL : Exit the worker thread
01-21 17:09:38.584  3427  3427 E MM_OSAL : CSwVdecComponent::Destroying Thread
01-21 17:09:38.584  3427  5240 E MM_OSAL : Exit the Event Dispatcher thread
01-21 17:09:38.588  3427  3427 E         : Destroy C2D instance
01-21 17:09:38.588  3427  3427 E         : Destroy C2D instance
01-21 17:09:38.591  3427  3427 W OMXNodeInstance: [20:google.mpeg4.decoder] component does not support metadata mode; using fallback
01-21 17:09:38.594  3427  3427 W OMXNodeInstance: [21:google.mpeg4.decoder] component does not support metadata mode; using fallback
01-21 17:09:38.595  3427  3427 W MediaCodecList: ignoring Limit specified outside of a Type
01-21 17:09:38.595  3427  3427 W MediaCodecList: ignoring Limit specified outside of a Type
01-21 17:09:38.595  3427  3427 W MediaCodecList: ignoring Limit specified outside of a Type
01-21 17:09:38.595  3427  3427 W MediaCodecList: ignoring Limit specified outside of a Type
01-21 17:09:38.595  3427  3427 W MediaCodecList: ignoring Limit specified outside of a Type
01-21 17:09:38.595  3427  3427 W MediaCodecList: ignoring Feature specified outside of a Type
01-21 17:09:38.597  3427  3427 W OMXNodeInstance: [22:google.h263.decoder] component does not support metadata mode; using fallback
01-21 17:09:38.599  3427  3427 W OMXNodeInstance: [23:google.h264.decoder] component does not support metadata mode; using fallback
01-21 17:09:38.605  3427  3427 W OMXNodeInstance: [24:google.hevc.decoder] component does not support metadata mode; using fallback
01-21 17:09:38.609  3427  3427 W OMXNodeInstance: [25:google.vp8.decoder] component does not support metadata mode; using fallback
01-21 17:09:38.612  3427  3427 W OMXNodeInstance: [26:google.vp9.decoder] component does not support metadata mode; using fallback
01-21 17:09:38.614  3427  3427 I SoftMPEG4Encoder: Construct SoftMPEG4Encoder
01-21 17:09:38.615  3427  3427 W ACodec  : do not know color format 0x7f000789 = 2130708361
01-21 17:09:38.617  3427  3427 W ACodec  : do not know color format 0x7f000789 = 2130708361
01-21 17:09:38.619  3427  3427 I SoftMPEG4Encoder: Construct SoftMPEG4Encoder
01-21 17:09:38.619  3427  3427 W ACodec  : do not know color format 0x7f000789 = 2130708361
01-21 17:09:38.622  3427  3427 W ACodec  : do not know color format 0x7f000789 = 2130708361
01-21 17:09:38.628  3427  3427 W MediaCodecList: unable to open media codecs configuration xml file: /data/misc/media/media_codecs_profiling_results.xml
01-21 17:09:38.629  3790  5154 I OMXClient: Using client-side OMX mux.
01-21 17:09:38.632  3790  5154 E OMXMaster: A component of name 'OMX.qcom.audio.decoder.aac' already exists, ignoring this one.
01-21 17:09:38.633  4781  5269 D ScriptingCore.cpp: getaddrinfo error : No address associated with hostname
01-21 17:09:38.633  4781  5269 D cocos2d-x debug info: debug server : error creating/binding socket
01-21 17:09:38.635   455  1043 I RKUPL_r2audio: --------------r2mem_vbv_vad_end
01-21 17:09:38.636   455  1043 I RKUPL_r2audio: --------------dirty(94)
01-21 17:09:38.840  4781  5114 D cocos2d-x debug info: create rendererRecreatedListener for GLProgramState
01-21 17:09:39.139   455  1043 I RKUPL_r2audio: --------------r2mem_vbv_vad_begin shield 4257.065430
01-21 17:09:39.168  3790  3819 W WindowManager: Keyguard drawn timeout. Setting mKeyguardDrawComplete
01-21 17:09:39.267   455  1043 I RKUPL_r2audio: ----------4582.596191
01-21 17:09:39.445  3790  3840 W WindowManager: Window freeze timeout expired.
01-21 17:09:39.446  3790  3840 W WindowManager: Force clearing orientation change: Window{5d5738 u0 KeyguardScrim}
01-21 17:09:39.952  4781  5114 D cocos2d-x debug info: create rendererRecreatedListener for GLProgramState
01-21 17:09:39.953  4781  5114 D cocos2d-x debug info: create rendererRecreatedListener for GLProgramState
01-21 17:09:39.958  4781  5114 D cocos2d-x debug info: create rendererRecreatedListener for GLProgramState
01-21 17:09:40.169  3790  3840 W WindowManager: Timeout waiting for drawn: undrawn=[Window{5d5738 u0 KeyguardScrim}]
01-21 17:09:40.309   455  1043 I RKUPL_r2audio: --------------r2mem_vbv_vad_end
01-21 17:09:40.309   455  1043 I RKUPL_r2audio: --------------dirty(90)
01-21 17:09:40.632   455  1043 I RKUPL_r2audio: --------------r2mem_vbv_vad_begin shield 4315.809570
01-21 17:09:42.114  5116  5142 E QcrilMsgTunnelSocket: IOException - java.io.IOException: No such file or directory Reason: No such file or directory
01-21 17:09:42.114  5116  5142 I QcrilMsgTunnelSocket: Couldn't find 'qmux_radio/rild_oem0' socket; retrying after timeout
01-21 17:09:42.403   455  1043 I RKUPL_r2audio: --------------r2mem_vbv_vad_end
01-21 17:09:42.403   455  1043 I RKUPL_r2audio: --------------dirty(90)
01-21 17:09:42.693   455  1043 I RKUPL_r2audio: --------------r2mem_vbv_vad_begin shield 4488.060059
01-21 17:09:42.793   655   812 E LocSvc_api_v02: I/---> locClientSendReq line 2020 QMI_LOC_SET_PREMIUM_SERVICES_CONFIG_REQ_V02
01-21 17:09:42.795   655   812 E LocSvc_IzatApiV02: E/virtual int izat_core::IzatApiV02::sendGtpEnhancedCellConfigBlocking(lbs_core::e_premium_mode):2011]: Error : st = 11, ind.status = 1
01-21 17:09:42.795   655   812 E XTCC-5.1.0.8: [TdpIzatAdapter] sendGtpEnhancedCellConfigBlocking fail
01-21 17:09:42.795   655   812 E XTCC-5.1.0.8: [TdpIzatAdapter] sendGtpEnhancedCellConfigBlocking unknown rc = 1
01-21 17:09:43.775   457   457 I NODE    : bootstrap: start to install node core.
01-21 17:09:43.775   457   457 I NODE    : bootstrap: trying https://s.rokidcdn.com/homebase/node-pkg/rokid-core/latest
01-21 17:09:43.779   457   457 E NODE    : bootstrap: network error when installing. retry in 10000ms
01-21 17:09:45.420   455  1043 I RKUPL_r2audio: --------------r2mem_vbv_vad_end
01-21 17:09:45.420   455  1043 I RKUPL_r2audio: --------------dirty(90)
01-21 17:09:46.114  5116  5142 E QcrilMsgTunnelSocket: IOException - java.io.IOException: No such file or directory Reason: No such file or directory
01-21 17:09:46.114  5116  5142 I QcrilMsgTunnelSocket: Couldn't find 'qmux_radio/rild_oem0' socket; retrying after timeout
01-21 17:09:46.456   455  1043 I RKUPL_r2audio: ----------2874.712646
01-21 17:09:46.606   455  1043 I RKUPL_r2audio: --------------r2mem_vbv_vad_begin shield 4263.708984
01-21 17:09:47.145  3790  3816 E RemotePrintSpooler: Error removing obsolete print jobs .
01-21 17:09:47.145  3790  3816 E RemotePrintSpooler: java.util.concurrent.TimeoutException: Cannot get spooler!
01-21 17:09:47.145  3790  3816 E RemotePrintSpooler: 	at com.android.server.print.RemotePrintSpooler.bindLocked(RemotePrintSpooler.java:378)
01-21 17:09:47.145  3790  3816 E RemotePrintSpooler: 	at com.android.server.print.RemotePrintSpooler.getRemoteInstanceLazy(RemotePrintSpooler.java:354)
01-21 17:09:47.145  3790  3816 E RemotePrintSpooler: 	at com.android.server.print.RemotePrintSpooler.removeObsoletePrintJobs(RemotePrintSpooler.java:289)
01-21 17:09:47.145  3790  3816 E RemotePrintSpooler: 	at com.android.server.print.UserState.removeObsoletePrintJobs(UserState.java:165)
01-21 17:09:47.145  3790  3816 E RemotePrintSpooler: 	at com.android.server.print.PrintManagerService$PrintManagerImpl$3.run(PrintManagerService.java:644)
01-21 17:09:47.145  3790  3816 E RemotePrintSpooler: 	at android.os.Handler.handleCallback(Handler.java:739)
01-21 17:09:47.145  3790  3816 E RemotePrintSpooler: 	at android.os.Handler.dispatchMessage(Handler.java:95)
01-21 17:09:47.145  3790  3816 E RemotePrintSpooler: 	at android.os.Looper.loop(Looper.java:148)
01-21 17:09:47.145  3790  3816 E RemotePrintSpooler: 	at android.os.HandlerThread.run(HandlerThread.java:61)
01-21 17:09:47.151  3790  3816 D GpsLocationProvider: received SIM related action: 
01-21 17:09:47.154  3790  3816 D GpsLocationProvider: SIM MCC/MNC is still not available
01-21 17:09:48.187   455  1043 I RKUPL_r2audio: --------------r2mem_vbv_vad_end
01-21 17:09:48.187   455  1043 I RKUPL_r2audio: --------------dirty(5)
01-21 17:09:50.115  5116  5142 E QcrilMsgTunnelSocket: IOException - java.io.IOException: No such file or directory Reason: No such file or directory
01-21 17:09:50.115  5116  5142 I QcrilMsgTunnelSocket: Couldn't find 'qmux_radio/rild_oem0' socket; retrying after timeout
01-21 17:09:50.864   455  1043 I RKUPL_r2audio: --------------r2mem_vbv_vad_begin shield 6450.563477
01-21 17:09:51.395   455  1043 I RKUPL_r2audio: ----------4512.639160
01-21 17:09:53.784   457   457 I NODE    : bootstrap: start to install node core.
01-21 17:09:53.785   457   457 I NODE    : bootstrap: trying https://s.rokidcdn.com/homebase/node-pkg/rokid-core/latest
02-11 10:17:03.240  1132  1132 I node-android: type=1400 audit(0.0:58): avc: denied { write } for name="dnsproxyd" dev="tmpfs" ino=22670 scontext=u:r:init:s0 tcontext=u:object_r:dnsproxyd_socket:s0 tclass=sock_file permissive=1
01-21 17:09:53.816   457   457 E NODE    : bootstrap: network error when installing. retry in 10000ms
01-21 17:09:53.954   455  1043 I RKUPL_r2audio: --------------r2mem_vbv_vad_end
01-21 17:09:53.954   455  1043 I RKUPL_r2audio: --------------dirty(5)
01-21 17:09:54.116  5116  5142 E QcrilMsgTunnelSocket: IOException - java.io.IOException: No such file or directory Reason: No such file or directory
01-21 17:09:54.116  5116  5142 I QcrilMsgTunnelSocket: Couldn't find 'qmux_radio/rild_oem0' socket; retrying after timeout
01-21 17:09:54.812   455  1043 I RKUPL_r2audio: --------------r2mem_vbv_vad_begin shield 6571.605957
01-21 17:09:54.937   455  1043 I RKUPL_r2audio: ----------4413.654297
01-21 17:09:57.463  3790  3817 W ActivityManager: Timeout executing service: ServiceRecord{5e3cfa6 u0 com.rokid.volume/.RKVolumnManager}
01-21 17:09:57.467  3790  3817 I Process : Sending signal. PID: 4935 SIG: 3
01-21 17:09:57.467  4935  5002 I art     : Thread[2,tid=5002,WaitingInMainSignalCatcherLoop,Thread*=0xaf3cb000,peer=0x12c5e0a0,"Signal Catcher"]: reacting to signal 3
01-21 17:09:57.552  3790  3817 I Process : Sending signal. PID: 3790 SIG: 3
01-21 17:09:57.552  3790  3794 I art     : Thread[2,tid=3794,WaitingInMainSignalCatcherLoop,Thread*=0xaf3cb000,peer=0x12c010a0,"Signal Catcher"]: reacting to signal 3
01-21 17:09:57.554  4935  5002 I art     : Wrote stack traces to '/data/anr/traces.txt'
01-21 17:09:57.752  3790  3817 I Process : Sending signal. PID: 4806 SIG: 3
01-21 17:09:57.752  4806  4834 I art     : Thread[2,tid=4834,WaitingInMainSignalCatcherLoop,Thread*=0xaf3cb000,peer=0x12c540a0,"Signal Catcher"]: reacting to signal 3
01-21 17:09:57.952  3790  3817 I Process : Sending signal. PID: 4793 SIG: 3
01-21 17:09:57.953  4793  4809 I art     : Thread[2,tid=4809,WaitingInMainSignalCatcherLoop,Thread*=0xaf3cb000,peer=0x12c4c0a0,"Signal Catcher"]: reacting to signal 3
01-21 17:09:57.979  4806  4834 I art     : Wrote stack traces to '/data/anr/traces.txt'
01-21 17:09:57.979  3790  3817 I Process : Sending signal. PID: 4788 SIG: 3
01-21 17:09:57.979  4788  4824 I art     : Thread[2,tid=4824,WaitingInMainSignalCatcherLoop,Thread*=0xaf3cb000,peer=0x12c4a0a0,"Signal Catcher"]: reacting to signal 3
01-21 17:09:58.068  4793  4809 I art     : Wrote stack traces to '/data/anr/traces.txt'
01-21 17:09:58.068  3790  3817 I Process : Sending signal. PID: 4781 SIG: 3
01-21 17:09:58.069  4781  4845 I art     : Thread[2,tid=4845,WaitingInMainSignalCatcherLoop,Thread*=0xaf3cb000,peer=0x12c460a0,"Signal Catcher"]: reacting to signal 3
01-21 17:09:58.111  3790  3817 I Process : Sending signal. PID: 4753 SIG: 3
01-21 17:09:58.111  4788  4824 I art     : Wrote stack traces to '/data/anr/traces.txt'
01-21 17:09:58.111  4753  4796 I art     : Thread[2,tid=4796,WaitingInMainSignalCatcherLoop,Thread*=0xaf3cb000,peer=0x12c450a0,"Signal Catcher"]: reacting to signal 3
01-21 17:09:58.116  5116  5142 E QcrilMsgTunnelSocket: IOException - java.io.IOException: No such file or directory Reason: No such file or directory
01-21 17:09:58.116  5116  5142 I QcrilMsgTunnelSocket: Couldn't find 'qmux_radio/rild_oem0' socket; retrying after timeout
01-21 17:09:58.214  4781  4845 I art     : Wrote stack traces to '/data/anr/traces.txt'
01-21 17:09:58.233  4753  4796 I art     : Wrote stack traces to '/data/anr/traces.txt'
01-21 17:09:58.927  3790  3794 I art     : Wrote stack traces to '/data/anr/traces.txt'
01-21 17:09:59.390   455  1043 I RKUPL_r2audio: --------------r2mem_vbv_vad_end
01-21 17:09:59.390   455  1043 I RKUPL_r2audio: --------------dirty(5)
01-21 17:09:59.916   455  1043 I RKUPL_r2audio: --------------r2mem_vbv_vad_begin shield 6712.201660
01-21 17:10:00.272  3790  3817 W ProcessCpuTracker: Skipping unknown process pid 5379
01-21 17:10:00.272  3790  3817 W ProcessCpuTracker: Skipping unknown process pid 5380
01-21 17:10:00.272  3790  3817 W ProcessCpuTracker: Skipping unknown process pid 5389
01-21 17:10:00.272  3790  3817 W ProcessCpuTracker: Skipping unknown process pid 5391
01-21 17:10:00.273  3790  3817 W ProcessCpuTracker: Skipping unknown process pid 5395
01-21 17:10:00.273  3790  3817 W ProcessCpuTracker: Skipping unknown process pid 5396
01-21 17:10:00.821  3790  3817 I Process : Sending signal. PID: 4820 SIG: 3
01-21 17:10:00.821  4820  4846 I art     : Thread[2,tid=4846,WaitingInMainSignalCatcherLoop,Thread*=0xaf3cb000,peer=0x12c560a0,"Signal Catcher"]: reacting to signal 3
01-21 17:10:00.935  4820  4846 I art     : Wrote stack traces to '/data/anr/traces.txt'
01-21 17:10:00.951  3790  3817 E ActivityManager: ANR in com.rokid.volume
01-21 17:10:00.951  3790  3817 E ActivityManager: PID: 4935
01-21 17:10:00.951  3790  3817 E ActivityManager: Reason: executing service com.rokid.volume/.RKVolumnManager
01-21 17:10:00.951  3790  3817 E ActivityManager: Load: 10.85 / 5.06 / 1.95
01-21 17:10:00.951  3790  3817 E ActivityManager: CPU usage from 1640ms to -3472ms ago:
01-21 17:10:00.951  3790  3817 E ActivityManager:   50% 455/siren: 49% user + 1.3% kernel / faults: 600 minor
01-21 17:10:00.951  3790  3817 E ActivityManager:   28% 3790/system_server: 10% user + 18% kernel / faults: 3883 minor
01-21 17:10:00.951  3790  3817 E ActivityManager:   1.8% 421/debuggerd: 0.2% user + 1.5% kernel / faults: 7805 minor
01-21 17:10:00.951  3790  3817 E ActivityManager:   10% 332/surfaceflinger: 4.6% user + 6.2% kernel
01-21 17:10:00.951  3790  3817 E ActivityManager:   9.4% 4781/com.rokid.systemui: 5.8% user + 3.5% kernel / faults: 1102 minor
01-21 17:10:00.951  3790  3817 E ActivityManager:   1.6% 4806/com.android.phone: 0.8% user + 0.8% kernel / faults: 1371 minor
01-21 17:10:00.951  3790  3817 E ActivityManager:   3.7% 4820/com.rokid.launcher: 2.5% user + 1.1% kernel / faults: 998 minor
01-21 17:10:00.951  3790  3817 E ActivityManager:   2.5% 837/mdss_fb0: 0% user + 2.5% kernel
01-21 17:10:00.951  3790  3817 E ActivityManager:   0.9% 4753/com.quicinc.cne.CNEService: 0.3% user + 0.5% kernel / faults: 1014 minor
01-21 17:10:00.951  3790  3817 E ActivityManager:   0.8% 4793/com.qualcomm.qti.tetherservice: 0% user + 0.7% kernel / faults: 932 minor
01-21 17:10:00.951  3790  3817 E ActivityManager:   0.5% 4788/com.qualcomm.qti.rcsbootstraputil: 0% user + 0.4% kernel / faults: 900 minor
01-21 17:10:00.951  3790  3817 E ActivityManager:   0.4% 4935/com.rokid.volume: 0.4% user + 0% kernel / faults: 894 minor
01-21 17:10:00.951  3790  3817 E ActivityManager:   0.7% 35/kworker/u:1: 0% user + 0.7% kernel
01-21 17:10:00.951  3790  3817 E ActivityManager:   0.5% 3/ksoftirqd/0: 0% user + 0.5% kernel
01-21 17:10:00.951  3790  3817 E ActivityManager:   0.5% 2866/irq/33-cpubw_hw: 0% user + 0.5% kernel
01-21 17:10:00.951  3790  3817 E ActivityManager:   0.3% 5/kworker/0:0H: 0% user + 0.3% kernel
01-21 17:10:00.951  3790  3817 E ActivityManager:   0.3% 7/kworker/u:0H: 0% user + 0.3% kernel
01-21 17:10:00.951  3790  3817 E ActivityManager:   0.3% 192/kworker/0:3: 0% user + 0.3% kernel
01-21 17:10:00.951  3790  3817 E ActivityManager:   0.3% 217/ueventd: 0% user + 0.3% kernel
01-21 17:10:00.951  3790  3817 E ActivityManager:   0.3% 246/kworker/u:7: 0% user + 0.3% kernel
01-21 17:10:00.951  3790  3817 E ActivityManager:   0.3% 2970/mpdecision: 0% user + 0.3% kernel
01-21 17:10:00.951  3790  3817 E ActivityManager:   0.3% 4765/kworker/3:0H: 0% user + 0.3% kernel
01-21 17:10:00.951  3790  3817 E ActivityManager:   0.3% 4766/ksoftirqd/3: 0% user + 0.3% kernel
01-21 17:10:00.951  3790  3817 E ActivityManager:   0.1% 169/cfinteractive: 0% user + 0.1% kernel
01-21 17:10:00.951  3790  3817 E ActivityManager:   0% 190/mmcqd/0: 0% user + 0% kernel
01-21 17:10:00.951  3790  3817 E ActivityManager:   0.1% 198/kworker/u:3: 0% user + 0.1% kernel
01-21 17:10:00.951  3790  3817 E ActivityManager:   0.1% 208/boost_sync/0: 0% user + 0.1% kernel
01-21 17:10:00.951  3790  3817 E ActivityManager:   0.1% 211/boost_sync/3: 0% user + 0.1% kernel
01-21 17:10:00.951  3790  3817 E ActivityManager:   0.1% 230/kworker/u:4: 0% user + 0.1% kernel
01-21 17:10:00.951  3790  3817 E ActivityManager:   0.1% 240/logd: 0.1% user + 0% kernel / faults: 1 minor
01-21 17:10:00.951  3790  3817 E ActivityManager:   0.1% 327/healthd: 0% user + 0.1% kernel
01-21 17:10:00.951  3790  3817 E ActivityManager:   0.1% 485/adbd: 0% user + 0.1% kernel / faults: 4 minor
01-21 17:10:00.951  3790  3817 E ActivityManager: 51% TOTAL: 32% user + 19% kernel + 0.1% iowait
01-21 17:10:00.951  3790  3817 E ActivityManager: CPU usage from 2810ms to 3334ms later:
01-21 17:10:00.951  3790  3817 E ActivityManager:   59% 455/siren: 59% user + 0% kernel / faults: 48 minor
01-21 17:10:00.951  3790  3817 E ActivityManager:     34% 1043/siren: 34% user + 0% kernel
01-21 17:10:00.951  3790  3817 E ActivityManager:     11% 1042/siren: 11% user + 0% kernel
01-21 17:10:00.951  3790  3817 E ActivityManager:     5.7% 1899/Binder_1: 5.7% user + 0% kernel
01-21 17:10:00.951  3790  3817 E ActivityManager:     5.7% 1900/Binder_1: 5.7% user + 0% kernel
01-21 17:10:00.951  3790  3817 E ActivityManager:   13% 332/surfaceflinger: 5.7% user + 7.6% kernel
01-21 17:10:00.951  3790  3817 E ActivityManager:     7.6% 332/surfaceflinger: 3.8% user + 3.8% kernel
01-21 17:10:00.951  3790  3817 E ActivityManager:     1.9% 1927/Binder_4: 1.9% user + 0% kernel
01-21 17:10:00.951  3790  3817 E ActivityManager:   7.6% 4781/com.rokid.systemui: 5.7% user + 1.9% kernel
01-21 17:10:00.951  3790  3817 E ActivityManager:     5.7% 5114/GLThread 49: 3.8% user + 1.9% kernel
01-21 17:10:00.951  3790  3817 E ActivityManager:     1.9% 5278/GLThread 49: 0% user + 1.9% kernel
01-21 17:10:00.951  3790  3817 E ActivityManager:   3% 837/mdss_fb0: 0% user + 3% kernel
01-21 17:10:00.951  3790  3817 E ActivityManager:   3.8% 3790/system_server: 1.9% user + 1.9% kernel
01-21 17:10:00.951  3790  3817 E ActivityManager:     3.8% 3817/ActivityManager: 1.9% user + 1.9% kernel
01-21 17:10:00.951  3790  3817 E ActivityManager:   1.3% 3/ksoftirqd/0: 0% user + 1.3% kernel
01-21 17:10:00.951  3790  3817 E ActivityManager:   1.3% 5/kworker/0:0H: 0% user + 1.3% kernel
01-21 17:10:00.951  3790  3817 E ActivityManager:   1.3% 35/kworker/u:1: 0% user + 1.3% kernel
01-21 17:10:00.951  3790  3817 E ActivityManager:   1.4% 192/kworker/0:3: 0% user + 1.4% kernel
01-21 17:10:00.951  3790  3817 E ActivityManager:   1.5% 2866/irq/33-cpubw_hw: 0% user + 1.5% kernel
01-21 17:10:00.951  3790  3817 E ActivityManager:   1.6% 4820/com.rokid.launcher: 1.6% user + 0% kernel
01-21 17:10:00.951  3790  3817 E ActivityManager:     1.6% 4820/.rokid.launcher: 1.6% user + 0% kernel
01-21 17:10:00.951  3790  3817 E ActivityManager: 44% TOTAL: 39% user + 5.1% kernel
01-21 17:10:00.952  3790  3817 I ActivityManager: Killing 4935:com.rokid.volume/u0a29 (adj 0): bg anr
01-21 17:10:01.005  3790  4812 W ActivityManager: Scheduling restart of crashed service com.rokid.volume/.RKVolumnManager in 1000ms
01-21 17:10:01.123   455  1043 I RKUPL_r2audio: --------------r2mem_vbv_vad_end
01-21 17:10:01.123   455  1043 I RKUPL_r2audio: --------------dirty(90)
01-21 17:10:02.005  3790  3817 E ActivityManager: ROKID: start service: com.rokid.volume uid: 10029 is isolated: false
01-21 17:10:02.020  3790  3817 I ActivityManager: Start proc 5414:com.rokid.volume/u0a29 for service com.rokid.volume/.RKVolumnManager
01-21 17:10:02.069  5414  5414 W System  : ClassLoader referenced unknown path: /system/priv-app/RKVolumnManager/lib/arm
01-21 17:10:02.073  5414  5414 E RKVolumeExts: set default voluem begin
01-21 17:10:02.117  5116  5142 E QcrilMsgTunnelSocket: IOException - java.io.IOException: No such file or directory Reason: No such file or directory
01-21 17:10:02.117  5116  5142 I QcrilMsgTunnelSocket: Couldn't find 'qmux_radio/rild_oem0' socket; retrying after timeout
01-21 17:10:03.829   457   457 I NODE    : bootstrap: start to install node core.
01-21 17:10:03.829   457   457 I NODE    : bootstrap: trying https://s.rokidcdn.com/homebase/node-pkg/rokid-core/latest
01-21 17:10:03.855   457   457 E NODE    : bootstrap: network error when installing. retry in 10000ms
01-21 17:10:03.881   455  1043 I RKUPL_r2audio: --------------r2mem_vbv_vad_begin shield 4702.700195
01-21 17:10:03.972   455  1043 I RKUPL_r2audio: ----------3434.350098
01-21 17:10:05.420   455  1043 I RKUPL_r2audio: --------------r2mem_vbv_vad_end
01-21 17:10:05.420   455  1043 I RKUPL_r2audio: --------------dirty(330)
01-21 17:10:06.052   455  1043 I RKUPL_r2audio: --------------r2mem_vbv_vad_begin shield 4670.657715
01-21 17:10:06.117  5116  5142 E QcrilMsgTunnelSocket: IOException - java.io.IOException: No such file or directory Reason: No such file or directory
01-21 17:10:06.117  5116  5142 I QcrilMsgTunnelSocket: Couldn't find 'qmux_radio/rild_oem0' socket; retrying after timeout
01-21 17:10:07.151  3790  3817 W ActivityManager: Timeout executing service: ServiceRecord{da34bad u0 com.qualcomm.location/.izatserviceprovider.service.UnifiedLocationService}
01-21 17:10:07.155  3790  3817 I Process : Sending signal. PID: 3790 SIG: 3
01-21 17:10:07.155  3790  3794 I art     : Thread[2,tid=3794,WaitingInMainSignalCatcherLoop,Thread*=0xaf3cb000,peer=0x12c010a0,"Signal Catcher"]: reacting to signal 3
----------------------------------- SOURCE END -------------------------------------
!STACK 0
java.lang.IllegalArgumentException
	at org.eclipse.jdt.core.dom.ASTNode.setSourceRange(ASTNode.java:2648)
	at org.eclipse.jdt.core.dom.ASTConverter.convert(ASTConverter.java:434)
	at org.eclipse.jdt.core.dom.ASTConverter.buildBodyDeclarations(ASTConverter.java:183)
	at org.eclipse.jdt.core.dom.ASTConverter.convert(ASTConverter.java:2656)
	at org.eclipse.jdt.core.dom.ASTConverter.buildBodyDeclarations(ASTConverter.java:188)
	at org.eclipse.jdt.core.dom.ASTConverter.convert(ASTConverter.java:2656)
	at org.eclipse.jdt.core.dom.ASTConverter.buildBodyDeclarations(ASTConverter.java:188)
	at org.eclipse.jdt.core.dom.ASTConverter.convert(ASTConverter.java:2656)
	at org.eclipse.jdt.core.dom.ASTConverter.buildBodyDeclarations(ASTConverter.java:188)
	at org.eclipse.jdt.core.dom.ASTConverter.convert(ASTConverter.java:2656)
	at org.eclipse.jdt.core.dom.ASTConverter.convert(ASTConverter.java:1219)
	at org.eclipse.jdt.core.dom.CompilationUnitResolver.convert(CompilationUnitResolver.java:291)
	at org.eclipse.jdt.core.dom.ASTParser.internalCreateAST(ASTParser.java:1207)
	at org.eclipse.jdt.core.dom.ASTParser.createAST(ASTParser.java:807)
	at org.eclipse.jdt.internal.ui.javaeditor.ASTProvider$1.run(ASTProvider.java:544)
	at org.eclipse.core.runtime.SafeRunner.run(SafeRunner.java:42)
	at org.eclipse.jdt.internal.ui.javaeditor.ASTProvider.createAST(ASTProvider.java:537)
	at org.eclipse.jdt.internal.ui.javaeditor.ASTProvider.getAST(ASTProvider.java:480)
	at org.eclipse.jdt.ui.SharedASTProvider.getAST(SharedASTProvider.java:128)
	at org.eclipse.jdt.ui.OverrideIndicatorLabelDecorator.getOverrideIndicators(OverrideIndicatorLabelDecorator.java:161)
	at org.eclipse.jdt.ui.OverrideIndicatorLabelDecorator.computeAdornmentFlags(OverrideIndicatorLabelDecorator.java:136)
	at org.eclipse.jdt.ui.OverrideIndicatorLabelDecorator.decorate(OverrideIndicatorLabelDecorator.java:273)
	at org.eclipse.ui.internal.decorators.LightweightDecoratorDefinition.decorate(LightweightDecoratorDefinition.java:269)
	at org.eclipse.ui.internal.decorators.LightweightDecoratorManager$LightweightRunnable.run(LightweightDecoratorManager.java:81)
	at org.eclipse.core.runtime.SafeRunner.run(SafeRunner.java:42)
	at org.eclipse.ui.internal.decorators.LightweightDecoratorManager.decorate(LightweightDecoratorManager.java:365)
	at org.eclipse.ui.internal.decorators.LightweightDecoratorManager.getDecorations(LightweightDecoratorManager.java:347)
	at org.eclipse.ui.internal.decorators.DecorationScheduler$1.ensureResultCached(DecorationScheduler.java:371)
	at org.eclipse.ui.internal.decorators.DecorationScheduler$1.run(DecorationScheduler.java:331)
	at org.eclipse.core.internal.jobs.Worker.run(Worker.java:53)

!ENTRY org.eclipse.jdt.ui 4 2 2017-02-07 15:45:43.671
!MESSAGE Problems occurred when invoking code from plug-in: "org.eclipse.jdt.ui".
!STACK 0
java.lang.IllegalArgumentException
	at org.eclipse.jdt.core.dom.ASTNode.setSourceRange(ASTNode.java:2648)
	at org.eclipse.jdt.core.dom.ASTConverter.convert(ASTConverter.java:434)
	at org.eclipse.jdt.core.dom.ASTConverter.buildBodyDeclarations(ASTConverter.java:183)
	at org.eclipse.jdt.core.dom.ASTConverter.convert(ASTConverter.java:2656)
	at org.eclipse.jdt.core.dom.ASTConverter.buildBodyDeclarations(ASTConverter.java:188)
	at org.eclipse.jdt.core.dom.ASTConverter.convert(ASTConverter.java:2656)
	at org.eclipse.jdt.core.dom.ASTConverter.buildBodyDeclarations(ASTConverter.java:188)
	at org.eclipse.jdt.core.dom.ASTConverter.convert(ASTConverter.java:2656)
	at org.eclipse.jdt.core.dom.ASTConverter.buildBodyDeclarations(ASTConverter.java:188)
	at org.eclipse.jdt.core.dom.ASTConverter.convert(ASTConverter.java:2656)
	at org.eclipse.jdt.core.dom.ASTConverter.convert(ASTConverter.java:1219)
	at org.eclipse.jdt.core.dom.CompilationUnitResolver.convert(CompilationUnitResolver.java:291)
	at org.eclipse.jdt.core.dom.ASTParser.internalCreateAST(ASTParser.java:1207)
	at org.eclipse.jdt.core.dom.ASTParser.createAST(ASTParser.java:807)
	at org.eclipse.jdt.internal.ui.javaeditor.ASTProvider$1.run(ASTProvider.java:544)
	at org.eclipse.core.runtime.SafeRunner.run(SafeRunner.java:42)
	at org.eclipse.jdt.internal.ui.javaeditor.ASTProvider.createAST(ASTProvider.java:537)
	at org.eclipse.jdt.internal.ui.javaeditor.ASTProvider.getAST(ASTProvider.java:480)
	at org.eclipse.jdt.ui.SharedASTProvider.getAST(SharedASTProvider.java:128)
	at org.eclipse.jdt.ui.OverrideIndicatorLabelDecorator.getOverrideIndicators(OverrideIndicatorLabelDecorator.java:161)
	at org.eclipse.jdt.ui.OverrideIndicatorLabelDecorator.computeAdornmentFlags(OverrideIndicatorLabelDecorator.java:136)
	at org.eclipse.jdt.ui.OverrideIndicatorLabelDecorator.decorate(OverrideIndicatorLabelDecorator.java:273)
	at org.eclipse.ui.internal.decorators.LightweightDecoratorDefinition.decorate(LightweightDecoratorDefinition.java:269)
	at org.eclipse.ui.internal.decorators.LightweightDecoratorManager$LightweightRunnable.run(LightweightDecoratorManager.java:81)
	at org.eclipse.core.runtime.SafeRunner.run(SafeRunner.java:42)
	at org.eclipse.ui.internal.decorators.LightweightDecoratorManager.decorate(LightweightDecoratorManager.java:365)
	at org.eclipse.ui.internal.decorators.LightweightDecoratorManager.getDecorations(LightweightDecoratorManager.java:347)
	at org.eclipse.ui.internal.decorators.DecorationScheduler$1.ensureResultCached(DecorationScheduler.java:371)
	at org.eclipse.ui.internal.decorators.DecorationScheduler$1.run(DecorationScheduler.java:331)
	at org.eclipse.core.internal.jobs.Worker.run(Worker.java:53)

!ENTRY org.eclipse.jdt.ui 4 0 2017-02-07 15:45:43.672
!MESSAGE Error in JDT Core during AST creation
!STACK 0
java.lang.IllegalArgumentException
	at org.eclipse.jdt.core.dom.ASTNode.setSourceRange(ASTNode.java:2648)
	at org.eclipse.jdt.core.dom.ASTConverter.convert(ASTConverter.java:434)
	at org.eclipse.jdt.core.dom.ASTConverter.buildBodyDeclarations(ASTConverter.java:183)
	at org.eclipse.jdt.core.dom.ASTConverter.convert(ASTConverter.java:2656)
	at org.eclipse.jdt.core.dom.ASTConverter.buildBodyDeclarations(ASTConverter.java:188)
	at org.eclipse.jdt.core.dom.ASTConverter.convert(ASTConverter.java:2656)
	at org.eclipse.jdt.core.dom.ASTConverter.buildBodyDeclarations(ASTConverter.java:188)
	at org.eclipse.jdt.core.dom.ASTConverter.convert(ASTConverter.java:2656)
	at org.eclipse.jdt.core.dom.ASTConverter.buildBodyDeclarations(ASTConverter.java:188)
	at org.eclipse.jdt.core.dom.ASTConverter.convert(ASTConverter.java:2656)
	at org.eclipse.jdt.core.dom.ASTConverter.convert(ASTConverter.java:1219)
	at org.eclipse.jdt.core.dom.CompilationUnitResolver.convert(CompilationUnitResolver.java:291)
	at org.eclipse.jdt.core.dom.ASTParser.internalCreateAST(ASTParser.java:1207)
	at org.eclipse.jdt.core.dom.ASTParser.createAST(ASTParser.java:807)
	at org.eclipse.jdt.internal.ui.javaeditor.ASTProvider$1.run(ASTProvider.java:544)
	at org.eclipse.core.runtime.SafeRunner.run(SafeRunner.java:42)
	at org.eclipse.jdt.internal.ui.javaeditor.ASTProvider.createAST(ASTProvider.java:537)
	at org.eclipse.jdt.internal.ui.javaeditor.ASTProvider.getAST(ASTProvider.java:480)
	at org.eclipse.jdt.ui.SharedASTProvider.getAST(SharedASTProvider.java:128)
	at org.eclipse.jdt.ui.OverrideIndicatorLabelDecorator.getOverrideIndicators(OverrideIndicatorLabelDecorator.java:161)
	at org.eclipse.jdt.ui.OverrideIndicatorLabelDecorator.computeAdornmentFlags(OverrideIndicatorLabelDecorator.java:136)
	at org.eclipse.jdt.ui.OverrideIndicatorLabelDecorator.decorate(OverrideIndicatorLabelDecorator.java:273)
	at org.eclipse.ui.internal.decorators.LightweightDecoratorDefinition.decorate(LightweightDecoratorDefinition.java:269)
	at org.eclipse.ui.internal.decorators.LightweightDecoratorManager$LightweightRunnable.run(LightweightDecoratorManager.java:81)
	at org.eclipse.core.runtime.SafeRunner.run(SafeRunner.java:42)
	at org.eclipse.ui.internal.decorators.LightweightDecoratorManager.decorate(LightweightDecoratorManager.java:365)
	at org.eclipse.ui.internal.decorators.LightweightDecoratorManager.getDecorations(LightweightDecoratorManager.java:347)
	at org.eclipse.ui.internal.decorators.DecorationScheduler$1.ensureResultCached(DecorationScheduler.java:371)
	at org.eclipse.ui.internal.decorators.DecorationScheduler$1.run(DecorationScheduler.java:331)
	at org.eclipse.core.internal.jobs.Worker.run(Worker.java:53)

!ENTRY org.eclipse.jdt.core 4 4 2017-02-07 15:45:49.271
!MESSAGE Exception occurred during compilation unit conversion:
----------------------------------- SOURCE BEGIN -------------------------------------
"/system/lib/libmedia_jni.so"
01-21 17:09:24.759  3432  3432 V MediaProfilesJNI: native_init
01-21 17:09:24.761  3432  3432 V MediaProfilesJNI: native_init
01-21 17:09:24.761  3432  3432 V MediaProfilesJNI: native_init
01-21 17:09:24.762  3432  3432 V MediaProfilesJNI: native_init
01-21 17:09:24.762  3432  3432 V ImageReader_JNI: ImageReader_classInit:
01-21 17:09:24.763  3432  3432 V ImageWriter_JNI: ImageWriter_classInit:
01-21 17:09:24.768  3432  3432 V MediaScannerJNI: native_init
01-21 17:09:24.790  3432  3432 E EmojiFactory_jni: Failed to load libemoji.so: dlopen failed: library "libemoji.so" not found
01-21 17:09:24.836  3432  3432 W System  : ClassLoader referenced unknown path: /system/framework/tcmclient.jar
01-21 17:09:24.948  3432  3432 I System  : Loaded time zone names for "" in 53ms (50ms in ICU)
01-21 17:09:24.978  3427  3427 I ServiceManager: Waiting for service media.camera.proxy...
01-21 17:09:24.985  3432  3432 I System  : Loaded time zone names for "en_US" in 37ms (34ms in ICU)
01-21 17:09:25.023  3432  3432 I System  : Loaded time zone names for "zh_CN" in 38ms (35ms in ICU)
01-21 17:09:25.037  3432  3432 I Zygote  : ...preloaded 3831 classes in 591ms.
01-21 17:09:25.037  3432  3432 I art     : VMRuntime.preloadDexCaches starting
01-21 17:09:25.122  3432  3432 I art     : VMRuntime.preloadDexCaches strings total=257355 before=45833 after=45833
01-21 17:09:25.122  3432  3432 I art     : VMRuntime.preloadDexCaches types total=21977 before=7308 after=7341
01-21 17:09:25.122  3432  3432 I art     : VMRuntime.preloadDexCaches fields total=103371 before=36079 after=36304
01-21 17:09:25.122  3432  3432 I art     : VMRuntime.preloadDexCaches methods total=185318 before=71821 after=72367
01-21 17:09:25.122  3432  3432 I art     : VMRuntime.preloadDexCaches finished
01-21 17:09:25.150  3684  3684 D idmap   : error: no read access to /vendor/overlay: No such file or directory
01-21 17:09:25.157  3432  3432 I Zygote  : Preloading resources...
01-21 17:09:25.159  3432  3432 W Resources: Preloaded drawable resource #0x1080096 (android:drawable/toast_frame) that varies with configuration!!
01-21 17:09:25.160  3432  3432 W Resources: Preloaded drawable resource #0x108010c (android:drawable/btn_check_on_pressed_holo_light) that varies with configuration!!
01-21 17:09:25.160  3432  3432 W Resources: Preloaded drawable resource #0x108010b (android:drawable/btn_check_on_pressed_holo_dark) that varies with configuration!!
01-21 17:09:25.161  3432  3432 W Resources: Preloaded drawable resource #0x1080109 (android:drawable/btn_check_on_holo_light) that varies with configuration!!
01-21 17:09:25.162  3432  3432 W Resources: Preloaded drawable resource #0x1080108 (android:drawable/btn_check_on_holo_dark) that varies with configuration!!
01-21 17:09:25.162  3432  3432 W Resources: Preloaded drawable resource #0x1080106 (android:drawable/btn_check_on_focused_holo_light) that varies with configuration!!
01-21 17:09:25.163  3432  3432 W Resources: Preloaded drawable resource #0x1080105 (android:drawable/btn_check_on_focused_holo_dark) that varies with configuration!!
01-21 17:09:25.163  3432  3432 W Resources: Preloaded drawable resource #0x1080104 (android:drawable/btn_check_on_disabled_holo_light) that varies with configuration!!
01-21 17:09:25.164  3432  3432 W Resources: Preloaded drawable resource #0x1080103 (android:drawable/btn_check_on_disabled_holo_dark) that varies with configuration!!
01-21 17:09:25.165  3432  3432 W Resources: Preloaded drawable resource #0x1080102 (android:drawable/btn_check_on_disabled_focused_holo_light) that varies with configuration!!
01-21 17:09:25.165  3432  3432 W Resources: Preloaded drawable resource #0x1080101 (android:drawable/btn_check_on_disabled_focused_holo_dark) that varies with configuration!!
01-21 17:09:25.166  3432  3432 W Resources: Preloaded drawable resource #0x10800f9 (android:drawable/btn_check_off_pressed_holo_light) that varies with configuration!!
01-21 17:09:25.166  3432  3432 W Resources: Preloaded drawable resource #0x10800f8 (android:drawable/btn_check_off_pressed_holo_dark) that varies with configuration!!
01-21 17:09:25.167  3432  3432 W Resources: Preloaded drawable resource #0x10800f4 (android:drawable/btn_check_off_holo_light) that varies with configuration!!
01-21 17:09:25.167  3432  3432 W Resources: Preloaded drawable resource #0x10800f3 (android:drawable/btn_check_off_holo_dark) that varies with configuration!!
01-21 17:09:25.168  3432  3432 W Resources: Preloaded drawable resource #0x10800f1 (android:drawable/btn_check_off_focused_holo_light) that varies with configuration!!
01-21 17:09:25.168  3432  3432 W Resources: Preloaded drawable resource #0x10800f0 (android:drawable/btn_check_off_focused_holo_dark) that varies with configuration!!
01-21 17:09:25.169  3432  3432 W Resources: Preloaded drawable resource #0x10800ef (android:drawable/btn_check_off_disabled_holo_light) that varies with configuration!!
01-21 17:09:25.169  3432  3432 W Resources: Preloaded drawable resource #0x10800ee (android:drawable/btn_check_off_disabled_holo_dark) that varies with configuration!!
01-21 17:09:25.170  3432  3432 W Resources: Preloaded drawable resource #0x10800ed (android:drawable/btn_check_off_disabled_focused_holo_light) that varies with configuration!!
01-21 17:09:25.170  3432  3432 W Resources: Preloaded drawable resource #0x10800ec (android:drawable/btn_check_off_disabled_focused_holo_dark) that varies with configuration!!
01-21 17:09:25.171  3432  3432 W Resources: Preloaded drawable resource #0x1080109 (android:drawable/btn_check_on_holo_light) that varies with configuration!!
01-21 17:09:25.172  3432  3432 W Resources: Preloaded drawable resource #0x10800f4 (android:drawable/btn_check_off_holo_light) that varies with configuration!!
01-21 17:09:25.172  3432  3432 W Resources: Preloaded drawable resource #0x108010c (android:drawable/btn_check_on_pressed_holo_light) that varies with configuration!!
